<td class="d-block comment-body markdown-body  js-comment-body">

          <p>I want to run the <strong>drivenow app</strong> (com.dn.drivenow) version 4.2.0. on LineageOS (surnia) 20170608 with <strong>microG 0.2.4-92</strong> installed.<br>
The location is correctly provided by mozilla location provider and works fine also in other maps.</p>
<p>Sadly it crashes every time after a few seconds with the following log:</p>
<pre><code>06-11 13:03:08.934  9090  9090 D SafeParcel: Unknown field num 15 in com.google.android.gms.maps.model.MarkerOptions, skipping.
06-11 13:03:08.936  9090  9090 D GmsMapMarkerImpl: New marker m0 with title null @ lat/lng: (52.xxxxxxx,13.xxxxxxx)
06-11 13:03:08.948  9090  9090 D SafeParcel: Unknown field num 13 in com.google.android.gms.maps.model.GroundOverlayOptions, skipping.
06-11 13:03:08.948  9090  9090 D GmsMapImpl: not yet usable: addGroundOverlay
06-11 13:03:09.076  9090  9130 E GAv4    : Successfully bound to service but never got onServiceConnected callback
06-11 13:03:09.224  3734  4981 W GnssLocationProvider: Invalid size of GpsSvStatus found: 0.
06-11 13:03:09.297  3734  4692 W ActivityManager: Unable to start service Intent { act=com.google.android.gms.measurement.START pkg=com.google.android.gms } U=0: not found
06-11 13:03:09.298  3734  5509 W ActivityManager: Unbind failed: could not find connection for android.os.BinderProxy@f33533b
06-11 13:03:09.298  9090  9108 E GmsClient: unable to connect to service: com.google.android.gms.measurement.START on com.google.android.gms
06-11 13:03:09.312  9090  9090 W FA      : Service connection failed: ConnectionResult{statusCode=API_UNAVAILABLE, resolution=null, message=null}
06-11 13:03:10.227  3734  4981 W GnssLocationProvider: Invalid size of GpsSvStatus found: 0.
06-11 13:03:10.271  9090  9090 D SafeParcel: Unknown field num 15 in com.google.android.gms.maps.model.MarkerOptions, skipping.
06-11 13:03:10.272  9090  9090 D GmsMapMarkerImpl: New marker m1 with title title_city_marker @ lat/lng: (52.xxxxxxxxxxx,13.xxxxxxxxxxx)
06-11 13:03:10.283  9090  9090 D SafeParcel: Unknown field num 15 in com.google.android.gms.maps.model.MarkerOptions, skipping.
06-11 13:03:10.293  9090  9090 D GmsMapMarkerImpl: New marker m2 with title title_city_marker @ lat/lng: (53.xxxxxxx,9.xxxxxx)
06-11 13:03:10.303  9090  9101 I art     : Background sticky concurrent mark sweep GC freed 29823(2MB) AllocSpace objects, 1(20KB) LOS objects, 4% free, 11MB/12MB, paused 10.124ms total 45.429ms
06-11 13:03:10.304  9090  9090 D SafeParcel: Unknown field num 15 in com.google.android.gms.maps.model.MarkerOptions, skipping.
06-11 13:03:10.304  9090  9090 D GmsMapMarkerImpl: New marker m3 with title title_city_marker @ lat/lng: (55.xxxxxxxxxxx,12.xxxxxxxxxxx3)
06-11 13:03:10.311  9090  9090 D SafeParcel: Unknown field num 15 in com.google.android.gms.maps.model.MarkerOptions, skipping.
06-11 13:03:10.312  9090  9090 D GmsMapMarkerImpl: New marker m4 with title title_city_marker @ lat/lng: (50.xxxxxxxxxxx,6.xxxxxxxxxxx38)
06-11 13:03:10.319  9090  9090 D SafeParcel: Unknown field num 15 in com.google.android.gms.maps.model.MarkerOptions, skipping.
06-11 13:03:10.320  9090  9090 D GmsMapMarkerImpl: New marker m5 with title title_city_marker @ lat/lng: (51.xxxxxxxxxxx2,6.xxxxxxxxxxx676)
06-11 13:03:10.323  3734  4692 W ActivityManager: Unable to start service Intent { act=com.google.android.gms.measurement.START pkg=com.google.android.gms } U=0: not found
06-11 13:03:10.324  3734  5509 W ActivityManager: Unbind failed: could not find connection for android.os.BinderProxy@6d89a58
06-11 13:03:10.324  9090  9108 E GmsClient: unable to connect to service: com.google.android.gms.measurement.START on com.google.android.gms
06-11 13:03:10.327  9090  9090 D SafeParcel: Unknown field num 15 in com.google.android.gms.maps.model.MarkerOptions, skipping.
06-11 13:03:10.328  9090  9090 D GmsMapMarkerImpl: New marker m6 with title title_city_marker @ lat/lng: (48.xxxxxxxxxxx1,11.xxxxxxxxxxx4219)
06-11 13:03:10.342  9090  9090 D SafeParcel: Unknown field num 15 in com.google.android.gms.maps.model.MarkerOptions, skipping.
06-11 13:03:10.342  9090  9090 D GmsMapMarkerImpl: New marker m7 with title title_city_marker @ lat/lng: (48.xxxxxxxxxxx1,16.xxxxxxxxxxx46)
06-11 13:03:10.350  9090  9090 D SafeParcel: Unknown field num 15 in com.google.android.gms.maps.model.MarkerOptions, skipping.
06-11 13:03:10.350  9090  9090 D GmsMapMarkerImpl: New marker m8 with title title_city_marker @ lat/lng: (50.xxxxxxxxxxx4,4.xxxxxxxxxxx32)
06-11 13:03:10.359  9090  9090 D SafeParcel: Unknown field num 15 in com.google.android.gms.maps.model.MarkerOptions, skipping.
06-11 13:03:10.360  9090  9090 D GmsMapMarkerImpl: New marker m9 with title title_city_marker @ lat/lng: (59.xxxxxxxxxxx92,18.xxxxxxxxxxx8)
06-11 13:03:10.367  9090  9090 D SafeParcel: Unknown field num 15 in com.google.android.gms.maps.model.MarkerOptions, skipping.
06-11 13:03:10.367  9090  9090 D GmsMapMarkerImpl: New marker m10 with title title_city_marker @ lat/lng: (45.xxxxxxxxxxx75,9.xxxxxxxxxxx98)
06-11 13:03:10.368  9090  9131 D EventBus: No subscribers registered for event class com.dn.drivenow.event.CarTypesForCityUpdatedEvent
06-11 13:03:10.368  9090  9131 D EventBus: No subscribers registered for event class org.greenrobot.eventbus.g
06-11 13:03:10.369  9090  9164 I Approov : CA3_3052
06-11 13:03:10.379  9090  9164 I Approov : CA3_2012
06-11 13:03:10.379  9090  9164 D SxDnApiClient: https://api2.drive-now.com/%2Fgeodata%2F6099%2F6099_mobile.kml
06-11 13:03:10.382  9090  9090 D SafeParcel: Unknown field num 15 in com.google.android.gms.maps.model.MarkerOptions, skipping.
06-11 13:03:10.382  9090  9090 D GmsMapMarkerImpl: New marker m11 with title title_city_marker @ lat/lng: (51.xxxxxxxxxxx3,-0.09218800067901611)
06-11 13:03:10.382  9090  9101 I art     : Background sticky concurrent mark sweep GC freed 11021(517KB) AllocSpace objects, 10(260KB) LOS objects, 0% free, 12MB/12MB, paused 5.980ms total 55.521ms

06-11 13:03:10.402  9090  9090 D SafeParcel: Unknown field num 15 in com.google.android.gms.maps.model.MarkerOptions, skipping.
06-11 13:03:10.402  9090  9090 D GmsMapMarkerImpl: New marker m12 with title title_city_marker @ lat/lng: (60.xxxxxxxxxxx84,24.xxxxxxxxxxx)
06-11 13:03:10.410  9090  9090 W FA      : Service connection failed: ConnectionResult{statusCode=API_UNAVAILABLE, resolution=null, message=null}
06-11 13:03:10.411  9090  9090 D GmsMapCamUpdateFactory: newLatLngZoom
06-11 13:03:10.417  9090  9090 D SafeParcel: Unknown field num 15 in com.google.android.gms.maps.model.MarkerOptions, skipping.
06-11 13:03:10.418  9090  9090 D GmsMapMarkerImpl: New marker m13 with title null @ lat/lng: (52.xxxxxxxxxxx5,13.xxxxxxxxxxx59)
06-11 13:03:10.421  3734  4692 W ActivityManager: Unable to start service Intent { act=com.google.android.gms.measurement.START pkg=com.google.android.gms } U=0: not found
06-11 13:03:10.422  3734  5509 W ActivityManager: Unbind failed: could not find connection for android.os.BinderProxy@150b7b1
06-11 13:03:10.422  9090  9108 E GmsClient: unable to connect to service: com.google.android.gms.measurement.START on com.google.android.gms
06-11 13:03:10.427  9090  9090 E EventBus: Could not dispatch event: class com.dn.drivenow.event.MapItemsChunkAddEvent to subscribing class class com.dn.drivenow.plugin.map.c
06-11 13:03:10.427  9090  9090 E EventBus: java.lang.NullPointerException: Attempt to invoke interface method 'android.os.IBinder com.google.android.gms.dynamic.IObjectWrapper.asBinder()' on a null object reference
06-11 13:03:10.427  9090  9090 E EventBus: 	at com.google.android.gms.dynamic.zzd.zzF(Unknown Source)
06-11 13:03:10.427  9090  9090 E EventBus: 	at com.google.android.gms.maps.model.Marker.getTag(Unknown Source)
06-11 13:03:10.427  9090  9090 E EventBus: 	at com.dn.drivenow.plugin.map.h.g(SourceFile:132)
06-11 13:03:10.427  9090  9090 E EventBus: 	at com.dn.drivenow.plugin.map.c.a(SourceFile:178)
06-11 13:03:10.427  9090  9090 E EventBus: 	at com.dn.drivenow.plugin.map.c.onEvent(SourceFile:155)
06-11 13:03:10.427  9090  9090 E EventBus: 	at java.lang.reflect.Method.invoke(Native Method)
06-11 13:03:10.427  9090  9090 E EventBus: 	at org.greenrobot.eventbus.c.a(SourceFile:485)
06-11 13:03:10.427  9090  9090 E EventBus: 	at org.greenrobot.eventbus.c.a(SourceFile:479)
06-11 13:03:10.427  9090  9090 E EventBus: 	at org.greenrobot.eventbus.f.handleMessage(SourceFile:67)
06-11 13:03:10.427  9090  9090 E EventBus: 	at android.os.Handler.dispatchMessage(Handler.java:102)
06-11 13:03:10.427  9090  9090 E EventBus: 	at android.os.Looper.loop(Looper.java:154)
06-11 13:03:10.427  9090  9090 E EventBus: 	at android.app.ActivityThread.main(ActivityThread.java:6186)
06-11 13:03:10.427  9090  9090 E EventBus: 	at java.lang.reflect.Method.invoke(Native Method)
06-11 13:03:10.427  9090  9090 E EventBus: 	at com.android.internal.os.ZygoteInit$MethodAndArgsCaller.run(ZygoteInit.java:889)
06-11 13:03:10.427  9090  9090 E EventBus: 	at com.android.internal.os.ZygoteInit.main(ZygoteInit.java:779)
06-11 13:03:10.428  9090  9090 D EventBus: No subscribers registered for event class org.greenrobot.eventbus.k
06-11 13:03:10.433  9090  9090 D SafeParcel: Unknown field num 15 in com.google.android.gms.maps.model.MarkerOptions, skipping.
06-11 13:03:10.434  9090  9090 D GmsMapMarkerImpl: New marker m14 with title null @ lat/lng: (52.xxxxxxxxxxx5,13.xxxxxxxxxxx3)
06-11 13:03:10.435  9090  9090 D AndroidRuntime: Shutting down VM
06-11 13:03:10.505  9090  9101 I art     : Background partial concurrent mark sweep GC freed 40928(2MB) AllocSpace objects, 11(1760KB) LOS objects, 39% free, 9MB/15MB, paused 7.094ms total 122.160ms
06-11 13:03:10.609  9090  9090 E AndroidRuntime: FATAL EXCEPTION: main
06-11 13:03:10.609  9090  9090 E AndroidRuntime: Process: com.dn.drivenow, PID: 9090
06-11 13:03:10.609  9090  9090 E AndroidRuntime: java.lang.NullPointerException: Attempt to invoke interface method 'android.os.IBinder com.google.android.gms.dynamic.IObjectWrapper.asBinder()' on a null object reference
06-11 13:03:10.609  9090  9090 E AndroidRuntime: 	at com.google.android.gms.dynamic.zzd.zzF(Unknown Source)
06-11 13:03:10.609  9090  9090 E AndroidRuntime: 	at com.google.android.gms.maps.model.Marker.getTag(Unknown Source)
06-11 13:03:10.609  9090  9090 E AndroidRuntime: 	at com.dn.drivenow.plugin.map.h.g(SourceFile:132)
06-11 13:03:10.609  9090  9090 E AndroidRuntime: 	at com.dn.drivenow.plugin.map.c.a(SourceFile:178)
06-11 13:03:10.609  9090  9090 E AndroidRuntime: 	at com.dn.drivenow.plugin.map.c.a(SourceFile:44)
06-11 13:03:10.609  9090  9090 E AndroidRuntime: 	at com.dn.drivenow.plugin.map.c$1.run(SourceFile:92)
06-11 13:03:10.609  9090  9090 E AndroidRuntime: 	at android.os.Handler.handleCallback(Handler.java:751)
06-11 13:03:10.609  9090  9090 E AndroidRuntime: 	at android.os.Handler.dispatchMessage(Handler.java:95)
06-11 13:03:10.609  9090  9090 E AndroidRuntime: 	at android.os.Looper.loop(Looper.java:154)
06-11 13:03:10.609  9090  9090 E AndroidRuntime: 	at android.app.ActivityThread.main(ActivityThread.java:6186)
06-11 13:03:10.609  9090  9090 E AndroidRuntime: 	at java.lang.reflect.Method.invoke(Native Method)
06-11 13:03:10.609  9090  9090 E AndroidRuntime: 	at com.android.internal.os.ZygoteInit$MethodAndArgsCaller.run(ZygoteInit.java:889)
06-11 13:03:10.609  9090  9090 E AndroidRuntime: 	at com.android.internal.os.ZygoteInit.main(ZygoteInit.java:779)
06-11 13:03:10.612  3734  9022 W ActivityManager:   Force finishing activity com.dn.drivenow/.MainActivity
</code></pre>
<p>Is that a problem that could be resolved in the gmscore package? I remember running an older version (year ago) of drivenow with gmscore on cyanogenmod.</p>
      </td>