I/ActivityManager(  373): START u0 {act=android.intent.action.MAIN flg=0x10000000 cmp=com.newsblur/.activity.InitActivity} from pid 7598
D/dalvikvm( 7598): GC_FOR_ALLOC freed 330K, 23% free 3422K/4392K, paused 51ms, total 53ms
I/dalvikvm-heap( 7598): Grow heap (frag case) to 5.593MB for 2073616-byte allocation
D/dalvikvm( 7598): GC_FOR_ALLOC freed <1K, 16% free 5446K/6420K, paused 45ms, total 45ms
D/dalvikvm( 7598): GC_CONCURRENT freed <1K, 16% free 5446K/6420K, paused 4ms+26ms, total 71ms
I/com.newsblur.activity.InitActivity( 7598): cold launching version 6.1.0
D/dalvikvm(  373): GC_CONCURRENT freed 126K, 38% free 8323K/13424K, paused 11ms+9ms, total 126ms
D/        ( 7598): HostConnection::get() New Host Connection established 0xb87749e0, tid 7598
I/com.newsblur.util.PrefsUtils( 7598): detected new version of app:6.1.0
I/com.newsblur.database.BlurDatabaseHelper( 7598): dropping and recreating all tables . . .
D/OpenGLRenderer( 7598): Enabling debug mode 0
I/ActivityManager(  373): Displayed com.newsblur/.activity.InitActivity: +1s413ms
E/dalvikvm( 7598): Could not find class 'android.support.v4.app.FragmentActivity', referenced from method com.robotium.solo.Waiter.getSupportFragment
W/dalvikvm( 7598): VFY: unable to resolve check-cast 41 (Landroid/support/v4/app/FragmentActivity;) in Lcom/robotium/solo/Waiter;
D/dalvikvm( 7598): VFY: replacing opcode 0x1f at 0x0009
I/dalvikvm( 7598): Could not find method android.support.v4.app.FragmentActivity.getSupportFragmentManager, referenced from method com.robotium.solo.Waiter.getSupportFragment
W/dalvikvm( 7598): VFY: unable to resolve virtual method 65: Landroid/support/v4/app/FragmentActivity;.getSupportFragmentManager ()Landroid/support/v4/app/FragmentManager;
D/dalvikvm( 7598): VFY: replacing opcode 0x6e at 0x0010
I/dalvikvm( 7598): Could not find method android.support.v4.app.FragmentActivity.getSupportFragmentManager, referenced from method com.robotium.solo.Waiter.getSupportFragment
W/dalvikvm( 7598): VFY: unable to resolve virtual method 65: Landroid/support/v4/app/FragmentActivity;.getSupportFragmentManager ()Landroid/support/v4/app/FragmentManager;
D/dalvikvm( 7598): VFY: replacing opcode 0x6e at 0x0019
W/dalvikvm( 7598): VFY: unable to find class referenced in signature (Landroid/support/v4/app/Fragment;)
W/dalvikvm( 7598): VFY: unable to find class referenced in signature (Landroid/support/v4/app/Fragment;)
I/com.newsblur.database.BlurDatabaseHelper( 7598): . . . tables recreated.
I/ActivityManager(  373): START u0 {cmp=com.newsblur/.activity.Login} from pid 7598
D/dalvikvm( 7598): GC_FOR_ALLOC freed 84K, 14% free 5522K/6420K, paused 31ms, total 32ms
I/dalvikvm-heap( 7598): Grow heap (frag case) to 6.285MB for 647836-byte allocation
D/dalvikvm( 7598): GC_FOR_ALLOC freed <1K, 13% free 6154K/7056K, paused 29ms, total 33ms
D/dalvikvm( 7598): GC_FOR_ALLOC freed 27K, 12% free 6597K/7440K, paused 21ms, total 22ms
D/dalvikvm( 7598): GC_FOR_ALLOC freed 7K, 11% free 6862K/7696K, paused 27ms, total 27ms
I/dalvikvm-heap( 7598): Grow heap (frag case) to 9.395MB for 2536936-byte allocation
D/dalvikvm( 7598): GC_FOR_ALLOC freed <1K, 9% free 9340K/10176K, paused 37ms, total 37ms
D/dalvikvm( 7598): GC_CONCURRENT freed <1K, 9% free 9340K/10176K, paused 3ms+1ms, total 46ms
I/ActivityManager(  373): Displayed com.newsblur/.activity.Login: +2s22ms
E/SoundPool(  373): error loading /system/media/audio/ui/Effect_Tick.ogg
W/AudioService(  373): Soundpool could not load file: /system/media/audio/ui/Effect_Tick.ogg
E/SoundPool(  373): error loading /system/media/audio/ui/Effect_Tick.ogg
W/AudioService(  373): Soundpool could not load file: /system/media/audio/ui/Effect_Tick.ogg
E/SoundPool(  373): error loading /system/media/audio/ui/Effect_Tick.ogg
W/AudioService(  373): Soundpool could not load file: /system/media/audio/ui/Effect_Tick.ogg
E/SoundPool(  373): error loading /system/media/audio/ui/Effect_Tick.ogg
W/AudioService(  373): Soundpool could not load file: /system/media/audio/ui/Effect_Tick.ogg
E/SoundPool(  373): error loading /system/media/audio/ui/Effect_Tick.ogg
W/AudioService(  373): Soundpool could not load file: /system/media/audio/ui/Effect_Tick.ogg
E/SoundPool(  373): error loading /system/media/audio/ui/KeypressStandard.ogg
W/AudioService(  373): Soundpool could not load file: /system/media/audio/ui/KeypressStandard.ogg
E/SoundPool(  373): error loading /system/media/audio/ui/KeypressSpacebar.ogg
W/AudioService(  373): Soundpool could not load file: /system/media/audio/ui/KeypressSpacebar.ogg
E/SoundPool(  373): error loading /system/media/audio/ui/KeypressDelete.ogg
W/AudioService(  373): Soundpool could not load file: /system/media/audio/ui/KeypressDelete.ogg
E/SoundPool(  373): error loading /system/media/audio/ui/KeypressReturn.ogg
W/AudioService(  373): Soundpool could not load file: /system/media/audio/ui/KeypressReturn.ogg
E/SoundPool(  373): error loading /system/media/audio/ui/KeypressInvalid.ogg
W/AudioService(  373): Soundpool could not load file: /system/media/audio/ui/KeypressInvalid.ogg
W/AudioService(  373): onLoadSoundEffects(), Error -1 while loading samples
I/System.out( 7598): wait
I/System.out( 7598): wait
I/System.out( 7598): wait
I/System.out( 7598): wait
E/SoundPool(  373): error loading /system/media/audio/ui/Effect_Tick.ogg
W/AudioService(  373): Soundpool could not load file: /system/media/audio/ui/Effect_Tick.ogg
E/SoundPool(  373): error loading /system/media/audio/ui/Effect_Tick.ogg
W/AudioService(  373): Soundpool could not load file: /system/media/audio/ui/Effect_Tick.ogg
E/SoundPool(  373): error loading /system/media/audio/ui/Effect_Tick.ogg
W/AudioService(  373): Soundpool could not load file: /system/media/audio/ui/Effect_Tick.ogg
E/SoundPool(  373): error loading /system/media/audio/ui/Effect_Tick.ogg
W/AudioService(  373): Soundpool could not load file: /system/media/audio/ui/Effect_Tick.ogg
E/SoundPool(  373): error loading /system/media/audio/ui/Effect_Tick.ogg
W/AudioService(  373): Soundpool could not load file: /system/media/audio/ui/Effect_Tick.ogg
E/SoundPool(  373): error loading /system/media/audio/ui/KeypressStandard.ogg
W/AudioService(  373): Soundpool could not load file: /system/media/audio/ui/KeypressStandard.ogg
E/SoundPool(  373): error loading /system/media/audio/ui/KeypressSpacebar.ogg
W/AudioService(  373): Soundpool could not load file: /system/media/audio/ui/KeypressSpacebar.ogg
E/SoundPool(  373): error loading /system/media/audio/ui/KeypressDelete.ogg
W/AudioService(  373): Soundpool could not load file: /system/media/audio/ui/KeypressDelete.ogg
E/SoundPool(  373): error loading /system/media/audio/ui/KeypressReturn.ogg
W/AudioService(  373): Soundpool could not load file: /system/media/audio/ui/KeypressReturn.ogg
E/SoundPool(  373): error loading /system/media/audio/ui/KeypressInvalid.ogg
W/AudioService(  373): Soundpool could not load file: /system/media/audio/ui/KeypressInvalid.ogg
W/AudioService(  373): onLoadSoundEffects(), Error -1 while loading samples
I/System.out( 7598): wait
I/System.out( 7598): wait
I/System.out( 7598): wait
I/System.out( 7598): wait
E/SoundPool(  373): error loading /system/media/audio/ui/Effect_Tick.ogg
W/AudioService(  373): Soundpool could not load file: /system/media/audio/ui/Effect_Tick.ogg
E/SoundPool(  373): error loading /system/media/audio/ui/Effect_Tick.ogg
W/AudioService(  373): Soundpool could not load file: /system/media/audio/ui/Effect_Tick.ogg
E/SoundPool(  373): error loading /system/media/audio/ui/Effect_Tick.ogg
W/AudioService(  373): Soundpool could not load file: /system/media/audio/ui/Effect_Tick.ogg
E/SoundPool(  373): error loading /system/media/audio/ui/Effect_Tick.ogg
W/AudioService(  373): Soundpool could not load file: /system/media/audio/ui/Effect_Tick.ogg
E/SoundPool(  373): error loading /system/media/audio/ui/Effect_Tick.ogg
W/AudioService(  373): Soundpool could not load file: /system/media/audio/ui/Effect_Tick.ogg
E/SoundPool(  373): error loading /system/media/audio/ui/KeypressStandard.ogg
W/AudioService(  373): Soundpool could not load file: /system/media/audio/ui/KeypressStandard.ogg
E/SoundPool(  373): error loading /system/media/audio/ui/KeypressSpacebar.ogg
W/AudioService(  373): Soundpool could not load file: /system/media/audio/ui/KeypressSpacebar.ogg
E/SoundPool(  373): error loading /system/media/audio/ui/KeypressDelete.ogg
W/AudioService(  373): Soundpool could not load file: /system/media/audio/ui/KeypressDelete.ogg
E/SoundPool(  373): error loading /system/media/audio/ui/KeypressReturn.ogg
W/AudioService(  373): Soundpool could not load file: /system/media/audio/ui/KeypressReturn.ogg
E/SoundPool(  373): error loading /system/media/audio/ui/KeypressInvalid.ogg
W/AudioService(  373): Soundpool could not load file: /system/media/audio/ui/KeypressInvalid.ogg
W/AudioService(  373): onLoadSoundEffects(), Error -1 while loading samples
I/System.out( 7598): wait
I/System.out( 7598): wait
I/System.out( 7598): wait
I/System.out( 7598): wait
I/com.newsblur.network.APIConstants( 7598): setting custom server: t
E/SoundPool(  373): error loading /system/media/audio/ui/Effect_Tick.ogg
W/AudioService(  373): Soundpool could not load file: /system/media/audio/ui/Effect_Tick.ogg
E/SoundPool(  373): error loading /system/media/audio/ui/Effect_Tick.ogg
W/AudioService(  373): Soundpool could not load file: /system/media/audio/ui/Effect_Tick.ogg
E/SoundPool(  373): error loading /system/media/audio/ui/Effect_Tick.ogg
W/AudioService(  373): Soundpool could not load file: /system/media/audio/ui/Effect_Tick.ogg
E/SoundPool(  373): error loading /system/media/audio/ui/Effect_Tick.ogg
W/AudioService(  373): Soundpool could not load file: /system/media/audio/ui/Effect_Tick.ogg
E/SoundPool(  373): error loading /system/media/audio/ui/Effect_Tick.ogg
W/AudioService(  373): Soundpool could not load file: /system/media/audio/ui/Effect_Tick.ogg
E/SoundPool(  373): error loading /system/media/audio/ui/KeypressStandard.ogg
W/AudioService(  373): Soundpool could not load file: /system/media/audio/ui/KeypressStandard.ogg
E/SoundPool(  373): error loading /system/media/audio/ui/KeypressSpacebar.ogg
W/AudioService(  373): Soundpool could not load file: /system/media/audio/ui/KeypressSpacebar.ogg
E/SoundPool(  373): error loading /system/media/audio/ui/KeypressDelete.ogg
W/AudioService(  373): Soundpool could not load file: /system/media/audio/ui/KeypressDelete.ogg
E/SoundPool(  373): error loading /system/media/audio/ui/KeypressReturn.ogg
W/AudioService(  373): Soundpool could not load file: /system/media/audio/ui/KeypressReturn.ogg
E/SoundPool(  373): error loading /system/media/audio/ui/KeypressInvalid.ogg
W/AudioService(  373): Soundpool could not load file: /system/media/audio/ui/KeypressInvalid.ogg
W/AudioService(  373): onLoadSoundEffects(), Error -1 while loading samples
I/ActivityManager(  373): START u0 {cmp=com.newsblur/.activity.LoginProgress (has extras)} from pid 7598
I/com.newsblur.network.APIConstants( 7598): setting custom server: t
I/System.out( 7598): wait
D/dalvikvm( 7598): GC_CONCURRENT freed 1456K, 15% free 9978K/11640K, paused 4ms+7ms, total 81ms
I/com.newsblur.network.APIManager( 7598): calling login API
W/dalvikvm( 7598): threadid=12: thread exiting with uncaught exception (group=0xb1b0aba8)
E/AndroidRuntime( 7598): FATAL EXCEPTION: AsyncTask #1
E/AndroidRuntime( 7598): Process: com.newsblur, PID: 7598
E/AndroidRuntime( 7598): java.lang.RuntimeException: An error occured while executing doInBackground()
E/AndroidRuntime( 7598): 	at android.os.AsyncTask$3.done(AsyncTask.java:300)
E/AndroidRuntime( 7598): 	at java.util.concurrent.FutureTask.finishCompletion(FutureTask.java:355)
E/AndroidRuntime( 7598): 	at java.util.concurrent.FutureTask.setException(FutureTask.java:222)
E/AndroidRuntime( 7598): 	at java.util.concurrent.FutureTask.run(FutureTask.java:242)
E/AndroidRuntime( 7598): 	at android.os.AsyncTask$SerialExecutor$1.run(AsyncTask.java:231)
E/AndroidRuntime( 7598): 	at java.util.concurrent.ThreadPoolExecutor.runWorker(ThreadPoolExecutor.java:1112)
E/AndroidRuntime( 7598): 	at java.util.concurrent.ThreadPoolExecutor$Worker.run(ThreadPoolExecutor.java:587)
E/AndroidRuntime( 7598): 	at java.lang.Thread.run(Thread.java:841)
E/AndroidRuntime( 7598): Caused by: java.lang.IllegalArgumentException: unexpected url: t/api/login
E/AndroidRuntime( 7598): 	at okhttp3.Request$Builder.url(Request.java:143)
E/AndroidRuntime( 7598): 	at com.newsblur.network.APIManager.post_single(APIManager.java:721)
E/AndroidRuntime( 7598): 	at com.newsblur.network.APIManager.post(APIManager.java:698)
E/AndroidRuntime( 7598): 	at com.newsblur.network.APIManager.post(APIManager.java:733)
E/AndroidRuntime( 7598): 	at com.newsblur.network.APIManager.login(APIManager.java:104)
E/AndroidRuntime( 7598): 	at com.newsblur.fragment.LoginProgressFragment$LoginTask.doInBackground(LoginProgressFragment.java:83)
E/AndroidRuntime( 7598): 	at com.newsblur.fragment.LoginProgressFragment$LoginTask.doInBackground(LoginProgressFragment.java:74)
E/AndroidRuntime( 7598): 	at android.os.AsyncTask$2.call(AsyncTask.java:288)
E/AndroidRuntime( 7598): 	at java.util.concurrent.FutureTask.run(FutureTask.java:237)
E/AndroidRuntime( 7598): 	... 4 more
W/ActivityManager(  373): Error in app com.newsblur running instrumentation ComponentInfo{cz.romario.opensudoku.test/android.test.InstrumentationTestRunner}:
W/ActivityManager(  373):   java.lang.IllegalArgumentException
W/ActivityManager(  373):   java.lang.IllegalArgumentException: unexpected url: t/api/login
D/AndroidRuntime( 7587): Shutting down VM
D/dalvikvm( 7587): GC_CONCURRENT freed 99K, 16% free 566K/668K, paused 3ms+15ms, total 32ms
I/System.out( 7598): wait
I/ActivityManager(  373): Force stopping com.newsblur appid=10100 user=0: finished inst
I/ActivityManager(  373): Killing 7598:com.newsblur/u0a100 (adj 0): stop com.newsblur
W/ActivityManager(  373): Force removing ActivityRecord{b1ffee80 u0 com.newsblur/.activity.LoginProgress t50}: app died, no saved state
W/InputDispatcher(  373): channel 'b209b228 com.newsblur/com.newsblur.activity.LoginProgress (server)' ~ Consumer closed input channel or an error occurred.  events=0x9
E/InputDispatcher(  373): channel 'b209b228 com.newsblur/com.newsblur.activity.LoginProgress (server)' ~ Channel is unrecoverably broken and will be disposed!
W/InputDispatcher(  373): channel 'b1fff038 com.newsblur/com.newsblur.activity.Login (server)' ~ Consumer closed input channel or an error occurred.  events=0x9
E/InputDispatcher(  373): channel 'b1fff038 com.newsblur/com.newsblur.activity.Login (server)' ~ Channel is unrecoverably broken and will be disposed!
W/ActivityManager(  373): Force removing ActivityRecord{b1ffe980 u0 com.newsblur/.activity.Login t50}: app died, no saved state
W/WindowManager(  373): Rebuild removed 3 windows but added 2
W/WindowManager(  373): java.lang.RuntimeException: here
W/WindowManager(  373): 	at com.android.server.wm.WindowManagerService.rebuildAppWindowListLocked(WindowManagerService.java:8011)
W/WindowManager(  373): 	at com.android.server.wm.WindowManagerService.rebuildAppWindowListLocked(WindowManagerService.java:7947)
W/WindowManager(  373): 	at com.android.server.wm.WindowManagerService.handleAppTransitionReadyLocked(WindowManagerService.java:8430)
W/WindowManager(  373): 	at com.android.server.wm.WindowManagerService.performLayoutAndPlaceSurfacesLockedInner(WindowManagerService.java:9193)
W/WindowManager(  373): 	at com.android.server.wm.WindowManagerService.performLayoutAndPlaceSurfacesLockedLoop(WindowManagerService.java:8163)
W/WindowManager(  373): 	at com.android.server.wm.WindowManagerService.performLayoutAndPlaceSurfacesLocked(WindowManagerService.java:8105)
W/WindowManager(  373): 	at com.android.server.wm.WindowManagerService.setTokenVisibilityLocked(WindowManagerService.java:4262)
W/WindowManager(  373): 	at com.android.server.wm.WindowManagerService.removeAppToken(WindowManagerService.java:4495)
W/WindowManager(  373): 	at com.android.server.am.ActivityStack.removeActivityFromHistoryLocked(ActivityStack.java:2702)
W/WindowManager(  373): 	at com.android.server.am.ActivityStack.removeHistoryRecordsForAppLocked(ActivityStack.java:2965)
W/WindowManager(  373): 	at com.android.server.am.ActivityStack.handleAppDiedLocked(ActivityStack.java:3516)
W/WindowManager(  373): 	at com.android.server.am.ActivityStackSupervisor.handleAppDiedLocked(ActivityStackSupervisor.java:1945)
W/WindowManager(  373): 	at com.android.server.am.ActivityManagerService.handleAppDiedLocked(ActivityManagerService.java:3616)
W/WindowManager(  373): 	at com.android.server.am.ActivityManagerService.removeProcessLocked(ActivityManagerService.java:4781)
W/WindowManager(  373): 	at com.android.server.am.ActivityManagerService.killPackageProcessesLocked(ActivityManagerService.java:4590)
W/WindowManager(  373): 	at com.android.server.am.ActivityManagerService.forceStopPackageLocked(ActivityManagerService.java:4651)
W/WindowManager(  373): 	at com.android.server.am.ActivityManagerService.finishInstrumentationLocked(ActivityManagerService.java:13937)
W/WindowManager(  373): 	at com.android.server.am.ActivityManagerService.crashApplication(ActivityManagerService.java:10074)
W/WindowManager(  373): 	at com.android.server.am.ActivityManagerService.handleApplicationCrashInner(ActivityManagerService.java:9632)
W/WindowManager(  373): 	at com.android.server.am.ActivityManagerService.handleApplicationCrash(ActivityManagerService.java:9614)
W/WindowManager(  373): 	at android.app.ActivityManagerNative.onTransact(ActivityManagerNative.java:1311)
W/WindowManager(  373): 	at com.android.server.am.ActivityManagerService.onTransact(ActivityManagerService.java:2071)
W/WindowManager(  373): 	at android.os.Binder.execTransact(Binder.java:404)
W/WindowManager(  373): 	at dalvik.system.NativeStart.run(Native Method)
W/WindowManager(  373): This window was lost: Window{b1fff038 u0 com.newsblur/com.newsblur.activity.Login}
W/WindowManager(  373): mDisplayId=0 mSession=Session{b1f17ab8 7598:u0a10100} mClient=android.os.BinderProxy@b21dc748
W/WindowManager(  373): mOwnerUid=10100 mShowToOwnerOnly=true package=com.newsblur appop=NONE
W/WindowManager(  373): mAttrs=WM.LayoutParams{(0,0)(fillxfill) sim=#110 ty=1 fl=#1810100 pfl=0x8 wanim=0x10302a1}
W/WindowManager(  373): Requested w=1080 h=1776 mLayoutSeq=2093
W/WindowManager(  373): mBaseLayer=21000 mSubLayer=0 mAnimLayer=21010+0=21010 mLastLayer=21010
W/WindowManager(  373): mToken=AppWindowToken{b273dd80 token=Token{b20f1270 ActivityRecord{b1ffe980 u0 com.newsblur/.activity.Login t50}}}
W/WindowManager(  373): mRootToken=AppWindowToken{b273dd80 token=Token{b20f1270 ActivityRecord{b1ffe980 u0 com.newsblur/.activity.Login t50}}}
W/WindowManager(  373): mAppToken=AppWindowToken{b273dd80 token=Token{b20f1270 ActivityRecord{b1ffe980 u0 com.newsblur/.activity.Login t50}}}
W/WindowManager(  373): mViewVisibility=0x0 mHaveFrame=true mObscured=false
W/WindowManager(  373): mSeq=0 mSystemUiVisibility=0x0
W/WindowManager(  373): mGivenContentInsets=[0,0][0,0] mGivenVisibleInsets=[0,0][0,0]
W/WindowManager(  373): mConfiguration={1.0 310mcc260mnc en_US ldltr sw360dp w360dp h567dp 480dpi nrml port finger qwerty/v/v -nav/h s.5}
W/WindowManager(  373): mHasSurface=true mShownFrame=[0.0,0.0][1080.0,1776.0] isReadyForDisplay()=true
W/WindowManager(  373): mFrame=[0,0][1080,1776] last=[0,0][1080,1776]
W/WindowManager(  373): mSystemDecorRect=[0,75][1080,1776] last=[0,75][1080,1776]
W/WindowManager(  373): Frames: containing=[0,0][1080,1776] parent=[0,0][1080,1776]
W/WindowManager(  373):     display=[0,0][1080,1776] overscan=[0,0][1080,1920]
W/WindowManager(  373):     content=[0,75][1080,1776] visible=[0,75][1080,1776]
W/WindowManager(  373):     decor=[0,75][1080,1776]
W/WindowManager(  373): Cur insets: overscan=[0,0][0,0] content=[0,75][0,0] visible=[0,75][0,0]
W/WindowManager(  373): Lst insets: overscan=[0,0][0,0] content=[0,75][0,0] visible=[0,75][0,0]
W/WindowManager(  373): WindowStateAnimator{b26b64f0 com.newsblur/com.newsblur.activity.Login}:
W/WindowManager(  373):   mAnimating=true mLocalAnimating=false mAnimationIsEntrance=false mAnimation=null
W/WindowManager(  373):   XForm: has=true hasLocal=false {alpha=1.0 matrix=[1.0, 0.0, 0.0][0.0, 1.0, 0.0][0.0, 0.0, 1.0]}
W/WindowManager(  373):   mSurface=Surface(name=com.newsblur/com.newsblur.activity.Login)
W/WindowManager(  373):   mDrawState=HAS_DRAWN mLastHidden=false
W/WindowManager(  373):   Surface: shown=true layer=21010 alpha=1.0 rect=(0.0,0.0) 1080.0 x 1776.0
W/WindowManager(  373):   mGlobalScale=1.0 mDsDx=1.0 mDtDx=0.0 mDsDy=0.0 mDtDy=1.0
W/WindowManager(  373): Current app token list:
V/WindowManager(  373):   Display 0
V/WindowManager(  373):   #0: Token{b2570180 ActivityRecord{b1ef4dc8 u0 com.android.launcher/com.android.launcher2.Launcher t3}}
W/WindowManager(  373): Final window list:
V/WindowManager(  373):   #0: Window{b1e575a8 u0 SearchPanel}
V/WindowManager(  373):   #1: Window{b1ec03b0 u0 NavigationBar}
V/WindowManager(  373):   #2: Window{b1ef2828 u0 StatusBar}
V/WindowManager(  373):   #3: Window{b20aa028 u0 KeyguardScrim}
V/WindowManager(  373):   #4: Window{b1f2bca8 u0 com.android.launcher/com.android.launcher2.Launcher}
V/WindowManager(  373):   #5: Window{b209b228 u0 com.newsblur/com.newsblur.activity.LoginProgress}
V/WindowManager(  373):   #6: Window{b2007230 u0 com.android.systemui.ImageWallpaper}
W/InputDispatcher(  373): Attempted to unregister already unregistered input channel 'b209b228 com.newsblur/com.newsblur.activity.LoginProgress (server)'
W/InputDispatcher(  373): Attempted to unregister already unregistered input channel 'b1fff038 com.newsblur/com.newsblur.activity.Login (server)'
I/WindowState(  373): WIN DEATH: Window{b209b228 u0 com.newsblur/com.newsblur.activity.LoginProgress}
I/WindowState(  373): WIN DEATH: Window{b1fff038 u0 com.newsblur/com.newsblur.activity.Login}
W/Binder  (  567): Caught a RuntimeException from the binder stub implementation.
W/Binder  (  567): java.lang.NullPointerException
W/Binder  (  567): 	at android.inputmethodservice.IInputMethodWrapper.setSessionEnabled(IInputMethodWrapper.java:280)
W/Binder  (  567): 	at com.android.internal.view.IInputMethod$Stub.onTransact(IInputMethod.java:129)
W/Binder  (  567): 	at android.os.Binder.execTransact(Binder.java:404)
W/Binder  (  567): 	at dalvik.system.NativeStart.run(Native Method)
W/InputMethodManagerService(  373): Got RemoteException sending setActive(false) notification to pid 7598 uid 10100
D/MobileDataStateTracker(  373): default: setPolicyDataEnable(enabled=true)
