D/dalvikvm( 7395): GC_FOR_ALLOC freed 69K, 25% free 3422K/4556K, paused 32ms, total 54ms
I/dalvikvm-heap( 7395): Grow heap (frag case) to 5.593MB for 2073616-byte allocation
D/dalvikvm( 7395): GC_FOR_ALLOC freed <1K, 18% free 5447K/6584K, paused 65ms, total 65ms
D/dalvikvm( 7395): GC_CONCURRENT freed 0K, 18% free 5447K/6584K, paused 4ms+14ms, total 50ms
I/com.newsblur.activity.InitActivity( 7395): cold launching version 6.1.0
I/com.newsblur.util.PrefsUtils( 7395): detected new version of app:6.1.0
I/com.newsblur.database.BlurDatabaseHelper( 7395): dropping and recreating all tables . . .
D/        ( 7395): HostConnection::get() New Host Connection established 0xb877b730, tid 7395
I/com.newsblur.database.BlurDatabaseHelper( 7395): . . . tables recreated.
I/ActivityManager(  373): START u0 {cmp=com.newsblur/.activity.Login} from pid 7395
D/dalvikvm(  444): GC_CONCURRENT freed 1919K, 66% free 10458K/30656K, paused 4ms+6ms, total 109ms
D/OpenGLRenderer( 7395): Enabling debug mode 0
W/InputMethodManagerService(  373): Focus gain on non-focused client com.android.internal.view.IInputMethodClient$Stub$Proxy@b1fdcfe0 (uid=10098 pid=7395)
D/dalvikvm( 7395): GC_FOR_ALLOC freed 39K, 17% free 5514K/6584K, paused 42ms, total 43ms
I/dalvikvm-heap( 7395): Grow heap (frag case) to 6.277MB for 647836-byte allocation
D/dalvikvm( 7395): GC_FOR_ALLOC freed <1K, 15% free 6146K/7220K, paused 35ms, total 36ms
D/dalvikvm( 7395): GC_FOR_ALLOC freed 26K, 12% free 6589K/7412K, paused 16ms, total 17ms
D/dalvikvm( 7395): GC_FOR_ALLOC freed 7K, 11% free 6854K/7668K, paused 16ms, total 17ms
I/dalvikvm-heap( 7395): Grow heap (frag case) to 9.387MB for 2536936-byte allocation
D/dalvikvm( 7395): GC_FOR_ALLOC freed <1K, 9% free 9332K/10148K, paused 29ms, total 29ms
D/dalvikvm( 7395): GC_CONCURRENT freed <1K, 9% free 9331K/10148K, paused 5ms+3ms, total 63ms
I/ActivityManager(  373): Displayed com.newsblur/.activity.Login: +1s597ms (total +2s940ms)
E/dalvikvm( 7395): Could not find class 'android.support.v4.app.FragmentActivity', referenced from method com.robotium.solo.Waiter.getSupportFragment
W/dalvikvm( 7395): VFY: unable to resolve check-cast 41 (Landroid/support/v4/app/FragmentActivity;) in Lcom/robotium/solo/Waiter;
D/dalvikvm( 7395): VFY: replacing opcode 0x1f at 0x0009
I/dalvikvm( 7395): Could not find method android.support.v4.app.FragmentActivity.getSupportFragmentManager, referenced from method com.robotium.solo.Waiter.getSupportFragment
W/dalvikvm( 7395): VFY: unable to resolve virtual method 65: Landroid/support/v4/app/FragmentActivity;.getSupportFragmentManager ()Landroid/support/v4/app/FragmentManager;
D/dalvikvm( 7395): VFY: replacing opcode 0x6e at 0x0010
I/dalvikvm( 7395): Could not find method android.support.v4.app.FragmentActivity.getSupportFragmentManager, referenced from method com.robotium.solo.Waiter.getSupportFragment
W/dalvikvm( 7395): VFY: unable to resolve virtual method 65: Landroid/support/v4/app/FragmentActivity;.getSupportFragmentManager ()Landroid/support/v4/app/FragmentManager;
D/dalvikvm( 7395): VFY: replacing opcode 0x6e at 0x0019
W/dalvikvm( 7395): VFY: unable to find class referenced in signature (Landroid/support/v4/app/Fragment;)
W/dalvikvm( 7395): VFY: unable to find class referenced in signature (Landroid/support/v4/app/Fragment;)
E/SoundPool(  373): error loading /system/media/audio/ui/Effect_Tick.ogg
W/AudioService(  373): Soundpool could not load file: /system/media/audio/ui/Effect_Tick.ogg
E/SoundPool(  373): error loading /system/media/audio/ui/Effect_Tick.ogg
W/AudioService(  373): Soundpool could not load file: /system/media/audio/ui/Effect_Tick.ogg
E/SoundPool(  373): error loading /system/media/audio/ui/Effect_Tick.ogg
W/AudioService(  373): Soundpool could not load file: /system/media/audio/ui/Effect_Tick.ogg
E/SoundPool(  373): error loading /system/media/audio/ui/Effect_Tick.ogg
W/AudioService(  373): Soundpool could not load file: /system/media/audio/ui/Effect_Tick.ogg
E/SoundPool(  373): error loading /system/media/audio/ui/Effect_Tick.ogg
W/AudioService(  373): Soundpool could not load file: /system/media/audio/ui/Effect_Tick.ogg
E/SoundPool(  373): error loading /system/media/audio/ui/KeypressStandard.ogg
W/AudioService(  373): Soundpool could not load file: /system/media/audio/ui/KeypressStandard.ogg
E/SoundPool(  373): error loading /system/media/audio/ui/KeypressSpacebar.ogg
W/AudioService(  373): Soundpool could not load file: /system/media/audio/ui/KeypressSpacebar.ogg
E/SoundPool(  373): error loading /system/media/audio/ui/KeypressDelete.ogg
W/AudioService(  373): Soundpool could not load file: /system/media/audio/ui/KeypressDelete.ogg
E/SoundPool(  373): error loading /system/media/audio/ui/KeypressReturn.ogg
W/AudioService(  373): Soundpool could not load file: /system/media/audio/ui/KeypressReturn.ogg
E/SoundPool(  373): error loading /system/media/audio/ui/KeypressInvalid.ogg
W/AudioService(  373): Soundpool could not load file: /system/media/audio/ui/KeypressInvalid.ogg
W/AudioService(  373): onLoadSoundEffects(), Error -1 while loading samples
I/System.out( 7395): wait
I/System.out( 7395): wait
I/System.out( 7395): wait
I/System.out( 7395): wait
E/SoundPool(  373): error loading /system/media/audio/ui/Effect_Tick.ogg
W/AudioService(  373): Soundpool could not load file: /system/media/audio/ui/Effect_Tick.ogg
E/SoundPool(  373): error loading /system/media/audio/ui/Effect_Tick.ogg
W/AudioService(  373): Soundpool could not load file: /system/media/audio/ui/Effect_Tick.ogg
E/SoundPool(  373): error loading /system/media/audio/ui/Effect_Tick.ogg
W/AudioService(  373): Soundpool could not load file: /system/media/audio/ui/Effect_Tick.ogg
E/SoundPool(  373): error loading /system/media/audio/ui/Effect_Tick.ogg
W/AudioService(  373): Soundpool could not load file: /system/media/audio/ui/Effect_Tick.ogg
E/SoundPool(  373): error loading /system/media/audio/ui/Effect_Tick.ogg
W/AudioService(  373): Soundpool could not load file: /system/media/audio/ui/Effect_Tick.ogg
E/SoundPool(  373): error loading /system/media/audio/ui/KeypressStandard.ogg
W/AudioService(  373): Soundpool could not load file: /system/media/audio/ui/KeypressStandard.ogg
E/SoundPool(  373): error loading /system/media/audio/ui/KeypressSpacebar.ogg
W/AudioService(  373): Soundpool could not load file: /system/media/audio/ui/KeypressSpacebar.ogg
E/SoundPool(  373): error loading /system/media/audio/ui/KeypressDelete.ogg
W/AudioService(  373): Soundpool could not load file: /system/media/audio/ui/KeypressDelete.ogg
E/SoundPool(  373): error loading /system/media/audio/ui/KeypressReturn.ogg
W/AudioService(  373): Soundpool could not load file: /system/media/audio/ui/KeypressReturn.ogg
E/SoundPool(  373): error loading /system/media/audio/ui/KeypressInvalid.ogg
W/AudioService(  373): Soundpool could not load file: /system/media/audio/ui/KeypressInvalid.ogg
W/AudioService(  373): onLoadSoundEffects(), Error -1 while loading samples
I/System.out( 7395): wait
I/System.out( 7395): wait
I/System.out( 7395): wait
I/System.out( 7395): wait
I/System.out( 7395): aa
D/dalvikvm( 7395): GC_EXPLICIT freed 1218K, 14% free 9500K/11004K, paused 4ms+3ms, total 38ms
D/dalvikvm( 7395): GC_EXPLICIT freed 23K, 14% free 9478K/11004K, paused 2ms+4ms, total 44ms
I/TestRunner( 7395): finished: test2(cz.romario.opensudoku.test.test)
I/TestRunner( 7395): passed: test2(cz.romario.opensudoku.test.test)
D/AndroidRuntime( 7384): Shutting down VM
D/dalvikvm( 7384): GC_CONCURRENT freed 98K, 16% free 565K/668K, paused 4ms+2ms, total 16ms
I/ActivityManager(  373): Force stopping com.newsblur appid=10098 user=0: finished inst
I/ActivityManager(  373): Killing 7395:com.newsblur/u0a98 (adj 0): stop com.newsblur
W/ActivityManager(  373): Force removing ActivityRecord{b2056c48 u0 com.newsblur/.activity.Login t48}: app died, no saved state
W/InputDispatcher(  373): channel 'b1f84b18 com.newsblur/com.newsblur.activity.Login (server)' ~ Consumer closed input channel or an error occurred.  events=0x9
E/InputDispatcher(  373): channel 'b1f84b18 com.newsblur/com.newsblur.activity.Login (server)' ~ Channel is unrecoverably broken and will be disposed!
W/InputDispatcher(  373): Attempted to unregister already unregistered input channel 'b1f84b18 com.newsblur/com.newsblur.activity.Login (server)'
I/WindowState(  373): WIN DEATH: Window{b1f84b18 u0 com.newsblur/com.newsblur.activity.Login}
W/InputMethodManagerService(  373): Got RemoteException sending setActive(false) notification to pid 7395 uid 10098
W/Binder  (  567): Caught a RuntimeException from the binder stub implementation.
W/Binder  (  567): java.lang.NullPointerException
W/Binder  (  567): 	at android.inputmethodservice.IInputMethodWrapper.setSessionEnabled(IInputMethodWrapper.java:280)
W/Binder  (  567): 	at com.android.internal.view.IInputMethod$Stub.onTransact(IInputMethod.java:129)
W/Binder  (  567): 	at android.os.Binder.execTransact(Binder.java:404)
W/Binder  (  567): 	at dalvik.system.NativeStart.run(Native Method)
D/AndroidRuntime( 7423): 
D/AndroidRuntime( 7423): >>>>>> AndroidRuntime START com.android.internal.os.RuntimeInit <<<<<<
D/AndroidRuntime( 7423): CheckJNI is ON
D/dalvikvm( 7423): Trying to load lib libjavacore.so 0x0
D/dalvikvm( 7423): Added shared lib libjavacore.so 0x0
D/dalvikvm( 7423): Trying to load lib libnativehelper.so 0x0
D/dalvikvm( 7423): Added shared lib libnativehelper.so 0x0
D/dalvikvm( 7423): No JNI_OnLoad found in libnativehelper.so 0x0, skipping init
D/dalvikvm( 7423): Note: class Landroid/app/ActivityManagerNative; has 179 unimplemented (abstract) methods
E/memtrack( 7423): Couldn't load memtrack module (No such file or directory)
E/android.os.Debug( 7423): failed to load memtrack module: -2
D/AndroidRuntime( 7423): Calling main entry com.android.commands.input.Input
I/Input   ( 7423): injectKeyEvent: KeyEvent { action=ACTION_DOWN, keyCode=KEYCODE_BACK, scanCode=0, metaState=0, flags=0x0, repeatCount=0, eventTime=2523193, downTime=2523193, deviceId=-1, source=0x101 }
I/Input   ( 7423): injectKeyEvent: KeyEvent { action=ACTION_UP, keyCode=KEYCODE_BACK, scanCode=0, metaState=0, flags=0x0, repeatCount=0, eventTime=2523193, downTime=2523193, deviceId=-1, source=0x101 }
D/AndroidRuntime( 7423): Shutting down VM
D/dalvikvm( 7423): GC_CONCURRENT freed 98K, 16% free 563K/664K, paused 3ms+7ms, total 21ms
D/AndroidRuntime( 7434): 
D/AndroidRuntime( 7434): >>>>>> AndroidRuntime START com.android.internal.os.RuntimeInit <<<<<<
D/AndroidRuntime( 7434): CheckJNI is ON
D/dalvikvm( 7434): Trying to load lib libjavacore.so 0x0
D/dalvikvm( 7434): Added shared lib libjavacore.so 0x0
D/dalvikvm( 7434): Trying to load lib libnativehelper.so 0x0
D/dalvikvm( 7434): Added shared lib libnativehelper.so 0x0
D/dalvikvm( 7434): No JNI_OnLoad found in libnativehelper.so 0x0, skipping init
D/dalvikvm( 7434): Note: class Landroid/app/ActivityManagerNative; has 179 unimplemented (abstract) methods
E/memtrack( 7434): Couldn't load memtrack module (No such file or directory)
E/android.os.Debug( 7434): failed to load memtrack module: -2
D/AndroidRuntime( 7434): Calling main entry com.android.commands.input.Input
I/Input   ( 7434): injectKeyEvent: KeyEvent { action=ACTION_DOWN, keyCode=KEYCODE_BACK, scanCode=0, metaState=0, flags=0x0, repeatCount=0, eventTime=2525813, downTime=2525813, deviceId=-1, source=0x101 }
I/Input   ( 7434): injectKeyEvent: KeyEvent { action=ACTION_UP, keyCode=KEYCODE_BACK, scanCode=0, metaState=0, flags=0x0, repeatCount=0, eventTime=2525813, downTime=2525813, deviceId=-1, source=0x101 }
D/AndroidRuntime( 7434): Shutting down VM
D/dalvikvm( 7434): GC_CONCURRENT freed 98K, 16% free 563K/664K, paused 5ms+8ms, total 30ms
D/AndroidRuntime( 7445): 
D/AndroidRuntime( 7445): >>>>>> AndroidRuntime START com.android.internal.os.RuntimeInit <<<<<<
D/AndroidRuntime( 7445): CheckJNI is ON
D/dalvikvm( 7445): Trying to load lib libjavacore.so 0x0
D/dalvikvm( 7445): Added shared lib libjavacore.so 0x0
D/dalvikvm( 7445): Trying to load lib libnativehelper.so 0x0
D/dalvikvm( 7445): Added shared lib libnativehelper.so 0x0
D/dalvikvm( 7445): No JNI_OnLoad found in libnativehelper.so 0x0, skipping init
D/dalvikvm( 7445): Note: class Landroid/app/ActivityManagerNative; has 179 unimplemented (abstract) methods
E/memtrack( 7445): Couldn't load memtrack module (No such file or directory)
E/android.os.Debug( 7445): failed to load memtrack module: -2
D/AndroidRuntime( 7445): Calling main entry com.android.commands.pm.Pm
I/ActivityManager(  373): Force stopping com.newsblur appid=10098 user=-1: uninstall pkg
W/PackageManager(  373): Couldn't delete native library directory /data/app-lib/com.newsblur
D/keystore(   58): calling clear_uid in state: 3
I/ActivityManager(  373): Force stopping com.newsblur appid=10098 user=0: pkg removed
I/InputReader(  373): Reconfiguring input devices.  changes=0x00000010
I/PackageManager(  373):   Action: "android.intent.action.SENDTO"
I/PackageManager(  373):   Category: "android.intent.category.DEFAULT"
I/PackageManager(  373):   Scheme: "sms"
I/PackageManager(  373): Adding preferred activity ComponentInfo{com.android.mms/com.android.mms.ui.ComposeMessageActivity} for user 0 :
I/PackageManager(  373):   Action: "android.intent.action.SENDTO"
I/PackageManager(  373):   Category: "android.intent.category.DEFAULT"
I/PackageManager(  373):   Scheme: "smsto"
I/PackageManager(  373): Adding preferred activity ComponentInfo{com.android.mms/com.android.mms.ui.ComposeMessageActivity} for user 0 :
D/dalvikvm(  590): GC_CONCURRENT freed 451K, 18% free 3832K/4664K, paused 42ms+2ms, total 173ms
D/dalvikvm(  695): GC_EXPLICIT freed 2863K, 54% free 13029K/27996K, paused 65ms+3ms, total 296ms
D/dalvikvm(  373): GC_EXPLICIT freed 3505K, 40% free 7566K/12584K, paused 5ms+41ms, total 315ms
D/dalvikvm(  373): WAIT_FOR_CONCURRENT_GC blocked 45ms
D/MobileDataStateTracker(  373): default: setPolicyDataEnable(enabled=true)
I/PackageManager(  373):   Action: "android.intent.action.SENDTO"
I/PackageManager(  373):   Category: "android.intent.category.DEFAULT"
I/PackageManager(  373):   Scheme: "mms"
I/PackageManager(  373): Adding preferred activity ComponentInfo{com.android.mms/com.android.mms.ui.ComposeMessageActivity} for user 0 :
I/PackageManager(  373):   Action: "android.intent.action.SENDTO"
I/PackageManager(  373):   Category: "android.intent.category.DEFAULT"
I/PackageManager(  373):   Scheme: "mmsto"
I/PackageManager(  373): Adding preferred activity ComponentInfo{com.android.mms/com.android.mms.ui.ComposeMessageActivity} for user 0 :
I/PackageManager(  373): Adding preferred activity ComponentInfo{com.android.mms/com.android.mms.ui.ComposeMessageActivity} for user 0 :
I/PackageManager(  373):   Action: "android.intent.action.SENDTO"
I/PackageManager(  373):   Category: "android.intent.category.DEFAULT"
I/PackageManager(  373):   Scheme: "sms"
D/BackupManagerService(  373): Received broadcast Intent { act=android.intent.action.PACKAGE_REMOVED dat=package:com.newsblur flg=0x4000010 (has extras) }
V/BackupManagerService(  373): removePackageParticipantsLocked: uid=10098 #1
I/PackageManager(  373):   Action: "android.intent.action.SENDTO"
I/PackageManager(  373):   Category: "android.intent.category.DEFAULT"
I/PackageManager(  373):   Scheme: "smsto"
I/PackageManager(  373): Adding preferred activity ComponentInfo{com.android.mms/com.android.mms.ui.ComposeMessageActivity} for user 0 :
I/PackageManager(  373):   Action: "android.intent.action.SENDTO"
I/PackageManager(  373):   Category: "android.intent.category.DEFAULT"
I/PackageManager(  373):   Scheme: "mms"
I/PackageManager(  373): Adding preferred activity ComponentInfo{com.android.mms/com.android.mms.ui.ComposeMessageActivity} for user 0 :
I/PackageManager(  373):   Action: "android.intent.action.SENDTO"
I/PackageManager(  373):   Category: "android.intent.category.DEFAULT"
I/PackageManager(  373):   Scheme: "mmsto"
I/PackageManager(  373): Adding preferred activity ComponentInfo{com.android.mms/com.android.mms.ui.ComposeMessageActivity} for user 0 :
D/dalvikvm(  590): GC_CONCURRENT freed 499K, 18% free 3831K/4664K, paused 2ms+3ms, total 44ms
D/dalvikvm(  590): WAIT_FOR_CONCURRENT_GC blocked 7ms
D/dalvikvm(  373): WAIT_FOR_CONCURRENT_GC blocked 616ms
W/ContextImpl( 1362): Calling a method in the system process without a qualified user: android.app.ContextImpl.startService:1479 android.content.ContextWrapper.startService:494 android.content.ContextWrapper.startService:494 com.android.keychain.KeyChainBroadcastReceiver.onReceive:12 android.app.ActivityThread.handleReceiver:2419 
D/Documents( 1378): Used cached roots for com.android.providers.downloads.documents
D/Documents( 1378): Used cached roots for com.android.externalstorage.documents
D/Documents( 1378): Used cached roots for com.android.providers.media.documents
D/Documents( 1378): Update found 6 roots in 36ms
I/LatinIME:LogUtils(  567): Dictionary info: dictionary = main:en ; version = 42 ; date = 1381226429
D/VoicemailCleanupService(  584): Cleaning up data for package: com.newsblur
D/dalvikvm( 1378): GC_CONCURRENT freed 433K, 19% free 3262K/3980K, paused 4ms+2ms, total 70ms
D/dalvikvm(  373): GC_EXPLICIT freed 1001K, 41% free 7481K/12584K, paused 5ms+9ms, total 389ms
D/AndroidRuntime( 7445): Shutting down VM
D/dalvikvm( 7445): GC_CONCURRENT freed 94K, 15% free 558K/656K, paused 4ms+4ms, total 21ms
D/AndroidRuntime( 7463): 
D/AndroidRuntime( 7463): >>>>>> AndroidRuntime START com.android.internal.os.RuntimeInit <<<<<<
D/AndroidRuntime( 7463): CheckJNI is ON
D/dalvikvm( 7463): Trying to load lib libjavacore.so 0x0
D/dalvikvm( 7463): Added shared lib libjavacore.so 0x0
D/dalvikvm( 7463): Trying to load lib libnativehelper.so 0x0
D/dalvikvm( 7463): Added shared lib libnativehelper.so 0x0
D/dalvikvm( 7463): No JNI_OnLoad found in libnativehelper.so 0x0, skipping init
D/dalvikvm( 7463): Note: class Landroid/app/ActivityManagerNative; has 179 unimplemented (abstract) methods
E/memtrack( 7463): Couldn't load memtrack module (No such file or directory)
E/android.os.Debug( 7463): failed to load memtrack module: -2
D/AndroidRuntime( 7463): Calling main entry com.android.commands.pm.Pm
W/PackageManager(  373): Couldn't get low memory threshold; no free limit imposed
W/ActivityManager(  373): No content provider found for permission revoke: file:///data/local/tmp/newsblur-v6.10_debug.apk
W/ActivityManager(  373): No content provider found for permission revoke: file:///data/local/tmp/newsblur-v6.10_debug.apk
I/PackageManager(  373): Copying native libraries to /data/app-lib/vmdl1275419135
D/dalvikvm(  373): GC_CONCURRENT freed 789K, 39% free 7753K/12584K, paused 5ms+3ms, total 67ms
D/dalvikvm(  373): GC_CONCURRENT freed 1139K, 39% free 7767K/12584K, paused 5ms+4ms, total 74ms
D/dalvikvm(  373): WAIT_FOR_CONCURRENT_GC blocked 49ms
I/PackageManager(  373): Running dexopt on: com.newsblur
D/dalvikvm(  373): GC_CONCURRENT freed 1036K, 39% free 7762K/12584K, paused 4ms+17ms, total 117ms
D/dalvikvm( 7475): DexOpt: load 200ms, verify+opt 762ms, 1455708 bytes
I/ActivityManager(  373): Force stopping com.newsblur appid=10099 user=-1: update pkg
I/InputReader(  373): Reconfiguring input devices.  changes=0x00000010
D/BackupManagerService(  373): Received broadcast Intent { act=android.intent.action.PACKAGE_ADDED dat=package:com.newsblur flg=0x4000010 (has extras) }
V/BackupManagerService(  373): addPackageParticipantsLocked: #1
I/PackageManager(  373):   Action: "android.intent.action.SENDTO"
I/PackageManager(  373):   Category: "android.intent.category.DEFAULT"
I/PackageManager(  373):   Scheme: "sms"
I/PackageManager(  373): Adding preferred activity ComponentInfo{com.android.mms/com.android.mms.ui.ComposeMessageActivity} for user 0 :
I/PackageManager(  373):   Action: "android.intent.action.SENDTO"
I/PackageManager(  373):   Category: "android.intent.category.DEFAULT"
I/PackageManager(  373): Adding preferred activity ComponentInfo{com.android.mms/com.android.mms.ui.ComposeMessageActivity} for user 0 :
I/PackageManager(  373):   Scheme: "smsto"
I/PackageManager(  373):   Action: "android.intent.action.SENDTO"
I/PackageManager(  373):   Category: "android.intent.category.DEFAULT"
I/PackageManager(  373):   Scheme: "mms"
I/PackageManager(  373): Adding preferred activity ComponentInfo{com.android.mms/com.android.mms.ui.ComposeMessageActivity} for user 0 :
D/dalvikvm(  695): GC_FOR_ALLOC freed 493K, 54% free 13031K/27996K, paused 60ms, total 62ms
I/PackageManager(  373):   Action: "android.intent.action.SENDTO"
I/PackageManager(  373):   Category: "android.intent.category.DEFAULT"
I/PackageManager(  373):   Scheme: "mmsto"
I/PackageManager(  373): Adding preferred activity ComponentInfo{com.android.mms/com.android.mms.ui.ComposeMessageActivity} for user 0 :
I/PackageManager(  373):   Action: "android.intent.action.SENDTO"
I/PackageManager(  373):   Category: "android.intent.category.DEFAULT"
I/PackageManager(  373):   Scheme: "sms"
I/PackageManager(  373): Adding preferred activity ComponentInfo{com.android.mms/com.android.mms.ui.ComposeMessageActivity} for user 0 :
D/dalvikvm(  695): GC_CONCURRENT freed 3K, 47% free 15052K/27996K, paused 14ms+25ms, total 124ms
I/PackageManager(  373):   Action: "android.intent.action.SENDTO"
I/PackageManager(  373):   Category: "android.intent.category.DEFAULT"
I/PackageManager(  373):   Scheme: "smsto"
I/PackageManager(  373): Adding preferred activity ComponentInfo{com.android.mms/com.android.mms.ui.ComposeMessageActivity} for user 0 :
D/dalvikvm(  590): GC_CONCURRENT freed 436K, 19% free 3819K/4664K, paused 1ms+10ms, total 57ms
D/Documents( 1378): Used cached roots for com.android.providers.downloads.documents
D/Documents( 1378): Used cached roots for com.android.externalstorage.documents
D/Documents( 1378): Used cached roots for com.android.providers.media.documents
D/Documents( 1378): Update found 6 roots in 59ms
D/dalvikvm(  373): GC_CONCURRENT freed 1300K, 41% free 7517K/12584K, paused 45ms+4ms, total 152ms
D/dalvikvm(  373): WAIT_FOR_CONCURRENT_GC blocked 68ms
I/PackageManager(  373):   Action: "android.intent.action.SENDTO"
I/PackageManager(  373):   Category: "android.intent.category.DEFAULT"
I/PackageManager(  373):   Scheme: "mms"
I/PackageManager(  373): Adding preferred activity ComponentInfo{com.android.mms/com.android.mms.ui.ComposeMessageActivity} for user 0 :
I/PackageManager(  373):   Action: "android.intent.action.SENDTO"
I/PackageManager(  373):   Category: "android.intent.category.DEFAULT"
I/PackageManager(  373):   Scheme: "mmsto"
I/PackageManager(  373): Adding preferred activity ComponentInfo{com.android.mms/com.android.mms.ui.ComposeMessageActivity} for user 0 :
W/RecognitionManagerService(  373): no available voice recognition services found for user 0
D/dalvikvm(  373): GC_EXPLICIT freed 312K, 41% free 7541K/12584K, paused 102ms+16ms, total 266ms
D/AndroidRuntime( 7463): Shutting down VM
D/dalvikvm( 7463): GC_CONCURRENT freed 95K, 16% free 560K/660K, paused 5ms+16ms, total 61ms
D/AndroidRuntime( 7484): 
D/AndroidRuntime( 7484): >>>>>> AndroidRuntime START com.android.internal.os.RuntimeInit <<<<<<
D/AndroidRuntime( 7484): CheckJNI is ON
D/dalvikvm( 7484): Trying to load lib libjavacore.so 0x0
D/dalvikvm( 7484): Added shared lib libjavacore.so 0x0
D/dalvikvm( 7484): Trying to load lib libnativehelper.so 0x0
D/dalvikvm( 7484): Added shared lib libnativehelper.so 0x0
D/dalvikvm( 7484): No JNI_OnLoad found in libnativehelper.so 0x0, skipping init
D/dalvikvm( 7484): Note: class Landroid/app/ActivityManagerNative; has 179 unimplemented (abstract) methods
E/memtrack( 7484): Couldn't load memtrack module (No such file or directory)
E/android.os.Debug( 7484): failed to load memtrack module: -2
D/AndroidRuntime( 7484): Calling main entry com.android.commands.am.Am
I/ActivityManager(  373): Force stopping com.newsblur appid=10099 user=0: start instr
I/ActivityManager(  373): Start proc com.newsblur for added application com.newsblur: pid=7495 uid=10099 gids={50099, 3003, 1028, 1015}
D/dalvikvm( 7495): GC_CONCURRENT freed 302K, 15% free 3371K/3956K, paused 4ms+2ms, total 56ms
D/dalvikvm( 7495): WAIT_FOR_CONCURRENT_GC blocked 8ms
D/dalvikvm( 7495): GC_CONCURRENT freed 468K, 19% free 3356K/4108K, paused 2ms+4ms, total 30ms
D/dalvikvm( 7495): GC_CONCURRENT freed 485K, 17% free 3426K/4108K, paused 6ms+4ms, total 45ms
W/dalvikvm( 7495): Unable to resolve superclass of Lbutterknife/internal/ButterKnifeProcessor; (1151)
W/dalvikvm( 7495): Link of class 'Lbutterknife/internal/ButterKnifeProcessor;' failed
W/ClassPathPackageInfoSource( 7495): Cannot load class. Make sure it is in your apk. Class name: 'butterknife.internal.ButterKnifeProcessor'. Message: butterknife.internal.ButterKnifeProcessor
W/ClassPathPackageInfoSource( 7495): java.lang.ClassNotFoundException: butterknife.internal.ButterKnifeProcessor
W/ClassPathPackageInfoSource( 7495): 	at java.lang.Class.classForName(Native Method)
W/ClassPathPackageInfoSource( 7495): 	at java.lang.Class.forName(Class.java:251)
W/ClassPathPackageInfoSource( 7495): 	at android.test.ClassPathPackageInfoSource.createPackageInfo(ClassPathPackageInfoSource.java:88)
W/ClassPathPackageInfoSource( 7495): 	at android.test.ClassPathPackageInfoSource.access$000(ClassPathPackageInfoSource.java:39)
W/ClassPathPackageInfoSource( 7495): 	at android.test.ClassPathPackageInfoSource$1.load(ClassPathPackageInfoSource.java:50)
W/ClassPathPackageInfoSource( 7495): 	at android.test.ClassPathPackageInfoSource$1.load(ClassPathPackageInfoSource.java:47)
W/ClassPathPackageInfoSource( 7495): 	at android.test.SimpleCache.get(SimpleCache.java:31)
W/ClassPathPackageInfoSource( 7495): 	at android.test.ClassPathPackageInfoSource.getPackageInfo(ClassPathPackageInfoSource.java:72)
W/ClassPathPackageInfoSource( 7495): 	at android.test.ClassPathPackageInfo.getSubpackages(ClassPathPackageInfo.java:48)
W/ClassPathPackageInfoSource( 7495): 	at android.test.ClassPathPackageInfo.addTopLevelClassesTo(ClassPathPackageInfo.java:61)
W/ClassPathPackageInfoSource( 7495): 	at android.test.ClassPathPackageInfo.getTopLevelClassesRecursive(ClassPathPackageInfo.java:55)
W/ClassPathPackageInfoSource( 7495): 	at android.test.suitebuilder.TestGrouping.testCaseClassesInPackage(TestGrouping.java:156)
W/ClassPathPackageInfoSource( 7495): 	at android.test.suitebuilder.TestGrouping.addPackagesRecursive(TestGrouping.java:117)
W/ClassPathPackageInfoSource( 7495): 	at android.test.suitebuilder.TestSuiteBuilder.includePackages(TestSuiteBuilder.java:102)
W/ClassPathPackageInfoSource( 7495): 	at android.test.InstrumentationTestRunner.onCreate(InstrumentationTestRunner.java:366)
W/ClassPathPackageInfoSource( 7495): 	at android.app.ActivityThread.handleBindApplication(ActivityThread.java:4335)
W/ClassPathPackageInfoSource( 7495): 	at android.app.ActivityThread.access$1500(ActivityThread.java:135)
W/ClassPathPackageInfoSource( 7495): 	at android.app.ActivityThread$H.handleMessage(ActivityThread.java:1256)
W/ClassPathPackageInfoSource( 7495): 	at android.os.Handler.dispatchMessage(Handler.java:102)
W/ClassPathPackageInfoSource( 7495): 	at android.os.Looper.loop(Looper.java:136)
W/ClassPathPackageInfoSource( 7495): 	at android.app.ActivityThread.main(ActivityThread.java:5017)
W/ClassPathPackageInfoSource( 7495): 	at java.lang.reflect.Method.invokeNative(Native Method)
W/ClassPathPackageInfoSource( 7495): 	at java.lang.reflect.Method.invoke(Method.java:515)
W/ClassPathPackageInfoSource( 7495): 	at com.android.internal.os.ZygoteInit$MethodAndArgsCaller.run(ZygoteInit.java:779)
W/ClassPathPackageInfoSource( 7495): 	at com.android.internal.os.ZygoteInit.main(ZygoteInit.java:595)
W/ClassPathPackageInfoSource( 7495): 	at dalvik.system.NativeStart.main(Native Method)
W/ClassPathPackageInfoSource( 7495): Caused by: java.lang.NoClassDefFoundError: butterknife/internal/ButterKnifeProcessor
W/ClassPathPackageInfoSource( 7495): 	... 26 more
W/ClassPathPackageInfoSource( 7495): Caused by: java.lang.ClassNotFoundException: Didn't find class "butterknife.internal.ButterKnifeProcessor" on path: DexPathList[[zip file "/system/framework/android.test.runner.jar", zip file "/data/app/cz.romario.opensudoku.test-1.apk", zip file "/data/app/com.newsblur-1.apk"],nativeLibraryDirectories=[/data/app-lib/cz.romario.opensudoku.test-1, /data/app-lib/com.newsblur-1, /system/lib]]
W/ClassPathPackageInfoSource( 7495): 	at dalvik.system.BaseDexClassLoader.findClass(BaseDexClassLoader.java:56)
W/ClassPathPackageInfoSource( 7495): 	at java.lang.ClassLoader.loadClass(ClassLoader.java:497)
W/ClassPathPackageInfoSource( 7495): 	at java.lang.ClassLoader.loadClass(ClassLoader.java:457)
W/ClassPathPackageInfoSource( 7495): 	... 26 more
D/dalvikvm( 7495): GC_CONCURRENT freed 478K, 19% free 3387K/4152K, paused 8ms+4ms, total 36ms
D/dalvikvm( 7495): GC_CONCURRENT freed 525K, 20% free 3376K/4184K, paused 2ms+1ms, total 25ms
D/dalvikvm( 7495): WAIT_FOR_CONCURRENT_GC blocked 12ms
D/dalvikvm( 7495): GC_CONCURRENT freed 476K, 19% free 3425K/4184K, paused 7ms+5ms, total 43ms
D/dalvikvm( 7495): WAIT_FOR_CONCURRENT_GC blocked 4ms
D/dalvikvm( 7495): GC_CONCURRENT freed 559K, 22% free 3269K/4184K, paused 3ms+6ms, total 31ms
D/dalvikvm( 7495): GC_CONCURRENT freed 362K, 19% free 3400K/4184K, paused 9ms+6ms, total 34ms
D/dalvikvm( 7495): GC_CONCURRENT freed 506K, 19% free 3396K/4188K, paused 6ms+3ms, total 32ms
D/dalvikvm( 7495): GC_CONCURRENT freed 431K, 18% free 3476K/4192K, paused 3ms+2ms, total 38ms
D/dalvikvm( 7495): WAIT_FOR_CONCURRENT_GC blocked 4ms
D/dalvikvm( 7495): GC_CONCURRENT freed 495K, 19% free 3446K/4228K, paused 7ms+3ms, total 32ms
D/dalvikvm( 7495): GC_CONCURRENT freed 498K, 19% free 3452K/4236K, paused 6ms+4ms, total 32ms
D/dalvikvm( 7495): GC_CONCURRENT freed 509K, 19% free 3463K/4248K, paused 6ms+3ms, total 36ms
D/dalvikvm( 7495): WAIT_FOR_CONCURRENT_GC blocked 3ms
D/dalvikvm( 7495): GC_CONCURRENT freed 518K, 21% free 3378K/4248K, paused 5ms+5ms, total 32ms
D/dalvikvm( 7495): GC_CONCURRENT freed 410K, 19% free 3479K/4248K, paused 4ms+2ms, total 34ms
D/dalvikvm( 7495): WAIT_FOR_CONCURRENT_GC blocked 6ms
D/dalvikvm( 7495): GC_CONCURRENT freed 511K, 19% free 3479K/4276K, paused 7ms+2ms, total 37ms
D/dalvikvm( 7495): WAIT_FOR_CONCURRENT_GC blocked 6ms
D/dalvikvm( 7495): GC_CONCURRENT freed 494K, 19% free 3496K/4276K, paused 3ms+2ms, total 28ms
D/dalvikvm( 7495): WAIT_FOR_CONCURRENT_GC blocked 14ms
D/dalvikvm( 7495): GC_CONCURRENT freed 517K, 19% free 3488K/4292K, paused 13ms+2ms, total 29ms
D/dalvikvm( 7495): WAIT_FOR_CONCURRENT_GC blocked 16ms
D/dalvikvm( 7495): GC_CONCURRENT freed 477K, 19% free 3499K/4292K, paused 6ms+3ms, total 36ms
D/dalvikvm( 7495): GC_CONCURRENT freed 426K, 19% free 3516K/4292K, paused 5ms+5ms, total 32ms
D/dalvikvm( 7495): GC_CONCURRENT freed 503K, 19% free 3521K/4312K, paused 5ms+3ms, total 44ms
W/dalvikvm( 7495): Unable to resolve superclass of Lorg/jdom2/xpath/jaxen/JDOMCoreNavigator; (345)
W/dalvikvm( 7495): Link of class 'Lorg/jdom2/xpath/jaxen/JDOMCoreNavigator;' failed
W/dalvikvm( 7495): Unable to resolve superclass of Lorg/jdom2/xpath/jaxen/JDOM2Navigator; (543)
W/dalvikvm( 7495): Link of class 'Lorg/jdom2/xpath/jaxen/JDOM2Navigator;' failed
W/ClassPathPackageInfoSource( 7495): Cannot load class. Make sure it is in your apk. Class name: 'org.jdom2.xpath.jaxen.JDOM2Navigator'. Message: org.jdom2.xpath.jaxen.JDOM2Navigator
W/ClassPathPackageInfoSource( 7495): java.lang.ClassNotFoundException: org.jdom2.xpath.jaxen.JDOM2Navigator
W/ClassPathPackageInfoSource( 7495): 	at java.lang.Class.classForName(Native Method)
W/ClassPathPackageInfoSource( 7495): 	at java.lang.Class.forName(Class.java:251)
W/ClassPathPackageInfoSource( 7495): 	at android.test.ClassPathPackageInfoSource.createPackageInfo(ClassPathPackageInfoSource.java:88)
W/ClassPathPackageInfoSource( 7495): 	at android.test.ClassPathPackageInfoSource.access$000(ClassPathPackageInfoSource.java:39)
W/ClassPathPackageInfoSource( 7495): 	at android.test.ClassPathPackageInfoSource$1.load(ClassPathPackageInfoSource.java:50)
W/ClassPathPackageInfoSource( 7495): 	at android.test.ClassPathPackageInfoSource$1.load(ClassPathPackageInfoSource.java:47)
W/ClassPathPackageInfoSource( 7495): 	at android.test.SimpleCache.get(SimpleCache.java:31)
W/ClassPathPackageInfoSource( 7495): 	at android.test.ClassPathPackageInfoSource.getPackageInfo(ClassPathPackageInfoSource.java:72)
W/ClassPathPackageInfoSource( 7495): 	at android.test.ClassPathPackageInfo.getSubpackages(ClassPathPackageInfo.java:48)
W/ClassPathPackageInfoSource( 7495): 	at android.test.ClassPathPackageInfo.addTopLevelClassesTo(ClassPathPackageInfo.java:61)
W/ClassPathPackageInfoSource( 7495): 	at android.test.ClassPathPackageInfo.getTopLevelClassesRecursive(ClassPathPackageInfo.java:55)
W/ClassPathPackageInfoSource( 7495): 	at android.test.suitebuilder.TestGrouping.testCaseClassesInPackage(TestGrouping.java:156)
W/ClassPathPackageInfoSource( 7495): 	at android.test.suitebuilder.TestGrouping.addPackagesRecursive(TestGrouping.java:117)
W/ClassPathPackageInfoSource( 7495): 	at android.test.suitebuilder.TestSuiteBuilder.includePackages(TestSuiteBuilder.java:102)
W/ClassPathPackageInfoSource( 7495): 	at android.test.InstrumentationTestRunner.onCreate(InstrumentationTestRunner.java:366)
W/ClassPathPackageInfoSource( 7495): 	at android.app.ActivityThread.handleBindApplication(ActivityThread.java:4335)
W/ClassPathPackageInfoSource( 7495): 	at android.app.ActivityThread.access$1500(ActivityThread.java:135)
W/ClassPathPackageInfoSource( 7495): 	at android.app.ActivityThread$H.handleMessage(ActivityThread.java:1256)
W/ClassPathPackageInfoSource( 7495): 	at android.os.Handler.dispatchMessage(Handler.java:102)
W/ClassPathPackageInfoSource( 7495): 	at android.os.Looper.loop(Looper.java:136)
W/ClassPathPackageInfoSource( 7495): 	at android.app.ActivityThread.main(ActivityThread.java:5017)
W/ClassPathPackageInfoSource( 7495): 	at java.lang.reflect.Method.invokeNative(Native Method)
W/ClassPathPackageInfoSource( 7495): 	at java.lang.reflect.Method.invoke(Method.java:515)
W/ClassPathPackageInfoSource( 7495): 	at com.android.internal.os.ZygoteInit$MethodAndArgsCaller.run(ZygoteInit.java:779)
W/ClassPathPackageInfoSource( 7495): 	at com.android.internal.os.ZygoteInit.main(ZygoteInit.java:595)
W/ClassPathPackageInfoSource( 7495): 	at dalvik.system.NativeStart.main(Native Method)
W/ClassPathPackageInfoSource( 7495): Caused by: java.lang.NoClassDefFoundError: org/jdom2/xpath/jaxen/JDOM2Navigator
W/ClassPathPackageInfoSource( 7495): 	... 26 more
W/ClassPathPackageInfoSource( 7495): Caused by: java.lang.ClassNotFoundException: Didn't find class "org.jdom2.xpath.jaxen.JDOM2Navigator" on path: DexPathList[[zip file "/system/framework/android.test.runner.jar", zip file "/data/app/cz.romario.opensudoku.test-1.apk", zip file "/data/app/com.newsblur-1.apk"],nativeLibraryDirectories=[/data/app-lib/cz.romario.opensudoku.test-1, /data/app-lib/com.newsblur-1, /system/lib]]
W/ClassPathPackageInfoSource( 7495): 	at dalvik.system.BaseDexClassLoader.findClass(BaseDexClassLoader.java:56)
W/ClassPathPackageInfoSource( 7495): 	at java.lang.ClassLoader.loadClass(ClassLoader.java:497)
W/ClassPathPackageInfoSource( 7495): 	at java.lang.ClassLoader.loadClass(ClassLoader.java:457)
W/ClassPathPackageInfoSource( 7495): 	... 26 more
W/dalvikvm( 7495): Unable to resolve superclass of Lorg/jdom2/xpath/jaxen/JDOMCoreNavigator; (345)
W/dalvikvm( 7495): Link of class 'Lorg/jdom2/xpath/jaxen/JDOMCoreNavigator;' failed
W/ClassPathPackageInfoSource( 7495): Cannot load class. Make sure it is in your apk. Class name: 'org.jdom2.xpath.jaxen.JDOMCoreNavigator'. Message: org.jdom2.xpath.jaxen.JDOMCoreNavigator
W/ClassPathPackageInfoSource( 7495): java.lang.ClassNotFoundException: org.jdom2.xpath.jaxen.JDOMCoreNavigator
W/ClassPathPackageInfoSource( 7495): 	at java.lang.Class.classForName(Native Method)
W/ClassPathPackageInfoSource( 7495): 	at java.lang.Class.forName(Class.java:251)
W/ClassPathPackageInfoSource( 7495): 	at android.test.ClassPathPackageInfoSource.createPackageInfo(ClassPathPackageInfoSource.java:88)
W/ClassPathPackageInfoSource( 7495): 	at android.test.ClassPathPackageInfoSource.access$000(ClassPathPackageInfoSource.java:39)
W/ClassPathPackageInfoSource( 7495): 	at android.test.ClassPathPackageInfoSource$1.load(ClassPathPackageInfoSource.java:50)
W/ClassPathPackageInfoSource( 7495): 	at android.test.ClassPathPackageInfoSource$1.load(ClassPathPackageInfoSource.java:47)
W/ClassPathPackageInfoSource( 7495): 	at android.test.SimpleCache.get(SimpleCache.java:31)
W/ClassPathPackageInfoSource( 7495): 	at android.test.ClassPathPackageInfoSource.getPackageInfo(ClassPathPackageInfoSource.java:72)
W/ClassPathPackageInfoSource( 7495): 	at android.test.ClassPathPackageInfo.getSubpackages(ClassPathPackageInfo.java:48)
W/ClassPathPackageInfoSource( 7495): 	at android.test.ClassPathPackageInfo.addTopLevelClassesTo(ClassPathPackageInfo.java:61)
W/ClassPathPackageInfoSource( 7495): 	at android.test.ClassPathPackageInfo.getTopLevelClassesRecursive(ClassPathPackageInfo.java:55)
W/ClassPathPackageInfoSource( 7495): 	at android.test.suitebuilder.TestGrouping.testCaseClassesInPackage(TestGrouping.java:156)
W/ClassPathPackageInfoSource( 7495): 	at android.test.suitebuilder.TestGrouping.addPackagesRecursive(TestGrouping.java:117)
W/ClassPathPackageInfoSource( 7495): 	at android.test.suitebuilder.TestSuiteBuilder.includePackages(TestSuiteBuilder.java:102)
W/ClassPathPackageInfoSource( 7495): 	at android.test.InstrumentationTestRunner.onCreate(InstrumentationTestRunner.java:366)
W/ClassPathPackageInfoSource( 7495): 	at android.app.ActivityThread.handleBindApplication(ActivityThread.java:4335)
W/ClassPathPackageInfoSource( 7495): 	at android.app.ActivityThread.access$1500(ActivityThread.java:135)
W/ClassPathPackageInfoSource( 7495): 	at android.app.ActivityThread$H.handleMessage(ActivityThread.java:1256)
W/ClassPathPackageInfoSource( 7495): 	at android.os.Handler.dispatchMessage(Handler.java:102)
W/ClassPathPackageInfoSource( 7495): 	at android.os.Looper.loop(Looper.java:136)
W/ClassPathPackageInfoSource( 7495): 	at android.app.ActivityThread.main(ActivityThread.java:5017)
W/ClassPathPackageInfoSource( 7495): 	at java.lang.reflect.Method.invokeNative(Native Method)
W/ClassPathPackageInfoSource( 7495): 	at java.lang.reflect.Method.invoke(Method.java:515)
W/ClassPathPackageInfoSource( 7495): 	at com.android.internal.os.ZygoteInit$MethodAndArgsCaller.run(ZygoteInit.java:779)
W/ClassPathPackageInfoSource( 7495): 	at com.android.internal.os.ZygoteInit.main(ZygoteInit.java:595)
W/ClassPathPackageInfoSource( 7495): 	at dalvik.system.NativeStart.main(Native Method)
W/ClassPathPackageInfoSource( 7495): Caused by: java.lang.NoClassDefFoundError: org/jdom2/xpath/jaxen/JDOMCoreNavigator
W/ClassPathPackageInfoSource( 7495): 	... 26 more
W/ClassPathPackageInfoSource( 7495): Caused by: java.lang.ClassNotFoundException: Didn't find class "org.jdom2.xpath.jaxen.JDOMCoreNavigator" on path: DexPathList[[zip file "/system/framework/android.test.runner.jar", zip file "/data/app/cz.romario.opensudoku.test-1.apk", zip file "/data/app/com.newsblur-1.apk"],nativeLibraryDirectories=[/data/app-lib/cz.romario.opensudoku.test-1, /data/app-lib/com.newsblur-1, /system/lib]]
W/ClassPathPackageInfoSource( 7495): 	at dalvik.system.BaseDexClassLoader.findClass(BaseDexClassLoader.java:56)
W/ClassPathPackageInfoSource( 7495): 	at java.lang.ClassLoader.loadClass(ClassLoader.java:497)
W/ClassPathPackageInfoSource( 7495): 	at java.lang.ClassLoader.loadClass(ClassLoader.java:457)
W/ClassPathPackageInfoSource( 7495): 	... 26 more
W/dalvikvm( 7495): Unable to resolve superclass of Lorg/jdom2/xpath/jaxen/JDOMCoreNavigator; (345)
W/dalvikvm( 7495): Link of class 'Lorg/jdom2/xpath/jaxen/JDOMCoreNavigator;' failed
W/dalvikvm( 7495): Unable to resolve superclass of Lorg/jdom2/xpath/jaxen/JDOMNavigator; (543)
W/dalvikvm( 7495): Link of class 'Lorg/jdom2/xpath/jaxen/JDOMNavigator;' failed
W/ClassPathPackageInfoSource( 7495): Cannot load class. Make sure it is in your apk. Class name: 'org.jdom2.xpath.jaxen.JDOMNavigator'. Message: org.jdom2.xpath.jaxen.JDOMNavigator
W/ClassPathPackageInfoSource( 7495): java.lang.ClassNotFoundException: org.jdom2.xpath.jaxen.JDOMNavigator
W/ClassPathPackageInfoSource( 7495): 	at java.lang.Class.classForName(Native Method)
W/ClassPathPackageInfoSource( 7495): 	at java.lang.Class.forName(Class.java:251)
W/ClassPathPackageInfoSource( 7495): 	at android.test.ClassPathPackageInfoSource.createPackageInfo(ClassPathPackageInfoSource.java:88)
W/ClassPathPackageInfoSource( 7495): 	at android.test.ClassPathPackageInfoSource.access$000(ClassPathPackageInfoSource.java:39)
W/ClassPathPackageInfoSource( 7495): 	at android.test.ClassPathPackageInfoSource$1.load(ClassPathPackageInfoSource.java:50)
W/ClassPathPackageInfoSource( 7495): 	at android.test.ClassPathPackageInfoSource$1.load(ClassPathPackageInfoSource.java:47)
W/ClassPathPackageInfoSource( 7495): 	at android.test.SimpleCache.get(SimpleCache.java:31)
W/ClassPathPackageInfoSource( 7495): 	at android.test.ClassPathPackageInfoSource.getPackageInfo(ClassPathPackageInfoSource.java:72)
W/ClassPathPackageInfoSource( 7495): 	at android.test.ClassPathPackageInfo.getSubpackages(ClassPathPackageInfo.java:48)
W/ClassPathPackageInfoSource( 7495): 	at android.test.ClassPathPackageInfo.addTopLevelClassesTo(ClassPathPackageInfo.java:61)
W/ClassPathPackageInfoSource( 7495): 	at android.test.ClassPathPackageInfo.getTopLevelClassesRecursive(ClassPathPackageInfo.java:55)
W/ClassPathPackageInfoSource( 7495): 	at android.test.suitebuilder.TestGrouping.testCaseClassesInPackage(TestGrouping.java:156)
W/ClassPathPackageInfoSource( 7495): 	at android.test.suitebuilder.TestGrouping.addPackagesRecursive(TestGrouping.java:117)
W/ClassPathPackageInfoSource( 7495): 	at android.test.suitebuilder.TestSuiteBuilder.includePackages(TestSuiteBuilder.java:102)
W/ClassPathPackageInfoSource( 7495): 	at android.test.InstrumentationTestRunner.onCreate(InstrumentationTestRunner.java:366)
W/ClassPathPackageInfoSource( 7495): 	at android.app.ActivityThread.handleBindApplication(ActivityThread.java:4335)
W/ClassPathPackageInfoSource( 7495): 	at android.app.ActivityThread.access$1500(ActivityThread.java:135)
W/ClassPathPackageInfoSource( 7495): 	at android.app.ActivityThread$H.handleMessage(ActivityThread.java:1256)
W/ClassPathPackageInfoSource( 7495): 	at android.os.Handler.dispatchMessage(Handler.java:102)
W/ClassPathPackageInfoSource( 7495): 	at android.os.Looper.loop(Looper.java:136)
W/ClassPathPackageInfoSource( 7495): 	at android.app.ActivityThread.main(ActivityThread.java:5017)
W/ClassPathPackageInfoSource( 7495): 	at java.lang.reflect.Method.invokeNative(Native Method)
W/ClassPathPackageInfoSource( 7495): 	at java.lang.reflect.Method.invoke(Method.java:515)
W/ClassPathPackageInfoSource( 7495): 	at com.android.internal.os.ZygoteInit$MethodAndArgsCaller.run(ZygoteInit.java:779)
W/ClassPathPackageInfoSource( 7495): 	at com.android.internal.os.ZygoteInit.main(ZygoteInit.java:595)
W/ClassPathPackageInfoSource( 7495): 	at dalvik.system.NativeStart.main(Native Method)
W/ClassPathPackageInfoSource( 7495): Caused by: java.lang.NoClassDefFoundError: org/jdom2/xpath/jaxen/JDOMNavigator
W/ClassPathPackageInfoSource( 7495): 	... 26 more
W/ClassPathPackageInfoSource( 7495): Caused by: java.lang.ClassNotFoundException: Didn't find class "org.jdom2.xpath.jaxen.JDOMNavigator" on path: DexPathList[[zip file "/system/framework/android.test.runner.jar", zip file "/data/app/cz.romario.opensudoku.test-1.apk", zip file "/data/app/com.newsblur-1.apk"],nativeLibraryDirectories=[/data/app-lib/cz.romario.opensudoku.test-1, /data/app-lib/com.newsblur-1, /system/lib]]
W/ClassPathPackageInfoSource( 7495): 	at dalvik.system.BaseDexClassLoader.findClass(BaseDexClassLoader.java:56)
W/ClassPathPackageInfoSource( 7495): 	at java.lang.ClassLoader.loadClass(ClassLoader.java:497)
W/ClassPathPackageInfoSource( 7495): 	at java.lang.ClassLoader.loadClass(ClassLoader.java:457)
W/ClassPathPackageInfoSource( 7495): 	... 26 more
I/dalvikvm( 7495): Failed resolving Lorg/jdom2/xpath/jaxen/JaxenCompiled; interface 349 'Lorg/jaxen/NamespaceContext;'
W/dalvikvm( 7495): Link of class 'Lorg/jdom2/xpath/jaxen/JaxenCompiled;' failed
W/ClassPathPackageInfoSource( 7495): Cannot load class. Make sure it is in your apk. Class name: 'org.jdom2.xpath.jaxen.JaxenCompiled'. Message: org.jdom2.xpath.jaxen.JaxenCompiled
W/ClassPathPackageInfoSource( 7495): java.lang.ClassNotFoundException: org.jdom2.xpath.jaxen.JaxenCompiled
W/ClassPathPackageInfoSource( 7495): 	at java.lang.Class.classForName(Native Method)
W/ClassPathPackageInfoSource( 7495): 	at java.lang.Class.forName(Class.java:251)
W/ClassPathPackageInfoSource( 7495): 	at android.test.ClassPathPackageInfoSource.createPackageInfo(ClassPathPackageInfoSource.java:88)
W/ClassPathPackageInfoSource( 7495): 	at android.test.ClassPathPackageInfoSource.access$000(ClassPathPackageInfoSource.java:39)
W/ClassPathPackageInfoSource( 7495): 	at android.test.ClassPathPackageInfoSource$1.load(ClassPathPackageInfoSource.java:50)
W/ClassPathPackageInfoSource( 7495): 	at android.test.ClassPathPackageInfoSource$1.load(ClassPathPackageInfoSource.java:47)
W/ClassPathPackageInfoSource( 7495): 	at android.test.SimpleCache.get(SimpleCache.java:31)
W/ClassPathPackageInfoSource( 7495): 	at android.test.ClassPathPackageInfoSource.getPackageInfo(ClassPathPackageInfoSource.java:72)
W/ClassPathPackageInfoSource( 7495): 	at android.test.ClassPathPackageInfo.getSubpackages(ClassPathPackageInfo.java:48)
W/ClassPathPackageInfoSource( 7495): 	at android.test.ClassPathPackageInfo.addTopLevelClassesTo(ClassPathPackageInfo.java:61)
W/ClassPathPackageInfoSource( 7495): 	at android.test.ClassPathPackageInfo.getTopLevelClassesRecursive(ClassPathPackageInfo.java:55)
W/ClassPathPackageInfoSource( 7495): 	at android.test.suitebuilder.TestGrouping.testCaseClassesInPackage(TestGrouping.java:156)
W/ClassPathPackageInfoSource( 7495): 	at android.test.suitebuilder.TestGrouping.addPackagesRecursive(TestGrouping.java:117)
W/ClassPathPackageInfoSource( 7495): 	at android.test.suitebuilder.TestSuiteBuilder.includePackages(TestSuiteBuilder.java:102)
W/ClassPathPackageInfoSource( 7495): 	at android.test.InstrumentationTestRunner.onCreate(InstrumentationTestRunner.java:366)
W/ClassPathPackageInfoSource( 7495): 	at android.app.ActivityThread.handleBindApplication(ActivityThread.java:4335)
W/ClassPathPackageInfoSource( 7495): 	at android.app.ActivityThread.access$1500(ActivityThread.java:135)
W/ClassPathPackageInfoSource( 7495): 	at android.app.ActivityThread$H.handleMessage(ActivityThread.java:1256)
W/ClassPathPackageInfoSource( 7495): 	at android.os.Handler.dispatchMessage(Handler.java:102)
W/ClassPathPackageInfoSource( 7495): 	at android.os.Looper.loop(Looper.java:136)
W/ClassPathPackageInfoSource( 7495): 	at android.app.ActivityThread.main(ActivityThread.java:5017)
W/ClassPathPackageInfoSource( 7495): 	at java.lang.reflect.Method.invokeNative(Native Method)
W/ClassPathPackageInfoSource( 7495): 	at java.lang.reflect.Method.invoke(Method.java:515)
W/ClassPathPackageInfoSource( 7495): 	at com.android.internal.os.ZygoteInit$MethodAndArgsCaller.run(ZygoteInit.java:779)
W/ClassPathPackageInfoSource( 7495): 	at com.android.internal.os.ZygoteInit.main(ZygoteInit.java:595)
W/ClassPathPackageInfoSource( 7495): 	at dalvik.system.NativeStart.main(Native Method)
W/ClassPathPackageInfoSource( 7495): Caused by: java.lang.NoClassDefFoundError: org/jdom2/xpath/jaxen/JaxenCompiled
W/ClassPathPackageInfoSource( 7495): 	... 26 more
W/ClassPathPackageInfoSource( 7495): Caused by: java.lang.ClassNotFoundException: Didn't find class "org.jdom2.xpath.jaxen.JaxenCompiled" on path: DexPathList[[zip file "/system/framework/android.test.runner.jar", zip file "/data/app/cz.romario.opensudoku.test-1.apk", zip file "/data/app/com.newsblur-1.apk"],nativeLibraryDirectories=[/data/app-lib/cz.romario.opensudoku.test-1, /data/app-lib/com.newsblur-1, /system/lib]]
W/ClassPathPackageInfoSource( 7495): 	at dalvik.system.BaseDexClassLoader.findClass(BaseDexClassLoader.java:56)
W/ClassPathPackageInfoSource( 7495): 	at java.lang.ClassLoader.loadClass(ClassLoader.java:497)
W/ClassPathPackageInfoSource( 7495): 	at java.lang.ClassLoader.loadClass(ClassLoader.java:457)
W/ClassPathPackageInfoSource( 7495): 	... 26 more
D/dalvikvm( 7495): GC_CONCURRENT freed 485K, 18% free 3545K/4316K, paused 3ms+2ms, total 29ms
D/dalvikvm( 7495): WAIT_FOR_CONCURRENT_GC blocked 6ms
I/TestRunner( 7495): started: test2(cz.romario.opensudoku.test.test)
I/ActivityManager(  373): START u0 {act=android.intent.action.MAIN flg=0x10000000 cmp=com.newsblur/.activity.InitActivity} from pid 7495
D/dalvikvm(  373): GC_FOR_ALLOC freed 111K, 41% free 7458K/12584K, paused 82ms, total 84ms
I/dalvikvm-heap(  373): Grow heap (frag case) to 8.379MB for 856096-byte allocation
D/dalvikvm(  373): GC_FOR_ALLOC freed 7K, 39% free 8286K/13424K, paused 54ms, total 54ms
D/dalvikvm( 7495): GC_FOR_ALLOC freed 289K, 21% free 3421K/4316K, paused 58ms, total 60ms
I/dalvikvm-heap( 7495): Grow heap (frag case) to 5.593MB for 2073616-byte allocation
D/dalvikvm( 7495): GC_FOR_ALLOC freed <1K, 15% free 5446K/6344K, paused 24ms, total 24ms
D/dalvikvm( 7495): GC_CONCURRENT freed <1K, 15% free 5446K/6344K, paused 28ms+2ms, total 69ms
I/com.newsblur.activity.InitActivity( 7495): cold launching version 6.1.0
I/com.newsblur.util.PrefsUtils( 7495): detected new version of app:6.1.0
I/com.newsblur.database.BlurDatabaseHelper( 7495): dropping and recreating all tables . . .
D/        ( 7495): HostConnection::get() New Host Connection established 0xb87594b8, tid 7495
D/OpenGLRenderer( 7495): Enabling debug mode 0
E/dalvikvm( 7495): Could not find class 'android.support.v4.app.FragmentActivity', referenced from method com.robotium.solo.Waiter.getSupportFragment
