E/dalvikvm( 7287): Could not find class 'android.support.v4.app.FragmentActivity', referenced from method com.robotium.solo.Waiter.getSupportFragment
W/dalvikvm( 7287): VFY: unable to resolve check-cast 41 (Landroid/support/v4/app/FragmentActivity;) in Lcom/robotium/solo/Waiter;
D/dalvikvm( 7287): VFY: replacing opcode 0x1f at 0x0009
I/dalvikvm( 7287): Could not find method android.support.v4.app.FragmentActivity.getSupportFragmentManager, referenced from method com.robotium.solo.Waiter.getSupportFragment
W/dalvikvm( 7287): VFY: unable to resolve virtual method 65: Landroid/support/v4/app/FragmentActivity;.getSupportFragmentManager ()Landroid/support/v4/app/FragmentManager;
D/dalvikvm( 7287): VFY: replacing opcode 0x6e at 0x0010
I/dalvikvm( 7287): Could not find method android.support.v4.app.FragmentActivity.getSupportFragmentManager, referenced from method com.robotium.solo.Waiter.getSupportFragment
W/dalvikvm( 7287): VFY: unable to resolve virtual method 65: Landroid/support/v4/app/FragmentActivity;.getSupportFragmentManager ()Landroid/support/v4/app/FragmentManager;
D/dalvikvm( 7287): VFY: replacing opcode 0x6e at 0x0019
W/dalvikvm( 7287): VFY: unable to find class referenced in signature (Landroid/support/v4/app/Fragment;)
W/dalvikvm( 7287): VFY: unable to find class referenced in signature (Landroid/support/v4/app/Fragment;)
I/ActivityManager(  373): Activity reported stop, but no longer stopping: ActivityRecord{b22b5230 u0 com.newsblur/.activity.InitActivity t47 f}
D/dalvikvm(  567): GC_CONCURRENT freed 407K, 18% free 3538K/4264K, paused 2ms+25ms, total 66ms
E/SoundPool(  373): error loading /system/media/audio/ui/Effect_Tick.ogg
W/AudioService(  373): Soundpool could not load file: /system/media/audio/ui/Effect_Tick.ogg
E/SoundPool(  373): error loading /system/media/audio/ui/Effect_Tick.ogg
W/AudioService(  373): Soundpool could not load file: /system/media/audio/ui/Effect_Tick.ogg
E/SoundPool(  373): error loading /system/media/audio/ui/Effect_Tick.ogg
W/AudioService(  373): Soundpool could not load file: /system/media/audio/ui/Effect_Tick.ogg
E/SoundPool(  373): error loading /system/media/audio/ui/Effect_Tick.ogg
W/AudioService(  373): Soundpool could not load file: /system/media/audio/ui/Effect_Tick.ogg
E/SoundPool(  373): error loading /system/media/audio/ui/Effect_Tick.ogg
W/AudioService(  373): Soundpool could not load file: /system/media/audio/ui/Effect_Tick.ogg
E/SoundPool(  373): error loading /system/media/audio/ui/KeypressStandard.ogg
W/AudioService(  373): Soundpool could not load file: /system/media/audio/ui/KeypressStandard.ogg
E/SoundPool(  373): error loading /system/media/audio/ui/KeypressSpacebar.ogg
W/AudioService(  373): Soundpool could not load file: /system/media/audio/ui/KeypressSpacebar.ogg
E/SoundPool(  373): error loading /system/media/audio/ui/KeypressDelete.ogg
W/AudioService(  373): Soundpool could not load file: /system/media/audio/ui/KeypressDelete.ogg
E/SoundPool(  373): error loading /system/media/audio/ui/KeypressReturn.ogg
W/AudioService(  373): Soundpool could not load file: /system/media/audio/ui/KeypressReturn.ogg
E/SoundPool(  373): error loading /system/media/audio/ui/KeypressInvalid.ogg
W/AudioService(  373): Soundpool could not load file: /system/media/audio/ui/KeypressInvalid.ogg
W/AudioService(  373): onLoadSoundEffects(), Error -1 while loading samples
I/System.out( 7287): wait
I/System.out( 7287): wait
I/System.out( 7287): wait
I/System.out( 7287): wait
D/ConnectivityService(  373): Sampling interval elapsed, updating statistics ..
D/ConnectivityService(  373): Done.
D/ConnectivityService(  373): Setting timer for 720seconds
I/ActivityManager(  373): START u0 {cmp=com.newsblur/.activity.RegisterProgress (has extras)} from pid 7287
E/SoundPool(  373): error loading /system/media/audio/ui/Effect_Tick.ogg
W/AudioService(  373): Soundpool could not load file: /system/media/audio/ui/Effect_Tick.ogg
E/SoundPool(  373): error loading /system/media/audio/ui/Effect_Tick.ogg
W/AudioService(  373): Soundpool could not load file: /system/media/audio/ui/Effect_Tick.ogg
E/SoundPool(  373): error loading /system/media/audio/ui/Effect_Tick.ogg
W/AudioService(  373): Soundpool could not load file: /system/media/audio/ui/Effect_Tick.ogg
E/SoundPool(  373): error loading /system/media/audio/ui/Effect_Tick.ogg
W/AudioService(  373): Soundpool could not load file: /system/media/audio/ui/Effect_Tick.ogg
E/SoundPool(  373): error loading /system/media/audio/ui/Effect_Tick.ogg
W/AudioService(  373): Soundpool could not load file: /system/media/audio/ui/Effect_Tick.ogg
E/SoundPool(  373): error loading /system/media/audio/ui/KeypressStandard.ogg
W/AudioService(  373): Soundpool could not load file: /system/media/audio/ui/KeypressStandard.ogg
E/SoundPool(  373): error loading /system/media/audio/ui/KeypressSpacebar.ogg
W/AudioService(  373): Soundpool could not load file: /system/media/audio/ui/KeypressSpacebar.ogg
E/SoundPool(  373): error loading /system/media/audio/ui/KeypressDelete.ogg
W/AudioService(  373): Soundpool could not load file: /system/media/audio/ui/KeypressDelete.ogg
E/SoundPool(  373): error loading /system/media/audio/ui/KeypressReturn.ogg
W/AudioService(  373): Soundpool could not load file: /system/media/audio/ui/KeypressReturn.ogg
E/SoundPool(  373): error loading /system/media/audio/ui/KeypressInvalid.ogg
W/AudioService(  373): Soundpool could not load file: /system/media/audio/ui/KeypressInvalid.ogg
W/AudioService(  373): onLoadSoundEffects(), Error -1 while loading samples
I/System.out( 7287): wait
I/System.out( 7287): wait
I/System.out( 7287): 1
I/System.out( 7287): 2
I/System.out( 7287): 3
I/System.out( 7287): 4
I/System.out( 7287): 5
I/System.out( 7287): 6
D/dalvikvm( 7287): GC_CONCURRENT freed 1142K, 13% free 10163K/11576K, paused 12ms+7ms, total 128ms
I/Choreographer( 7287): Skipped 84 frames!  The application may be doing too much work on its main thread.
I/ActivityManager(  373): START u0 {cmp=com.newsblur/.activity.Login} from pid 7287
I/LatinIME:LogUtils(  567): Dictionary info: dictionary = contacts.en_US.dict ; version = ? ; date = ?
I/Choreographer( 7287): Skipped 36 frames!  The application may be doing too much work on its main thread.
W/ViewRootImpl( 7287): Dropping event due to no window focus: KeyEvent { action=ACTION_DOWN, keyCode=KEYCODE_BACK, scanCode=0, metaState=0, flags=0x8, repeatCount=0, eventTime=2474204, downTime=2474204, deviceId=-1, source=0x101 }
D/InputEventConsistencyVerifier( 7287): KeyEvent: ACTION_UP but key was not down.
D/InputEventConsistencyVerifier( 7287):   in com.android.internal.policy.impl.PhoneWindow$DecorView{b1ebb530 V.E..... R.....I. 0,0-1080,1776}
D/InputEventConsistencyVerifier( 7287):   0: sent at 2474422000000, KeyEvent { action=ACTION_UP, keyCode=KEYCODE_BACK, scanCode=0, metaState=0, flags=0x8, repeatCount=0, eventTime=2474422, downTime=2474422, deviceId=-1, source=0x101 }
I/ActivityManager(  373): Displayed com.newsblur/.activity.Login: +2s377ms (total +5s106ms)
W/ViewRootImpl( 7287): Dropping event due to no window focus: KeyEvent { action=ACTION_DOWN, keyCode=KEYCODE_BACK, scanCode=0, metaState=0, flags=0x8, repeatCount=0, eventTime=2476843, downTime=2476843, deviceId=-1, source=0x101 }
D/InputEventConsistencyVerifier( 7287): KeyEvent: ACTION_UP but key was not down.
D/InputEventConsistencyVerifier( 7287):   in com.android.internal.policy.impl.PhoneWindow$DecorView{b1e732d8 V.E..... R....... 0,0-1080,1776}
D/InputEventConsistencyVerifier( 7287):   0: sent at 2476942000000, KeyEvent { action=ACTION_UP, keyCode=KEYCODE_BACK, scanCode=0, metaState=0, flags=0x8, repeatCount=0, eventTime=2476942, downTime=2476942, deviceId=-1, source=0x101 }
D/InputEventConsistencyVerifier( 7287):   -- recent events --
D/InputEventConsistencyVerifier( 7287):   1: sent at 2469568000000, MotionEvent { action=ACTION_UP, id[0]=0, x[0]=810.0, y[0]=1644.0, toolType[0]=TOOL_TYPE_UNKNOWN, buttonState=0, metaState=0, flags=0x0, edgeFlags=0x0, pointerCount=1, historySize=0, eventTime=2469568, downTime=2469568, deviceId=0, source=0x1002 }
D/InputEventConsistencyVerifier( 7287):   2: sent at 2469568000000, MotionEvent { action=ACTION_DOWN, id[0]=0, x[0]=810.0, y[0]=1644.0, toolType[0]=TOOL_TYPE_UNKNOWN, buttonState=0, metaState=0, flags=0x0, edgeFlags=0x0, pointerCount=1, historySize=0, eventTime=2469568, downTime=2469568, deviceId=0, source=0x1002 }
D/InputEventConsistencyVerifier( 7287):   3: sent at 2464843000000, MotionEvent { action=ACTION_UP, id[0]=0, x[0]=811.0, y[0]=1075.5, toolType[0]=TOOL_TYPE_UNKNOWN, buttonState=0, metaState=0, flags=0x0, edgeFlags=0x0, pointerCount=1, historySize=0, eventTime=2464843, downTime=2464843, deviceId=0, source=0x1002 }
D/InputEventConsistencyVerifier( 7287):   4: sent at 2464843000000, MotionEvent { action=ACTION_DOWN, id[0]=0, x[0]=811.0, y[0]=1075.5, toolType[0]=TOOL_TYPE_UNKNOWN, buttonState=0, metaState=0, flags=0x0, edgeFlags=0x0, pointerCount=1, historySize=0, eventTime=2464843, downTime=2464843, deviceId=0, source=0x1002 }
D/dalvikvm(  373): GC_FOR_ALLOC freed 312K, 38% free 8336K/13424K, paused 43ms, total 45ms
I/dalvikvm-heap(  373): Grow heap (frag case) to 9.237MB for 856096-byte allocation
D/dalvikvm(  373): GC_FOR_ALLOC freed <1K, 36% free 9172K/14264K, paused 53ms, total 53ms
D/dalvikvm(  373): GC_FOR_ALLOC freed 34K, 36% free 9138K/14264K, paused 44ms, total 45ms
I/dalvikvm-heap(  373): Grow heap (frag case) to 10.020MB for 856096-byte allocation
D/dalvikvm(  373): GC_FOR_ALLOC freed <1K, 34% free 9974K/15104K, paused 50ms, total 50ms
W/InputDispatcher(  373): Permission denied: injecting event from pid 7287 uid 10097 to window Window{b1f2bca8 u0 com.android.launcher/com.android.launcher2.Launcher} owned by uid 10008
W/InputManager(  373): Input event injection from pid 7287 permission denied.
W/InputDispatcher(  373): Permission denied: injecting event from pid 7287 uid 10097 to window Window{b1f2bca8 u0 com.android.launcher/com.android.launcher2.Launcher} owned by uid 10008
W/InputManager(  373): Input event injection from pid 7287 permission denied.
I/System.out( 7287): aa
D/dalvikvm( 7287): GC_EXPLICIT freed 887K, 12% free 10196K/11576K, paused 9ms+4ms, total 60ms
D/dalvikvm( 7287): GC_EXPLICIT freed 109K, 13% free 10089K/11576K, paused 6ms+2ms, total 36ms
I/TestRunner( 7287): finished: test2(cz.romario.opensudoku.test.test)
I/TestRunner( 7287): passed: test2(cz.romario.opensudoku.test.test)
D/AndroidRuntime( 7276): Shutting down VM
D/dalvikvm( 7276): GC_CONCURRENT freed 98K, 16% free 565K/668K, paused 12ms+2ms, total 35ms
I/ActivityManager(  373): Force stopping com.newsblur appid=10097 user=0: finished inst
I/ActivityManager(  373): Killing 7287:com.newsblur/u0a97 (adj 0): stop com.newsblur
D/AndroidRuntime( 7322): 
D/AndroidRuntime( 7322): >>>>>> AndroidRuntime START com.android.internal.os.RuntimeInit <<<<<<
D/AndroidRuntime( 7322): CheckJNI is ON
D/dalvikvm( 7322): Trying to load lib libjavacore.so 0x0
D/dalvikvm( 7322): Added shared lib libjavacore.so 0x0
D/dalvikvm( 7322): Trying to load lib libnativehelper.so 0x0
D/dalvikvm( 7322): Added shared lib libnativehelper.so 0x0
D/dalvikvm( 7322): No JNI_OnLoad found in libnativehelper.so 0x0, skipping init
D/dalvikvm( 7322): Note: class Landroid/app/ActivityManagerNative; has 179 unimplemented (abstract) methods
E/memtrack( 7322): Couldn't load memtrack module (No such file or directory)
E/android.os.Debug( 7322): failed to load memtrack module: -2
D/AndroidRuntime( 7322): Calling main entry com.android.commands.input.Input
I/Input   ( 7322): injectKeyEvent: KeyEvent { action=ACTION_DOWN, keyCode=KEYCODE_BACK, scanCode=0, metaState=0, flags=0x0, repeatCount=0, eventTime=2482017, downTime=2482017, deviceId=-1, source=0x101 }
I/Input   ( 7322): injectKeyEvent: KeyEvent { action=ACTION_UP, keyCode=KEYCODE_BACK, scanCode=0, metaState=0, flags=0x0, repeatCount=0, eventTime=2482017, downTime=2482017, deviceId=-1, source=0x101 }
D/AndroidRuntime( 7322): Shutting down VM
D/dalvikvm( 7322): GC_CONCURRENT freed 98K, 16% free 563K/664K, paused 3ms+4ms, total 21ms
D/AndroidRuntime( 7333): 
D/AndroidRuntime( 7333): >>>>>> AndroidRuntime START com.android.internal.os.RuntimeInit <<<<<<
D/AndroidRuntime( 7333): CheckJNI is ON
D/dalvikvm( 7333): Trying to load lib libjavacore.so 0x0
D/dalvikvm( 7333): Added shared lib libjavacore.so 0x0
D/dalvikvm( 7333): Trying to load lib libnativehelper.so 0x0
D/dalvikvm( 7333): Added shared lib libnativehelper.so 0x0
D/dalvikvm( 7333): No JNI_OnLoad found in libnativehelper.so 0x0, skipping init
D/dalvikvm( 7333): Note: class Landroid/app/ActivityManagerNative; has 179 unimplemented (abstract) methods
E/memtrack( 7333): Couldn't load memtrack module (No such file or directory)
E/android.os.Debug( 7333): failed to load memtrack module: -2
D/AndroidRuntime( 7333): Calling main entry com.android.commands.input.Input
I/Input   ( 7333): injectKeyEvent: KeyEvent { action=ACTION_DOWN, keyCode=KEYCODE_BACK, scanCode=0, metaState=0, flags=0x0, repeatCount=0, eventTime=2484423, downTime=2484423, deviceId=-1, source=0x101 }
I/Input   ( 7333): injectKeyEvent: KeyEvent { action=ACTION_UP, keyCode=KEYCODE_BACK, scanCode=0, metaState=0, flags=0x0, repeatCount=0, eventTime=2484423, downTime=2484423, deviceId=-1, source=0x101 }
D/AndroidRuntime( 7333): Shutting down VM
D/dalvikvm( 7333): GC_CONCURRENT freed 98K, 16% free 563K/664K, paused 2ms+6ms, total 16ms
D/AndroidRuntime( 7344): 
D/AndroidRuntime( 7344): >>>>>> AndroidRuntime START com.android.internal.os.RuntimeInit <<<<<<
D/AndroidRuntime( 7344): CheckJNI is ON
D/dalvikvm( 7344): Trying to load lib libjavacore.so 0x0
D/dalvikvm( 7344): Added shared lib libjavacore.so 0x0
D/dalvikvm( 7344): Trying to load lib libnativehelper.so 0x0
D/dalvikvm( 7344): Added shared lib libnativehelper.so 0x0
D/dalvikvm( 7344): No JNI_OnLoad found in libnativehelper.so 0x0, skipping init
D/dalvikvm( 7344): Note: class Landroid/app/ActivityManagerNative; has 179 unimplemented (abstract) methods
E/memtrack( 7344): Couldn't load memtrack module (No such file or directory)
E/android.os.Debug( 7344): failed to load memtrack module: -2
D/AndroidRuntime( 7344): Calling main entry com.android.commands.pm.Pm
I/ActivityManager(  373): Force stopping com.newsblur appid=10097 user=-1: uninstall pkg
W/PackageManager(  373): Couldn't delete native library directory /data/app-lib/com.newsblur
D/keystore(   58): calling clear_uid in state: 3
I/ActivityManager(  373): Force stopping com.newsblur appid=10097 user=0: pkg removed
I/InputReader(  373): Reconfiguring input devices.  changes=0x00000010
I/PackageManager(  373):   Action: "android.intent.action.SENDTO"
I/PackageManager(  373):   Category: "android.intent.category.DEFAULT"
I/PackageManager(  373):   Scheme: "sms"
I/PackageManager(  373): Adding preferred activity ComponentInfo{com.android.mms/com.android.mms.ui.ComposeMessageActivity} for user 0 :
I/PackageManager(  373):   Action: "android.intent.action.SENDTO"
I/PackageManager(  373):   Category: "android.intent.category.DEFAULT"
I/PackageManager(  373):   Scheme: "smsto"
I/PackageManager(  373): Adding preferred activity ComponentInfo{com.android.mms/com.android.mms.ui.ComposeMessageActivity} for user 0 :
I/LatinIME:LogUtils(  567): Dictionary info: dictionary = main:en ; version = 42 ; date = 1381226429
I/PackageManager(  373):   Action: "android.intent.action.SENDTO"
I/PackageManager(  373):   Category: "android.intent.category.DEFAULT"
I/PackageManager(  373):   Scheme: "mms"
I/PackageManager(  373): Adding preferred activity ComponentInfo{com.android.mms/com.android.mms.ui.ComposeMessageActivity} for user 0 :
D/dalvikvm(  695): GC_EXPLICIT freed 2863K, 54% free 13030K/27996K, paused 59ms+4ms, total 236ms
I/PackageManager(  373):   Action: "android.intent.action.SENDTO"
I/PackageManager(  373):   Category: "android.intent.category.DEFAULT"
I/PackageManager(  373):   Scheme: "mmsto"
I/PackageManager(  373): Adding preferred activity ComponentInfo{com.android.mms/com.android.mms.ui.ComposeMessageActivity} for user 0 :
D/Documents( 1378): Used cached roots for com.android.providers.downloads.documents
D/Documents( 1378): Used cached roots for com.android.externalstorage.documents
D/Documents( 1378): Used cached roots for com.android.providers.media.documents
D/Documents( 1378): Update found 6 roots in 67ms
D/dalvikvm(  373): GC_EXPLICIT freed 1437K, 39% free 9234K/15104K, paused 6ms+69ms, total 318ms
I/PackageManager(  373):   Action: "android.intent.action.SENDTO"
I/PackageManager(  373):   Category: "android.intent.category.DEFAULT"
I/PackageManager(  373):   Scheme: "sms"
I/PackageManager(  373): Adding preferred activity ComponentInfo{com.android.mms/com.android.mms.ui.ComposeMessageActivity} for user 0 :
I/PackageManager(  373):   Action: "android.intent.action.SENDTO"
I/PackageManager(  373):   Category: "android.intent.category.DEFAULT"
I/PackageManager(  373):   Scheme: "smsto"
I/PackageManager(  373): Adding preferred activity ComponentInfo{com.android.mms/com.android.mms.ui.ComposeMessageActivity} for user 0 :
D/BackupManagerService(  373): Received broadcast Intent { act=android.intent.action.PACKAGE_REMOVED dat=package:com.newsblur flg=0x4000010 (has extras) }
V/BackupManagerService(  373): removePackageParticipantsLocked: uid=10097 #1
D/dalvikvm(  590): GC_CONCURRENT freed 412K, 19% free 3837K/4688K, paused 3ms+2ms, total 57ms
I/PackageManager(  373):   Action: "android.intent.action.SENDTO"
I/PackageManager(  373):   Category: "android.intent.category.DEFAULT"
I/PackageManager(  373):   Scheme: "mms"
I/PackageManager(  373): Adding preferred activity ComponentInfo{com.android.mms/com.android.mms.ui.ComposeMessageActivity} for user 0 :
I/PackageManager(  373):   Action: "android.intent.action.SENDTO"
I/PackageManager(  373):   Category: "android.intent.category.DEFAULT"
I/PackageManager(  373):   Scheme: "mmsto"
I/PackageManager(  373): Adding preferred activity ComponentInfo{com.android.mms/com.android.mms.ui.ComposeMessageActivity} for user 0 :
D/VoicemailCleanupService(  584): Cleaning up data for package: com.newsblur
W/ContextImpl( 1362): Calling a method in the system process without a qualified user: android.app.ContextImpl.startService:1479 android.content.ContextWrapper.startService:494 android.content.ContextWrapper.startService:494 com.android.keychain.KeyChainBroadcastReceiver.onReceive:12 android.app.ActivityThread.handleReceiver:2419 
D/MobileDataStateTracker(  373): default: setPolicyDataEnable(enabled=true)
D/dalvikvm(  373): GC_EXPLICIT freed 771K, 40% free 9163K/15104K, paused 108ms+12ms, total 448ms
D/AndroidRuntime( 7344): Shutting down VM
D/dalvikvm( 7344): GC_CONCURRENT freed 94K, 15% free 558K/656K, paused 14ms+14ms, total 41ms
D/MobileDataStateTracker(  373): default: setPolicyDataEnable(enabled=true)
D/AndroidRuntime( 7363): 
D/AndroidRuntime( 7363): >>>>>> AndroidRuntime START com.android.internal.os.RuntimeInit <<<<<<
D/AndroidRuntime( 7363): CheckJNI is ON
D/dalvikvm( 7363): Trying to load lib libjavacore.so 0x0
D/dalvikvm( 7363): Added shared lib libjavacore.so 0x0
D/dalvikvm( 7363): Trying to load lib libnativehelper.so 0x0
D/dalvikvm( 7363): Added shared lib libnativehelper.so 0x0
D/dalvikvm( 7363): No JNI_OnLoad found in libnativehelper.so 0x0, skipping init
D/dalvikvm( 7363): Note: class Landroid/app/ActivityManagerNative; has 179 unimplemented (abstract) methods
E/memtrack( 7363): Couldn't load memtrack module (No such file or directory)
E/android.os.Debug( 7363): failed to load memtrack module: -2
D/AndroidRuntime( 7363): Calling main entry com.android.commands.pm.Pm
W/PackageManager(  373): Couldn't get low memory threshold; no free limit imposed
W/ActivityManager(  373): No content provider found for permission revoke: file:///data/local/tmp/newsblur-v6.10_debug.apk
W/ActivityManager(  373): No content provider found for permission revoke: file:///data/local/tmp/newsblur-v6.10_debug.apk
I/PackageManager(  373): Copying native libraries to /data/app-lib/vmdl-681247681
D/dalvikvm(  373): GC_CONCURRENT freed 1181K, 37% free 9519K/15104K, paused 4ms+5ms, total 79ms
D/dalvikvm(  373): GC_CONCURRENT freed 1595K, 38% free 9443K/15104K, paused 6ms+6ms, total 65ms
I/PackageManager(  373): Running dexopt on: com.newsblur
D/dalvikvm( 7375): DexOpt: load 166ms, verify+opt 825ms, 1455708 bytes
I/ActivityManager(  373): Force stopping com.newsblur appid=10098 user=-1: update pkg
I/InputReader(  373): Reconfiguring input devices.  changes=0x00000010
D/BackupManagerService(  373): Received broadcast Intent { act=android.intent.action.PACKAGE_ADDED dat=package:com.newsblur flg=0x4000010 (has extras) }
V/BackupManagerService(  373): addPackageParticipantsLocked: #1
D/dalvikvm(  695): GC_FOR_ALLOC freed 493K, 54% free 13031K/27996K, paused 27ms, total 27ms
D/dalvikvm(  695): GC_CONCURRENT freed 3K, 47% free 15052K/27996K, paused 3ms+13ms, total 70ms
I/PackageManager(  373):   Action: "android.intent.action.SENDTO"
I/PackageManager(  373):   Category: "android.intent.category.DEFAULT"
I/PackageManager(  373):   Scheme: "sms"
I/PackageManager(  373): Adding preferred activity ComponentInfo{com.android.mms/com.android.mms.ui.ComposeMessageActivity} for user 0 :
D/Documents( 1378): Used cached roots for com.android.providers.downloads.documents
D/Documents( 1378): Used cached roots for com.android.externalstorage.documents
D/Documents( 1378): Used cached roots for com.android.providers.media.documents
D/Documents( 1378): Update found 6 roots in 240ms
I/PackageManager(  373):   Action: "android.intent.action.SENDTO"
I/PackageManager(  373):   Category: "android.intent.category.DEFAULT"
I/PackageManager(  373):   Scheme: "smsto"
I/PackageManager(  373): Adding preferred activity ComponentInfo{com.android.mms/com.android.mms.ui.ComposeMessageActivity} for user 0 :
I/PackageManager(  373):   Action: "android.intent.action.SENDTO"
I/PackageManager(  373):   Category: "android.intent.category.DEFAULT"
I/PackageManager(  373):   Scheme: "mms"
I/PackageManager(  373): Adding preferred activity ComponentInfo{com.android.mms/com.android.mms.ui.ComposeMessageActivity} for user 0 :
I/PackageManager(  373):   Action: "android.intent.action.SENDTO"
I/PackageManager(  373):   Category: "android.intent.category.DEFAULT"
I/PackageManager(  373):   Scheme: "mmsto"
I/PackageManager(  373): Adding preferred activity ComponentInfo{com.android.mms/com.android.mms.ui.ComposeMessageActivity} for user 0 :
D/dalvikvm(  590): GC_CONCURRENT freed 489K, 19% free 3812K/4688K, paused 2ms+2ms, total 64ms
I/PackageManager(  373):   Action: "android.intent.action.SENDTO"
I/PackageManager(  373):   Category: "android.intent.category.DEFAULT"
I/PackageManager(  373):   Scheme: "sms"
I/PackageManager(  373): Adding preferred activity ComponentInfo{com.android.mms/com.android.mms.ui.ComposeMessageActivity} for user 0 :
I/PackageManager(  373):   Action: "android.intent.action.SENDTO"
I/PackageManager(  373):   Category: "android.intent.category.DEFAULT"
I/PackageManager(  373): Adding preferred activity ComponentInfo{com.android.mms/com.android.mms.ui.ComposeMessageActivity} for user 0 :
I/PackageManager(  373):   Scheme: "smsto"
I/PackageManager(  373):   Action: "android.intent.action.SENDTO"
I/PackageManager(  373):   Category: "android.intent.category.DEFAULT"
I/PackageManager(  373):   Scheme: "mms"
I/PackageManager(  373): Adding preferred activity ComponentInfo{com.android.mms/com.android.mms.ui.ComposeMessageActivity} for user 0 :
I/PackageManager(  373):   Action: "android.intent.action.SENDTO"
I/PackageManager(  373):   Category: "android.intent.category.DEFAULT"
I/PackageManager(  373):   Scheme: "mmsto"
I/PackageManager(  373): Adding preferred activity ComponentInfo{com.android.mms/com.android.mms.ui.ComposeMessageActivity} for user 0 :
D/dalvikvm(  373): GC_EXPLICIT freed 1541K, 38% free 9478K/15104K, paused 243ms+9ms, total 577ms
D/dalvikvm(  373): WAIT_FOR_CONCURRENT_GC blocked 74ms
D/dalvikvm(  373): WAIT_FOR_CONCURRENT_GC blocked 76ms
D/AndroidRuntime( 7363): Shutting down VM
D/dalvikvm( 7363): GC_CONCURRENT freed 95K, 16% free 560K/660K, paused 3ms+24ms, total 44ms
W/RecognitionManagerService(  373): no available voice recognition services found for user 0
D/AndroidRuntime( 7384): 
D/AndroidRuntime( 7384): >>>>>> AndroidRuntime START com.android.internal.os.RuntimeInit <<<<<<
D/AndroidRuntime( 7384): CheckJNI is ON
D/dalvikvm( 7384): Trying to load lib libjavacore.so 0x0
D/dalvikvm( 7384): Added shared lib libjavacore.so 0x0
D/dalvikvm( 7384): Trying to load lib libnativehelper.so 0x0
D/dalvikvm( 7384): Added shared lib libnativehelper.so 0x0
D/dalvikvm( 7384): No JNI_OnLoad found in libnativehelper.so 0x0, skipping init
D/dalvikvm( 7384): Note: class Landroid/app/ActivityManagerNative; has 179 unimplemented (abstract) methods
E/memtrack( 7384): Couldn't load memtrack module (No such file or directory)
E/android.os.Debug( 7384): failed to load memtrack module: -2
D/AndroidRuntime( 7384): Calling main entry com.android.commands.am.Am
I/ActivityManager(  373): Force stopping com.newsblur appid=10098 user=0: start instr
I/ActivityManager(  373): Start proc com.newsblur for added application com.newsblur: pid=7395 uid=10098 gids={50098, 3003, 1028, 1015}
D/dalvikvm( 7395): GC_CONCURRENT freed 298K, 15% free 3375K/3956K, paused 5ms+3ms, total 47ms
D/dalvikvm( 7395): WAIT_FOR_CONCURRENT_GC blocked 11ms
D/dalvikvm( 7395): GC_CONCURRENT freed 468K, 19% free 3349K/4104K, paused 7ms+4ms, total 32ms
D/dalvikvm( 7395): GC_CONCURRENT freed 485K, 17% free 3446K/4116K, paused 5ms+3ms, total 44ms
W/dalvikvm( 7395): Unable to resolve superclass of Lbutterknife/internal/ButterKnifeProcessor; (1151)
W/dalvikvm( 7395): Link of class 'Lbutterknife/internal/ButterKnifeProcessor;' failed
W/ClassPathPackageInfoSource( 7395): Cannot load class. Make sure it is in your apk. Class name: 'butterknife.internal.ButterKnifeProcessor'. Message: butterknife.internal.ButterKnifeProcessor
W/ClassPathPackageInfoSource( 7395): java.lang.ClassNotFoundException: butterknife.internal.ButterKnifeProcessor
W/ClassPathPackageInfoSource( 7395): 	at java.lang.Class.classForName(Native Method)
W/ClassPathPackageInfoSource( 7395): 	at java.lang.Class.forName(Class.java:251)
W/ClassPathPackageInfoSource( 7395): 	at android.test.ClassPathPackageInfoSource.createPackageInfo(ClassPathPackageInfoSource.java:88)
W/ClassPathPackageInfoSource( 7395): 	at android.test.ClassPathPackageInfoSource.access$000(ClassPathPackageInfoSource.java:39)
W/ClassPathPackageInfoSource( 7395): 	at android.test.ClassPathPackageInfoSource$1.load(ClassPathPackageInfoSource.java:50)
W/ClassPathPackageInfoSource( 7395): 	at android.test.ClassPathPackageInfoSource$1.load(ClassPathPackageInfoSource.java:47)
W/ClassPathPackageInfoSource( 7395): 	at android.test.SimpleCache.get(SimpleCache.java:31)
W/ClassPathPackageInfoSource( 7395): 	at android.test.ClassPathPackageInfoSource.getPackageInfo(ClassPathPackageInfoSource.java:72)
W/ClassPathPackageInfoSource( 7395): 	at android.test.ClassPathPackageInfo.getSubpackages(ClassPathPackageInfo.java:48)
W/ClassPathPackageInfoSource( 7395): 	at android.test.ClassPathPackageInfo.addTopLevelClassesTo(ClassPathPackageInfo.java:61)
W/ClassPathPackageInfoSource( 7395): 	at android.test.ClassPathPackageInfo.getTopLevelClassesRecursive(ClassPathPackageInfo.java:55)
W/ClassPathPackageInfoSource( 7395): 	at android.test.suitebuilder.TestGrouping.testCaseClassesInPackage(TestGrouping.java:156)
W/ClassPathPackageInfoSource( 7395): 	at android.test.suitebuilder.TestGrouping.addPackagesRecursive(TestGrouping.java:117)
W/ClassPathPackageInfoSource( 7395): 	at android.test.suitebuilder.TestSuiteBuilder.includePackages(TestSuiteBuilder.java:102)
W/ClassPathPackageInfoSource( 7395): 	at android.test.InstrumentationTestRunner.onCreate(InstrumentationTestRunner.java:366)
W/ClassPathPackageInfoSource( 7395): 	at android.app.ActivityThread.handleBindApplication(ActivityThread.java:4335)
W/ClassPathPackageInfoSource( 7395): 	at android.app.ActivityThread.access$1500(ActivityThread.java:135)
W/ClassPathPackageInfoSource( 7395): 	at android.app.ActivityThread$H.handleMessage(ActivityThread.java:1256)
W/ClassPathPackageInfoSource( 7395): 	at android.os.Handler.dispatchMessage(Handler.java:102)
W/ClassPathPackageInfoSource( 7395): 	at android.os.Looper.loop(Looper.java:136)
W/ClassPathPackageInfoSource( 7395): 	at android.app.ActivityThread.main(ActivityThread.java:5017)
W/ClassPathPackageInfoSource( 7395): 	at java.lang.reflect.Method.invokeNative(Native Method)
W/ClassPathPackageInfoSource( 7395): 	at java.lang.reflect.Method.invoke(Method.java:515)
W/ClassPathPackageInfoSource( 7395): 	at com.android.internal.os.ZygoteInit$MethodAndArgsCaller.run(ZygoteInit.java:779)
W/ClassPathPackageInfoSource( 7395): 	at com.android.internal.os.ZygoteInit.main(ZygoteInit.java:595)
W/ClassPathPackageInfoSource( 7395): 	at dalvik.system.NativeStart.main(Native Method)
W/ClassPathPackageInfoSource( 7395): Caused by: java.lang.NoClassDefFoundError: butterknife/internal/ButterKnifeProcessor
W/ClassPathPackageInfoSource( 7395): 	... 26 more
W/ClassPathPackageInfoSource( 7395): Caused by: java.lang.ClassNotFoundException: Didn't find class "butterknife.internal.ButterKnifeProcessor" on path: DexPathList[[zip file "/system/framework/android.test.runner.jar", zip file "/data/app/cz.romario.opensudoku.test-1.apk", zip file "/data/app/com.newsblur-1.apk"],nativeLibraryDirectories=[/data/app-lib/cz.romario.opensudoku.test-1, /data/app-lib/com.newsblur-1, /system/lib]]
W/ClassPathPackageInfoSource( 7395): 	at dalvik.system.BaseDexClassLoader.findClass(BaseDexClassLoader.java:56)
W/ClassPathPackageInfoSource( 7395): 	at java.lang.ClassLoader.loadClass(ClassLoader.java:497)
W/ClassPathPackageInfoSource( 7395): 	at java.lang.ClassLoader.loadClass(ClassLoader.java:457)
W/ClassPathPackageInfoSource( 7395): 	... 26 more
D/dalvikvm( 7395): GC_CONCURRENT freed 473K, 19% free 3361K/4120K, paused 4ms+1ms, total 16ms
D/dalvikvm( 7395): GC_CONCURRENT freed 492K, 19% free 3380K/4156K, paused 13ms+3ms, total 32ms
D/dalvikvm( 7395): WAIT_FOR_CONCURRENT_GC blocked 7ms
D/dalvikvm( 7395): GC_CONCURRENT freed 549K, 20% free 3343K/4176K, paused 5ms+2ms, total 25ms
D/dalvikvm( 7395): WAIT_FOR_CONCURRENT_GC blocked 11ms
D/dalvikvm( 7395): GC_CONCURRENT freed 382K, 19% free 3388K/4176K, paused 6ms+3ms, total 33ms
D/dalvikvm( 7395): GC_CONCURRENT freed 503K, 19% free 3397K/4184K, paused 5ms+1ms, total 26ms
D/dalvikvm( 7395): WAIT_FOR_CONCURRENT_GC blocked 6ms
D/dalvikvm( 7395): GC_CONCURRENT freed 506K, 19% free 3402K/4192K, paused 3ms+2ms, total 28ms
D/dalvikvm( 7395): WAIT_FOR_CONCURRENT_GC blocked 14ms
D/dalvikvm( 7395): GC_CONCURRENT freed 381K, 19% free 3419K/4192K, paused 3ms+4ms, total 27ms
D/dalvikvm( 7395): GC_CONCURRENT freed 493K, 20% free 3387K/4192K, paused 3ms+7ms, total 42ms
D/dalvikvm( 7395): GC_CONCURRENT freed 419K, 18% free 3471K/4192K, paused 3ms+3ms, total 29ms
D/dalvikvm( 7395): GC_CONCURRENT freed 505K, 19% free 3476K/4268K, paused 3ms+1ms, total 31ms
D/dalvikvm( 7395): WAIT_FOR_CONCURRENT_GC blocked 7ms
D/dalvikvm( 7395): GC_CONCURRENT freed 514K, 19% free 3466K/4268K, paused 4ms+5ms, total 32ms
D/dalvikvm( 7395): GC_CONCURRENT freed 509K, 19% free 3469K/4268K, paused 12ms+2ms, total 28ms
D/dalvikvm( 7395): WAIT_FOR_CONCURRENT_GC blocked 16ms
D/dalvikvm( 7395): GC_CONCURRENT freed 506K, 19% free 3474K/4268K, paused 5ms+2ms, total 30ms
D/dalvikvm( 7395): WAIT_FOR_CONCURRENT_GC blocked 14ms
D/dalvikvm( 7395): GC_CONCURRENT freed 406K, 17% free 3576K/4268K, paused 3ms+2ms, total 31ms
D/dalvikvm( 7395): WAIT_FOR_CONCURRENT_GC blocked 6ms
D/dalvikvm( 7395): GC_CONCURRENT freed 475K, 18% free 3522K/4288K, paused 8ms+5ms, total 34ms
D/dalvikvm( 7395): GC_CONCURRENT freed 513K, 19% free 3504K/4308K, paused 5ms+6ms, total 32ms
D/dalvikvm( 7395): GC_CONCURRENT freed 489K, 13% free 3759K/4308K, paused 7ms+3ms, total 66ms
W/dalvikvm( 7395): Unable to resolve superclass of Lorg/jdom2/xpath/jaxen/JDOMCoreNavigator; (345)
W/dalvikvm( 7395): Link of class 'Lorg/jdom2/xpath/jaxen/JDOMCoreNavigator;' failed
W/dalvikvm( 7395): Unable to resolve superclass of Lorg/jdom2/xpath/jaxen/JDOM2Navigator; (543)
W/dalvikvm( 7395): Link of class 'Lorg/jdom2/xpath/jaxen/JDOM2Navigator;' failed
W/ClassPathPackageInfoSource( 7395): Cannot load class. Make sure it is in your apk. Class name: 'org.jdom2.xpath.jaxen.JDOM2Navigator'. Message: org.jdom2.xpath.jaxen.JDOM2Navigator
W/ClassPathPackageInfoSource( 7395): java.lang.ClassNotFoundException: org.jdom2.xpath.jaxen.JDOM2Navigator
W/ClassPathPackageInfoSource( 7395): 	at java.lang.Class.classForName(Native Method)
W/ClassPathPackageInfoSource( 7395): 	at java.lang.Class.forName(Class.java:251)
W/ClassPathPackageInfoSource( 7395): 	at android.test.ClassPathPackageInfoSource.createPackageInfo(ClassPathPackageInfoSource.java:88)
W/ClassPathPackageInfoSource( 7395): 	at android.test.ClassPathPackageInfoSource.access$000(ClassPathPackageInfoSource.java:39)
W/ClassPathPackageInfoSource( 7395): 	at android.test.ClassPathPackageInfoSource$1.load(ClassPathPackageInfoSource.java:50)
W/ClassPathPackageInfoSource( 7395): 	at android.test.ClassPathPackageInfoSource$1.load(ClassPathPackageInfoSource.java:47)
W/ClassPathPackageInfoSource( 7395): 	at android.test.SimpleCache.get(SimpleCache.java:31)
W/ClassPathPackageInfoSource( 7395): 	at android.test.ClassPathPackageInfoSource.getPackageInfo(ClassPathPackageInfoSource.java:72)
W/ClassPathPackageInfoSource( 7395): 	at android.test.ClassPathPackageInfo.getSubpackages(ClassPathPackageInfo.java:48)
W/ClassPathPackageInfoSource( 7395): 	at android.test.ClassPathPackageInfo.addTopLevelClassesTo(ClassPathPackageInfo.java:61)
W/ClassPathPackageInfoSource( 7395): 	at android.test.ClassPathPackageInfo.getTopLevelClassesRecursive(ClassPathPackageInfo.java:55)
W/ClassPathPackageInfoSource( 7395): 	at android.test.suitebuilder.TestGrouping.testCaseClassesInPackage(TestGrouping.java:156)
W/ClassPathPackageInfoSource( 7395): 	at android.test.suitebuilder.TestGrouping.addPackagesRecursive(TestGrouping.java:117)
W/ClassPathPackageInfoSource( 7395): 	at android.test.suitebuilder.TestSuiteBuilder.includePackages(TestSuiteBuilder.java:102)
W/ClassPathPackageInfoSource( 7395): 	at android.test.InstrumentationTestRunner.onCreate(InstrumentationTestRunner.java:366)
W/ClassPathPackageInfoSource( 7395): 	at android.app.ActivityThread.handleBindApplication(ActivityThread.java:4335)
W/ClassPathPackageInfoSource( 7395): 	at android.app.ActivityThread.access$1500(ActivityThread.java:135)
W/ClassPathPackageInfoSource( 7395): 	at android.app.ActivityThread$H.handleMessage(ActivityThread.java:1256)
W/ClassPathPackageInfoSource( 7395): 	at android.os.Handler.dispatchMessage(Handler.java:102)
W/ClassPathPackageInfoSource( 7395): 	at android.os.Looper.loop(Looper.java:136)
W/ClassPathPackageInfoSource( 7395): 	at android.app.ActivityThread.main(ActivityThread.java:5017)
W/ClassPathPackageInfoSource( 7395): 	at java.lang.reflect.Method.invokeNative(Native Method)
W/ClassPathPackageInfoSource( 7395): 	at java.lang.reflect.Method.invoke(Method.java:515)
W/ClassPathPackageInfoSource( 7395): 	at com.android.internal.os.ZygoteInit$MethodAndArgsCaller.run(ZygoteInit.java:779)
W/ClassPathPackageInfoSource( 7395): 	at com.android.internal.os.ZygoteInit.main(ZygoteInit.java:595)
W/ClassPathPackageInfoSource( 7395): 	at dalvik.system.NativeStart.main(Native Method)
W/ClassPathPackageInfoSource( 7395): Caused by: java.lang.NoClassDefFoundError: org/jdom2/xpath/jaxen/JDOM2Navigator
W/ClassPathPackageInfoSource( 7395): 	... 26 more
W/ClassPathPackageInfoSource( 7395): Caused by: java.lang.ClassNotFoundException: Didn't find class "org.jdom2.xpath.jaxen.JDOM2Navigator" on path: DexPathList[[zip file "/system/framework/android.test.runner.jar", zip file "/data/app/cz.romario.opensudoku.test-1.apk", zip file "/data/app/com.newsblur-1.apk"],nativeLibraryDirectories=[/data/app-lib/cz.romario.opensudoku.test-1, /data/app-lib/com.newsblur-1, /system/lib]]
W/ClassPathPackageInfoSource( 7395): 	at dalvik.system.BaseDexClassLoader.findClass(BaseDexClassLoader.java:56)
W/ClassPathPackageInfoSource( 7395): 	at java.lang.ClassLoader.loadClass(ClassLoader.java:497)
W/ClassPathPackageInfoSource( 7395): 	at java.lang.ClassLoader.loadClass(ClassLoader.java:457)
W/ClassPathPackageInfoSource( 7395): 	... 26 more
W/dalvikvm( 7395): Unable to resolve superclass of Lorg/jdom2/xpath/jaxen/JDOMCoreNavigator; (345)
W/dalvikvm( 7395): Link of class 'Lorg/jdom2/xpath/jaxen/JDOMCoreNavigator;' failed
W/ClassPathPackageInfoSource( 7395): Cannot load class. Make sure it is in your apk. Class name: 'org.jdom2.xpath.jaxen.JDOMCoreNavigator'. Message: org.jdom2.xpath.jaxen.JDOMCoreNavigator
W/ClassPathPackageInfoSource( 7395): java.lang.ClassNotFoundException: org.jdom2.xpath.jaxen.JDOMCoreNavigator
W/ClassPathPackageInfoSource( 7395): 	at java.lang.Class.classForName(Native Method)
W/ClassPathPackageInfoSource( 7395): 	at java.lang.Class.forName(Class.java:251)
W/ClassPathPackageInfoSource( 7395): 	at android.test.ClassPathPackageInfoSource.createPackageInfo(ClassPathPackageInfoSource.java:88)
W/ClassPathPackageInfoSource( 7395): 	at android.test.ClassPathPackageInfoSource.access$000(ClassPathPackageInfoSource.java:39)
W/ClassPathPackageInfoSource( 7395): 	at android.test.ClassPathPackageInfoSource$1.load(ClassPathPackageInfoSource.java:50)
W/ClassPathPackageInfoSource( 7395): 	at android.test.ClassPathPackageInfoSource$1.load(ClassPathPackageInfoSource.java:47)
W/ClassPathPackageInfoSource( 7395): 	at android.test.SimpleCache.get(SimpleCache.java:31)
W/ClassPathPackageInfoSource( 7395): 	at android.test.ClassPathPackageInfoSource.getPackageInfo(ClassPathPackageInfoSource.java:72)
W/ClassPathPackageInfoSource( 7395): 	at android.test.ClassPathPackageInfo.getSubpackages(ClassPathPackageInfo.java:48)
W/ClassPathPackageInfoSource( 7395): 	at android.test.ClassPathPackageInfo.addTopLevelClassesTo(ClassPathPackageInfo.java:61)
W/ClassPathPackageInfoSource( 7395): 	at android.test.ClassPathPackageInfo.getTopLevelClassesRecursive(ClassPathPackageInfo.java:55)
W/ClassPathPackageInfoSource( 7395): 	at android.test.suitebuilder.TestGrouping.testCaseClassesInPackage(TestGrouping.java:156)
W/ClassPathPackageInfoSource( 7395): 	at android.test.suitebuilder.TestGrouping.addPackagesRecursive(TestGrouping.java:117)
W/ClassPathPackageInfoSource( 7395): 	at android.test.suitebuilder.TestSuiteBuilder.includePackages(TestSuiteBuilder.java:102)
W/ClassPathPackageInfoSource( 7395): 	at android.test.InstrumentationTestRunner.onCreate(InstrumentationTestRunner.java:366)
W/ClassPathPackageInfoSource( 7395): 	at android.app.ActivityThread.handleBindApplication(ActivityThread.java:4335)
W/ClassPathPackageInfoSource( 7395): 	at android.app.ActivityThread.access$1500(ActivityThread.java:135)
W/ClassPathPackageInfoSource( 7395): 	at android.app.ActivityThread$H.handleMessage(ActivityThread.java:1256)
W/ClassPathPackageInfoSource( 7395): 	at android.os.Handler.dispatchMessage(Handler.java:102)
W/ClassPathPackageInfoSource( 7395): 	at android.os.Looper.loop(Looper.java:136)
W/ClassPathPackageInfoSource( 7395): 	at android.app.ActivityThread.main(ActivityThread.java:5017)
W/ClassPathPackageInfoSource( 7395): 	at java.lang.reflect.Method.invokeNative(Native Method)
W/ClassPathPackageInfoSource( 7395): 	at java.lang.reflect.Method.invoke(Method.java:515)
W/ClassPathPackageInfoSource( 7395): 	at com.android.internal.os.ZygoteInit$MethodAndArgsCaller.run(ZygoteInit.java:779)
W/ClassPathPackageInfoSource( 7395): 	at com.android.internal.os.ZygoteInit.main(ZygoteInit.java:595)
W/ClassPathPackageInfoSource( 7395): 	at dalvik.system.NativeStart.main(Native Method)
W/ClassPathPackageInfoSource( 7395): Caused by: java.lang.NoClassDefFoundError: org/jdom2/xpath/jaxen/JDOMCoreNavigator
W/ClassPathPackageInfoSource( 7395): 	... 26 more
W/ClassPathPackageInfoSource( 7395): Caused by: java.lang.ClassNotFoundException: Didn't find class "org.jdom2.xpath.jaxen.JDOMCoreNavigator" on path: DexPathList[[zip file "/system/framework/android.test.runner.jar", zip file "/data/app/cz.romario.opensudoku.test-1.apk", zip file "/data/app/com.newsblur-1.apk"],nativeLibraryDirectories=[/data/app-lib/cz.romario.opensudoku.test-1, /data/app-lib/com.newsblur-1, /system/lib]]
W/ClassPathPackageInfoSource( 7395): 	at dalvik.system.BaseDexClassLoader.findClass(BaseDexClassLoader.java:56)
W/ClassPathPackageInfoSource( 7395): 	at java.lang.ClassLoader.loadClass(ClassLoader.java:497)
W/ClassPathPackageInfoSource( 7395): 	at java.lang.ClassLoader.loadClass(ClassLoader.java:457)
W/ClassPathPackageInfoSource( 7395): 	... 26 more
D/dalvikvm( 7395): GC_CONCURRENT freed 810K, 25% free 3460K/4556K, paused 13ms+2ms, total 31ms
D/dalvikvm( 7395): WAIT_FOR_CONCURRENT_GC blocked 18ms
W/dalvikvm( 7395): Unable to resolve superclass of Lorg/jdom2/xpath/jaxen/JDOMCoreNavigator; (345)
W/dalvikvm( 7395): Link of class 'Lorg/jdom2/xpath/jaxen/JDOMCoreNavigator;' failed
W/dalvikvm( 7395): Unable to resolve superclass of Lorg/jdom2/xpath/jaxen/JDOMNavigator; (543)
W/dalvikvm( 7395): Link of class 'Lorg/jdom2/xpath/jaxen/JDOMNavigator;' failed
W/ClassPathPackageInfoSource( 7395): Cannot load class. Make sure it is in your apk. Class name: 'org.jdom2.xpath.jaxen.JDOMNavigator'. Message: org.jdom2.xpath.jaxen.JDOMNavigator
W/ClassPathPackageInfoSource( 7395): java.lang.ClassNotFoundException: org.jdom2.xpath.jaxen.JDOMNavigator
W/ClassPathPackageInfoSource( 7395): 	at java.lang.Class.classForName(Native Method)
W/ClassPathPackageInfoSource( 7395): 	at java.lang.Class.forName(Class.java:251)
W/ClassPathPackageInfoSource( 7395): 	at android.test.ClassPathPackageInfoSource.createPackageInfo(ClassPathPackageInfoSource.java:88)
W/ClassPathPackageInfoSource( 7395): 	at android.test.ClassPathPackageInfoSource.access$000(ClassPathPackageInfoSource.java:39)
W/ClassPathPackageInfoSource( 7395): 	at android.test.ClassPathPackageInfoSource$1.load(ClassPathPackageInfoSource.java:50)
W/ClassPathPackageInfoSource( 7395): 	at android.test.ClassPathPackageInfoSource$1.load(ClassPathPackageInfoSource.java:47)
W/ClassPathPackageInfoSource( 7395): 	at android.test.SimpleCache.get(SimpleCache.java:31)
W/ClassPathPackageInfoSource( 7395): 	at android.test.ClassPathPackageInfoSource.getPackageInfo(ClassPathPackageInfoSource.java:72)
W/ClassPathPackageInfoSource( 7395): 	at android.test.ClassPathPackageInfo.getSubpackages(ClassPathPackageInfo.java:48)
W/ClassPathPackageInfoSource( 7395): 	at android.test.ClassPathPackageInfo.addTopLevelClassesTo(ClassPathPackageInfo.java:61)
W/ClassPathPackageInfoSource( 7395): 	at android.test.ClassPathPackageInfo.getTopLevelClassesRecursive(ClassPathPackageInfo.java:55)
W/ClassPathPackageInfoSource( 7395): 	at android.test.suitebuilder.TestGrouping.testCaseClassesInPackage(TestGrouping.java:156)
W/ClassPathPackageInfoSource( 7395): 	at android.test.suitebuilder.TestGrouping.addPackagesRecursive(TestGrouping.java:117)
W/ClassPathPackageInfoSource( 7395): 	at android.test.suitebuilder.TestSuiteBuilder.includePackages(TestSuiteBuilder.java:102)
W/ClassPathPackageInfoSource( 7395): 	at android.test.InstrumentationTestRunner.onCreate(InstrumentationTestRunner.java:366)
W/ClassPathPackageInfoSource( 7395): 	at android.app.ActivityThread.handleBindApplication(ActivityThread.java:4335)
W/ClassPathPackageInfoSource( 7395): 	at android.app.ActivityThread.access$1500(ActivityThread.java:135)
W/ClassPathPackageInfoSource( 7395): 	at android.app.ActivityThread$H.handleMessage(ActivityThread.java:1256)
W/ClassPathPackageInfoSource( 7395): 	at android.os.Handler.dispatchMessage(Handler.java:102)
W/ClassPathPackageInfoSource( 7395): 	at android.os.Looper.loop(Looper.java:136)
W/ClassPathPackageInfoSource( 7395): 	at android.app.ActivityThread.main(ActivityThread.java:5017)
W/ClassPathPackageInfoSource( 7395): 	at java.lang.reflect.Method.invokeNative(Native Method)
W/ClassPathPackageInfoSource( 7395): 	at java.lang.reflect.Method.invoke(Method.java:515)
W/ClassPathPackageInfoSource( 7395): 	at com.android.internal.os.ZygoteInit$MethodAndArgsCaller.run(ZygoteInit.java:779)
W/ClassPathPackageInfoSource( 7395): 	at com.android.internal.os.ZygoteInit.main(ZygoteInit.java:595)
W/ClassPathPackageInfoSource( 7395): 	at dalvik.system.NativeStart.main(Native Method)
W/ClassPathPackageInfoSource( 7395): Caused by: java.lang.NoClassDefFoundError: org/jdom2/xpath/jaxen/JDOMNavigator
W/ClassPathPackageInfoSource( 7395): 	... 26 more
W/ClassPathPackageInfoSource( 7395): Caused by: java.lang.ClassNotFoundException: Didn't find class "org.jdom2.xpath.jaxen.JDOMNavigator" on path: DexPathList[[zip file "/system/framework/android.test.runner.jar", zip file "/data/app/cz.romario.opensudoku.test-1.apk", zip file "/data/app/com.newsblur-1.apk"],nativeLibraryDirectories=[/data/app-lib/cz.romario.opensudoku.test-1, /data/app-lib/com.newsblur-1, /system/lib]]
W/ClassPathPackageInfoSource( 7395): 	at dalvik.system.BaseDexClassLoader.findClass(BaseDexClassLoader.java:56)
W/ClassPathPackageInfoSource( 7395): 	at java.lang.ClassLoader.loadClass(ClassLoader.java:497)
W/ClassPathPackageInfoSource( 7395): 	at java.lang.ClassLoader.loadClass(ClassLoader.java:457)
W/ClassPathPackageInfoSource( 7395): 	... 26 more
I/dalvikvm( 7395): Failed resolving Lorg/jdom2/xpath/jaxen/JaxenCompiled; interface 349 'Lorg/jaxen/NamespaceContext;'
W/dalvikvm( 7395): Link of class 'Lorg/jdom2/xpath/jaxen/JaxenCompiled;' failed
W/ClassPathPackageInfoSource( 7395): Cannot load class. Make sure it is in your apk. Class name: 'org.jdom2.xpath.jaxen.JaxenCompiled'. Message: org.jdom2.xpath.jaxen.JaxenCompiled
W/ClassPathPackageInfoSource( 7395): java.lang.ClassNotFoundException: org.jdom2.xpath.jaxen.JaxenCompiled
W/ClassPathPackageInfoSource( 7395): 	at java.lang.Class.classForName(Native Method)
W/ClassPathPackageInfoSource( 7395): 	at java.lang.Class.forName(Class.java:251)
W/ClassPathPackageInfoSource( 7395): 	at android.test.ClassPathPackageInfoSource.createPackageInfo(ClassPathPackageInfoSource.java:88)
W/ClassPathPackageInfoSource( 7395): 	at android.test.ClassPathPackageInfoSource.access$000(ClassPathPackageInfoSource.java:39)
W/ClassPathPackageInfoSource( 7395): 	at android.test.ClassPathPackageInfoSource$1.load(ClassPathPackageInfoSource.java:50)
W/ClassPathPackageInfoSource( 7395): 	at android.test.ClassPathPackageInfoSource$1.load(ClassPathPackageInfoSource.java:47)
W/ClassPathPackageInfoSource( 7395): 	at android.test.SimpleCache.get(SimpleCache.java:31)
W/ClassPathPackageInfoSource( 7395): 	at android.test.ClassPathPackageInfoSource.getPackageInfo(ClassPathPackageInfoSource.java:72)
W/ClassPathPackageInfoSource( 7395): 	at android.test.ClassPathPackageInfo.getSubpackages(ClassPathPackageInfo.java:48)
W/ClassPathPackageInfoSource( 7395): 	at android.test.ClassPathPackageInfo.addTopLevelClassesTo(ClassPathPackageInfo.java:61)
W/ClassPathPackageInfoSource( 7395): 	at android.test.ClassPathPackageInfo.getTopLevelClassesRecursive(ClassPathPackageInfo.java:55)
W/ClassPathPackageInfoSource( 7395): 	at android.test.suitebuilder.TestGrouping.testCaseClassesInPackage(TestGrouping.java:156)
W/ClassPathPackageInfoSource( 7395): 	at android.test.suitebuilder.TestGrouping.addPackagesRecursive(TestGrouping.java:117)
W/ClassPathPackageInfoSource( 7395): 	at android.test.suitebuilder.TestSuiteBuilder.includePackages(TestSuiteBuilder.java:102)
W/ClassPathPackageInfoSource( 7395): 	at android.test.InstrumentationTestRunner.onCreate(InstrumentationTestRunner.java:366)
W/ClassPathPackageInfoSource( 7395): 	at android.app.ActivityThread.handleBindApplication(ActivityThread.java:4335)
W/ClassPathPackageInfoSource( 7395): 	at android.app.ActivityThread.access$1500(ActivityThread.java:135)
W/ClassPathPackageInfoSource( 7395): 	at android.app.ActivityThread$H.handleMessage(ActivityThread.java:1256)
W/ClassPathPackageInfoSource( 7395): 	at android.os.Handler.dispatchMessage(Handler.java:102)
W/ClassPathPackageInfoSource( 7395): 	at android.os.Looper.loop(Looper.java:136)
W/ClassPathPackageInfoSource( 7395): 	at android.app.ActivityThread.main(ActivityThread.java:5017)
W/ClassPathPackageInfoSource( 7395): 	at java.lang.reflect.Method.invokeNative(Native Method)
W/ClassPathPackageInfoSource( 7395): 	at java.lang.reflect.Method.invoke(Method.java:515)
W/ClassPathPackageInfoSource( 7395): 	at com.android.internal.os.ZygoteInit$MethodAndArgsCaller.run(ZygoteInit.java:779)
W/ClassPathPackageInfoSource( 7395): 	at com.android.internal.os.ZygoteInit.main(ZygoteInit.java:595)
W/ClassPathPackageInfoSource( 7395): 	at dalvik.system.NativeStart.main(Native Method)
W/ClassPathPackageInfoSource( 7395): Caused by: java.lang.NoClassDefFoundError: org/jdom2/xpath/jaxen/JaxenCompiled
W/ClassPathPackageInfoSource( 7395): 	... 26 more
W/ClassPathPackageInfoSource( 7395): Caused by: java.lang.ClassNotFoundException: Didn't find class "org.jdom2.xpath.jaxen.JaxenCompiled" on path: DexPathList[[zip file "/system/framework/android.test.runner.jar", zip file "/data/app/cz.romario.opensudoku.test-1.apk", zip file "/data/app/com.newsblur-1.apk"],nativeLibraryDirectories=[/data/app-lib/cz.romario.opensudoku.test-1, /data/app-lib/com.newsblur-1, /system/lib]]
W/ClassPathPackageInfoSource( 7395): 	at dalvik.system.BaseDexClassLoader.findClass(BaseDexClassLoader.java:56)
W/ClassPathPackageInfoSource( 7395): 	at java.lang.ClassLoader.loadClass(ClassLoader.java:497)
W/ClassPathPackageInfoSource( 7395): 	at java.lang.ClassLoader.loadClass(ClassLoader.java:457)
W/ClassPathPackageInfoSource( 7395): 	... 26 more
D/dalvikvm( 7395): GC_CONCURRENT freed 469K, 25% free 3433K/4556K, paused 14ms+6ms, total 44ms
I/TestRunner( 7395): started: test2(cz.romario.opensudoku.test.test)
I/ActivityManager(  373): START u0 {act=android.intent.action.MAIN flg=0x10000000 cmp=com.newsblur/.activity.InitActivity} from pid 7395
