W/ClassPathPackageInfoSource( 7190): 	at java.lang.reflect.Method.invokeNative(Native Method)
W/ClassPathPackageInfoSource( 7190): 	at java.lang.reflect.Method.invoke(Method.java:515)
W/ClassPathPackageInfoSource( 7190): 	at com.android.internal.os.ZygoteInit$MethodAndArgsCaller.run(ZygoteInit.java:779)
W/ClassPathPackageInfoSource( 7190): 	at com.android.internal.os.ZygoteInit.main(ZygoteInit.java:595)
W/ClassPathPackageInfoSource( 7190): 	at dalvik.system.NativeStart.main(Native Method)
W/ClassPathPackageInfoSource( 7190): Caused by: java.lang.NoClassDefFoundError: org/jdom2/xpath/jaxen/JaxenCompiled
W/ClassPathPackageInfoSource( 7190): 	... 26 more
W/ClassPathPackageInfoSource( 7190): Caused by: java.lang.ClassNotFoundException: Didn't find class "org.jdom2.xpath.jaxen.JaxenCompiled" on path: DexPathList[[zip file "/system/framework/android.test.runner.jar", zip file "/data/app/cz.romario.opensudoku.test-1.apk", zip file "/data/app/com.newsblur-1.apk"],nativeLibraryDirectories=[/data/app-lib/cz.romario.opensudoku.test-1, /data/app-lib/com.newsblur-1, /system/lib]]
W/ClassPathPackageInfoSource( 7190): 	at dalvik.system.BaseDexClassLoader.findClass(BaseDexClassLoader.java:56)
W/ClassPathPackageInfoSource( 7190): 	at java.lang.ClassLoader.loadClass(ClassLoader.java:497)
W/ClassPathPackageInfoSource( 7190): 	at java.lang.ClassLoader.loadClass(ClassLoader.java:457)
W/ClassPathPackageInfoSource( 7190): 	... 26 more
D/dalvikvm( 7190): GC_CONCURRENT freed 486K, 19% free 3520K/4328K, paused 4ms+7ms, total 33ms
I/TestRunner( 7190): started: test2(cz.romario.opensudoku.test.test)
I/ActivityManager(  373): START u0 {act=android.intent.action.MAIN flg=0x10000000 cmp=com.newsblur/.activity.InitActivity} from pid 7190
D/dalvikvm( 7190): GC_FOR_ALLOC freed 289K, 21% free 3422K/4328K, paused 27ms, total 35ms
I/dalvikvm-heap( 7190): Grow heap (frag case) to 5.593MB for 2073616-byte allocation
D/dalvikvm( 7190): GC_FOR_ALLOC freed <1K, 15% free 5446K/6356K, paused 66ms, total 66ms
D/dalvikvm( 7190): GC_CONCURRENT freed <1K, 15% free 5446K/6356K, paused 3ms+2ms, total 79ms
I/com.newsblur.activity.InitActivity( 7190): cold launching version 6.1.0
I/com.newsblur.util.PrefsUtils( 7190): detected new version of app:6.1.0
I/com.newsblur.database.BlurDatabaseHelper( 7190): dropping and recreating all tables . . .
D/        ( 7190): HostConnection::get() New Host Connection established 0xb877bf80, tid 7190
D/OpenGLRenderer( 7190): Enabling debug mode 0
I/com.newsblur.database.BlurDatabaseHelper( 7190): . . . tables recreated.
I/ActivityManager(  373): START u0 {cmp=com.newsblur/.activity.Login} from pid 7190
D/dalvikvm( 7190): GC_FOR_ALLOC freed 40K, 14% free 5514K/6356K, paused 18ms, total 19ms
I/dalvikvm-heap( 7190): Grow heap (frag case) to 6.277MB for 647836-byte allocation
D/dalvikvm( 7190): GC_FOR_ALLOC freed <1K, 13% free 6146K/6992K, paused 22ms, total 22ms
D/dalvikvm( 7190): GC_FOR_ALLOC freed 30K, 10% free 6637K/7312K, paused 18ms, total 20ms
D/dalvikvm( 7190): GC_FOR_ALLOC freed 3K, 10% free 6854K/7536K, paused 14ms, total 15ms
I/dalvikvm-heap( 7190): Grow heap (frag case) to 9.387MB for 2536936-byte allocation
D/dalvikvm( 7190): GC_FOR_ALLOC freed <1K, 7% free 9332K/10016K, paused 30ms, total 30ms
D/dalvikvm( 7190): GC_CONCURRENT freed 0K, 7% free 9332K/10016K, paused 4ms+2ms, total 29ms
I/ActivityManager(  373): Displayed com.newsblur/.activity.Login: +1s480ms (total +2s896ms)
I/ActivityManager(  373): Activity reported stop, but no longer stopping: ActivityRecord{b1faa888 u0 com.newsblur/.activity.InitActivity t46 f}
E/dalvikvm( 7190): Could not find class 'android.support.v4.app.FragmentActivity', referenced from method com.robotium.solo.Waiter.getSupportFragment
W/dalvikvm( 7190): VFY: unable to resolve check-cast 41 (Landroid/support/v4/app/FragmentActivity;) in Lcom/robotium/solo/Waiter;
D/dalvikvm( 7190): VFY: replacing opcode 0x1f at 0x0009
I/dalvikvm( 7190): Could not find method android.support.v4.app.FragmentActivity.getSupportFragmentManager, referenced from method com.robotium.solo.Waiter.getSupportFragment
W/dalvikvm( 7190): VFY: unable to resolve virtual method 65: Landroid/support/v4/app/FragmentActivity;.getSupportFragmentManager ()Landroid/support/v4/app/FragmentManager;
D/dalvikvm( 7190): VFY: replacing opcode 0x6e at 0x0010
I/dalvikvm( 7190): Could not find method android.support.v4.app.FragmentActivity.getSupportFragmentManager, referenced from method com.robotium.solo.Waiter.getSupportFragment
W/dalvikvm( 7190): VFY: unable to resolve virtual method 65: Landroid/support/v4/app/FragmentActivity;.getSupportFragmentManager ()Landroid/support/v4/app/FragmentManager;
D/dalvikvm( 7190): VFY: replacing opcode 0x6e at 0x0019
W/dalvikvm( 7190): VFY: unable to find class referenced in signature (Landroid/support/v4/app/Fragment;)
W/dalvikvm( 7190): VFY: unable to find class referenced in signature (Landroid/support/v4/app/Fragment;)
E/SoundPool(  373): error loading /system/media/audio/ui/Effect_Tick.ogg
W/AudioService(  373): Soundpool could not load file: /system/media/audio/ui/Effect_Tick.ogg
E/SoundPool(  373): error loading /system/media/audio/ui/Effect_Tick.ogg
W/AudioService(  373): Soundpool could not load file: /system/media/audio/ui/Effect_Tick.ogg
E/SoundPool(  373): error loading /system/media/audio/ui/Effect_Tick.ogg
W/AudioService(  373): Soundpool could not load file: /system/media/audio/ui/Effect_Tick.ogg
E/SoundPool(  373): error loading /system/media/audio/ui/Effect_Tick.ogg
W/AudioService(  373): Soundpool could not load file: /system/media/audio/ui/Effect_Tick.ogg
E/SoundPool(  373): error loading /system/media/audio/ui/Effect_Tick.ogg
W/AudioService(  373): Soundpool could not load file: /system/media/audio/ui/Effect_Tick.ogg
E/SoundPool(  373): error loading /system/media/audio/ui/KeypressStandard.ogg
W/AudioService(  373): Soundpool could not load file: /system/media/audio/ui/KeypressStandard.ogg
E/SoundPool(  373): error loading /system/media/audio/ui/KeypressSpacebar.ogg
W/AudioService(  373): Soundpool could not load file: /system/media/audio/ui/KeypressSpacebar.ogg
E/SoundPool(  373): error loading /system/media/audio/ui/KeypressDelete.ogg
W/AudioService(  373): Soundpool could not load file: /system/media/audio/ui/KeypressDelete.ogg
E/SoundPool(  373): error loading /system/media/audio/ui/KeypressReturn.ogg
W/AudioService(  373): Soundpool could not load file: /system/media/audio/ui/KeypressReturn.ogg
E/SoundPool(  373): error loading /system/media/audio/ui/KeypressInvalid.ogg
W/AudioService(  373): Soundpool could not load file: /system/media/audio/ui/KeypressInvalid.ogg
W/AudioService(  373): onLoadSoundEffects(), Error -1 while loading samples
I/System.out( 7190): wait
I/System.out( 7190): wait
I/System.out( 7190): wait
I/System.out( 7190): wait
I/System.out( 7190): aa
D/dalvikvm( 7190): GC_EXPLICIT freed 774K, 11% free 9496K/10556K, paused 6ms+3ms, total 44ms
D/dalvikvm( 7190): GC_EXPLICIT freed 21K, 11% free 9475K/10556K, paused 6ms+3ms, total 42ms
I/TestRunner( 7190): finished: test2(cz.romario.opensudoku.test.test)
I/TestRunner( 7190): passed: test2(cz.romario.opensudoku.test.test)
D/AndroidRuntime( 7179): Shutting down VM
D/dalvikvm( 7179): GC_CONCURRENT freed 98K, 15% free 564K/664K, paused 4ms+3ms, total 15ms
I/ActivityManager(  373): Force stopping com.newsblur appid=10096 user=0: finished inst
I/ActivityManager(  373): Killing 7190:com.newsblur/u0a96 (adj 0): stop com.newsblur
W/ActivityManager(  373): Force removing ActivityRecord{b208d5a8 u0 com.newsblur/.activity.Login t46}: app died, no saved state
I/WindowState(  373): WIN DEATH: Window{b20139a0 u0 com.newsblur/com.newsblur.activity.Login}
W/Binder  (  567): Caught a RuntimeException from the binder stub implementation.
W/Binder  (  567): java.lang.NullPointerException
W/Binder  (  567): 	at android.inputmethodservice.IInputMethodWrapper.setSessionEnabled(IInputMethodWrapper.java:280)
W/Binder  (  567): 	at com.android.internal.view.IInputMethod$Stub.onTransact(IInputMethod.java:129)
W/Binder  (  567): 	at android.os.Binder.execTransact(Binder.java:404)
W/Binder  (  567): 	at dalvik.system.NativeStart.run(Native Method)
W/InputMethodManagerService(  373): Got RemoteException sending setActive(false) notification to pid 7190 uid 10096
D/AndroidRuntime( 7215): 
D/AndroidRuntime( 7215): >>>>>> AndroidRuntime START com.android.internal.os.RuntimeInit <<<<<<
D/AndroidRuntime( 7215): CheckJNI is ON
D/dalvikvm( 7215): Trying to load lib libjavacore.so 0x0
D/dalvikvm( 7215): Added shared lib libjavacore.so 0x0
D/dalvikvm( 7215): Trying to load lib libnativehelper.so 0x0
D/dalvikvm( 7215): Added shared lib libnativehelper.so 0x0
D/dalvikvm( 7215): No JNI_OnLoad found in libnativehelper.so 0x0, skipping init
D/dalvikvm( 7215): Note: class Landroid/app/ActivityManagerNative; has 179 unimplemented (abstract) methods
E/memtrack( 7215): Couldn't load memtrack module (No such file or directory)
E/android.os.Debug( 7215): failed to load memtrack module: -2
D/AndroidRuntime( 7215): Calling main entry com.android.commands.input.Input
I/Input   ( 7215): injectKeyEvent: KeyEvent { action=ACTION_DOWN, keyCode=KEYCODE_BACK, scanCode=0, metaState=0, flags=0x0, repeatCount=0, eventTime=2437664, downTime=2437664, deviceId=-1, source=0x101 }
I/Input   ( 7215): injectKeyEvent: KeyEvent { action=ACTION_UP, keyCode=KEYCODE_BACK, scanCode=0, metaState=0, flags=0x0, repeatCount=0, eventTime=2437664, downTime=2437664, deviceId=-1, source=0x101 }
D/AndroidRuntime( 7215): Shutting down VM
D/dalvikvm( 7215): GC_CONCURRENT freed 98K, 16% free 563K/664K, paused 3ms+2ms, total 27ms
D/AndroidRuntime( 7226): 
D/AndroidRuntime( 7226): >>>>>> AndroidRuntime START com.android.internal.os.RuntimeInit <<<<<<
D/AndroidRuntime( 7226): CheckJNI is ON
D/dalvikvm( 7226): Trying to load lib libjavacore.so 0x0
D/dalvikvm( 7226): Added shared lib libjavacore.so 0x0
D/dalvikvm( 7226): Trying to load lib libnativehelper.so 0x0
D/dalvikvm( 7226): Added shared lib libnativehelper.so 0x0
D/dalvikvm( 7226): No JNI_OnLoad found in libnativehelper.so 0x0, skipping init
D/dalvikvm( 7226): Note: class Landroid/app/ActivityManagerNative; has 179 unimplemented (abstract) methods
E/memtrack( 7226): Couldn't load memtrack module (No such file or directory)
E/android.os.Debug( 7226): failed to load memtrack module: -2
D/AndroidRuntime( 7226): Calling main entry com.android.commands.input.Input
I/Input   ( 7226): injectKeyEvent: KeyEvent { action=ACTION_DOWN, keyCode=KEYCODE_BACK, scanCode=0, metaState=0, flags=0x0, repeatCount=0, eventTime=2440307, downTime=2440307, deviceId=-1, source=0x101 }
I/Input   ( 7226): injectKeyEvent: KeyEvent { action=ACTION_UP, keyCode=KEYCODE_BACK, scanCode=0, metaState=0, flags=0x0, repeatCount=0, eventTime=2440307, downTime=2440307, deviceId=-1, source=0x101 }
D/AndroidRuntime( 7226): Shutting down VM
D/dalvikvm( 7226): GC_CONCURRENT freed 98K, 16% free 563K/664K, paused 2ms+2ms, total 21ms
D/AndroidRuntime( 7237): 
D/AndroidRuntime( 7237): >>>>>> AndroidRuntime START com.android.internal.os.RuntimeInit <<<<<<
D/AndroidRuntime( 7237): CheckJNI is ON
D/dalvikvm( 7237): Trying to load lib libjavacore.so 0x0
D/dalvikvm( 7237): Added shared lib libjavacore.so 0x0
D/dalvikvm( 7237): Trying to load lib libnativehelper.so 0x0
D/dalvikvm( 7237): Added shared lib libnativehelper.so 0x0
D/dalvikvm( 7237): No JNI_OnLoad found in libnativehelper.so 0x0, skipping init
D/dalvikvm( 7237): Note: class Landroid/app/ActivityManagerNative; has 179 unimplemented (abstract) methods
E/memtrack( 7237): Couldn't load memtrack module (No such file or directory)
E/android.os.Debug( 7237): failed to load memtrack module: -2
D/AndroidRuntime( 7237): Calling main entry com.android.commands.pm.Pm
I/ActivityManager(  373): Force stopping com.newsblur appid=10096 user=-1: uninstall pkg
W/PackageManager(  373): Couldn't delete native library directory /data/app-lib/com.newsblur
D/keystore(   58): calling clear_uid in state: 3
I/ActivityManager(  373): Force stopping com.newsblur appid=10096 user=0: pkg removed
D/dalvikvm(  695): WAIT_FOR_CONCURRENT_GC blocked 1ms
I/InputReader(  373): Reconfiguring input devices.  changes=0x00000010
I/PackageManager(  373):   Action: "android.intent.action.SENDTO"
I/PackageManager(  373):   Category: "android.intent.category.DEFAULT"
I/PackageManager(  373):   Scheme: "sms"
I/PackageManager(  373): Adding preferred activity ComponentInfo{com.android.mms/com.android.mms.ui.ComposeMessageActivity} for user 0 :
D/dalvikvm(  695): GC_EXPLICIT freed 2862K, 54% free 13030K/27996K, paused 2ms+54ms, total 297ms
D/dalvikvm(  373): GC_EXPLICIT freed 3448K, 40% free 7558K/12584K, paused 7ms+39ms, total 311ms
D/dalvikvm(  373): WAIT_FOR_CONCURRENT_GC blocked 134ms
I/PackageManager(  373):   Action: "android.intent.action.SENDTO"
I/PackageManager(  373):   Category: "android.intent.category.DEFAULT"
I/PackageManager(  373):   Scheme: "smsto"
I/PackageManager(  373): Adding preferred activity ComponentInfo{com.android.mms/com.android.mms.ui.ComposeMessageActivity} for user 0 :
D/MobileDataStateTracker(  373): default: setPolicyDataEnable(enabled=true)
I/PackageManager(  373):   Action: "android.intent.action.SENDTO"
I/PackageManager(  373):   Category: "android.intent.category.DEFAULT"
I/PackageManager(  373):   Scheme: "mms"
I/PackageManager(  373): Adding preferred activity ComponentInfo{com.android.mms/com.android.mms.ui.ComposeMessageActivity} for user 0 :
D/dalvikvm(  373): WAIT_FOR_CONCURRENT_GC blocked 518ms
D/BackupManagerService(  373): Received broadcast Intent { act=android.intent.action.PACKAGE_REMOVED dat=package:com.newsblur flg=0x4000010 (has extras) }
V/BackupManagerService(  373): removePackageParticipantsLocked: uid=10096 #1
I/PackageManager(  373):   Action: "android.intent.action.SENDTO"
I/PackageManager(  373):   Category: "android.intent.category.DEFAULT"
I/PackageManager(  373):   Scheme: "mmsto"
I/PackageManager(  373): Adding preferred activity ComponentInfo{com.android.mms/com.android.mms.ui.ComposeMessageActivity} for user 0 :
D/dalvikvm(  590): GC_CONCURRENT freed 567K, 20% free 3812K/4708K, paused 2ms+2ms, total 63ms
I/LatinIME:LogUtils(  567): Dictionary info: dictionary = main:en ; version = 42 ; date = 1381226429
I/PackageManager(  373):   Action: "android.intent.action.SENDTO"
I/PackageManager(  373):   Category: "android.intent.category.DEFAULT"
I/PackageManager(  373):   Scheme: "sms"
I/PackageManager(  373): Adding preferred activity ComponentInfo{com.android.mms/com.android.mms.ui.ComposeMessageActivity} for user 0 :
I/PackageManager(  373):   Action: "android.intent.action.SENDTO"
I/PackageManager(  373):   Category: "android.intent.category.DEFAULT"
I/PackageManager(  373):   Scheme: "smsto"
I/PackageManager(  373): Adding preferred activity ComponentInfo{com.android.mms/com.android.mms.ui.ComposeMessageActivity} for user 0 :
I/PackageManager(  373):   Action: "android.intent.action.SENDTO"
I/PackageManager(  373):   Category: "android.intent.category.DEFAULT"
I/PackageManager(  373):   Scheme: "mms"
I/PackageManager(  373): Adding preferred activity ComponentInfo{com.android.mms/com.android.mms.ui.ComposeMessageActivity} for user 0 :
D/Documents( 1378): Used cached roots for com.android.providers.downloads.documents
D/Documents( 1378): Used cached roots for com.android.externalstorage.documents
D/Documents( 1378): Used cached roots for com.android.providers.media.documents
D/Documents( 1378): Update found 6 roots in 159ms
I/PackageManager(  373):   Action: "android.intent.action.SENDTO"
I/PackageManager(  373):   Category: "android.intent.category.DEFAULT"
I/PackageManager(  373):   Scheme: "mmsto"
I/PackageManager(  373): Adding preferred activity ComponentInfo{com.android.mms/com.android.mms.ui.ComposeMessageActivity} for user 0 :
D/VoicemailCleanupService(  584): Cleaning up data for package: com.newsblur
W/ContextImpl( 1362): Calling a method in the system process without a qualified user: android.app.ContextImpl.startService:1479 android.content.ContextWrapper.startService:494 android.content.ContextWrapper.startService:494 com.android.keychain.KeyChainBroadcastReceiver.onReceive:12 android.app.ActivityThread.handleReceiver:2419 
D/dalvikvm(  373): GC_EXPLICIT freed 1010K, 41% free 7534K/12584K, paused 4ms+7ms, total 550ms
D/AndroidRuntime( 7237): Shutting down VM
D/dalvikvm( 7237): GC_CONCURRENT freed 94K, 15% free 558K/656K, paused 12ms+3ms, total 32ms
D/AndroidRuntime( 7255): 
D/AndroidRuntime( 7255): >>>>>> AndroidRuntime START com.android.internal.os.RuntimeInit <<<<<<
D/AndroidRuntime( 7255): CheckJNI is ON
D/dalvikvm( 7255): Trying to load lib libjavacore.so 0x0
D/dalvikvm( 7255): Added shared lib libjavacore.so 0x0
D/dalvikvm( 7255): Trying to load lib libnativehelper.so 0x0
D/dalvikvm( 7255): Added shared lib libnativehelper.so 0x0
D/dalvikvm( 7255): No JNI_OnLoad found in libnativehelper.so 0x0, skipping init
D/dalvikvm( 7255): Note: class Landroid/app/ActivityManagerNative; has 179 unimplemented (abstract) methods
E/memtrack( 7255): Couldn't load memtrack module (No such file or directory)
E/android.os.Debug( 7255): failed to load memtrack module: -2
D/AndroidRuntime( 7255): Calling main entry com.android.commands.pm.Pm
W/PackageManager(  373): Couldn't get low memory threshold; no free limit imposed
W/ActivityManager(  373): No content provider found for permission revoke: file:///data/local/tmp/newsblur-v6.10_debug.apk
W/ActivityManager(  373): No content provider found for permission revoke: file:///data/local/tmp/newsblur-v6.10_debug.apk
I/PackageManager(  373): Copying native libraries to /data/app-lib/vmdl-436125570
D/dalvikvm(  373): GC_CONCURRENT freed 814K, 39% free 7734K/12584K, paused 6ms+4ms, total 68ms
D/dalvikvm(  373): GC_CONCURRENT freed 1075K, 39% free 7741K/12584K, paused 6ms+8ms, total 70ms
D/dalvikvm(  373): GC_CONCURRENT freed 1062K, 39% free 7747K/12584K, paused 5ms+4ms, total 60ms
I/PackageManager(  373): Running dexopt on: com.newsblur
D/dalvikvm( 7267): DexOpt: load 150ms, verify+opt 802ms, 1455708 bytes
I/ActivityManager(  373): Force stopping com.newsblur appid=10097 user=-1: update pkg
I/PackageManager(  373):   Action: "android.intent.action.SENDTO"
I/PackageManager(  373):   Category: "android.intent.category.DEFAULT"
I/PackageManager(  373):   Scheme: "sms"
I/PackageManager(  373): Adding preferred activity ComponentInfo{com.android.mms/com.android.mms.ui.ComposeMessageActivity} for user 0 :
I/PackageManager(  373):   Action: "android.intent.action.SENDTO"
I/PackageManager(  373):   Category: "android.intent.category.DEFAULT"
I/PackageManager(  373):   Scheme: "smsto"
I/PackageManager(  373): Adding preferred activity ComponentInfo{com.android.mms/com.android.mms.ui.ComposeMessageActivity} for user 0 :
I/InputReader(  373): Reconfiguring input devices.  changes=0x00000010
D/dalvikvm(  590): GC_CONCURRENT freed 497K, 20% free 3776K/4704K, paused 1ms+2ms, total 95ms
D/BackupManagerService(  373): Received broadcast Intent { act=android.intent.action.PACKAGE_ADDED dat=package:com.newsblur flg=0x4000010 (has extras) }
V/BackupManagerService(  373): addPackageParticipantsLocked: #1
I/PackageManager(  373):   Action: "android.intent.action.SENDTO"
I/PackageManager(  373):   Category: "android.intent.category.DEFAULT"
I/PackageManager(  373):   Scheme: "mms"
I/PackageManager(  373): Adding preferred activity ComponentInfo{com.android.mms/com.android.mms.ui.ComposeMessageActivity} for user 0 :
D/dalvikvm(  695): GC_FOR_ALLOC freed 493K, 54% free 13032K/27996K, paused 54ms, total 54ms
I/PackageManager(  373):   Action: "android.intent.action.SENDTO"
I/PackageManager(  373):   Category: "android.intent.category.DEFAULT"
I/PackageManager(  373):   Scheme: "mmsto"
I/PackageManager(  373): Adding preferred activity ComponentInfo{com.android.mms/com.android.mms.ui.ComposeMessageActivity} for user 0 :
I/PackageManager(  373):   Action: "android.intent.action.SENDTO"
I/PackageManager(  373):   Category: "android.intent.category.DEFAULT"
I/PackageManager(  373):   Scheme: "sms"
I/PackageManager(  373): Adding preferred activity ComponentInfo{com.android.mms/com.android.mms.ui.ComposeMessageActivity} for user 0 :
I/PackageManager(  373):   Action: "android.intent.action.SENDTO"
I/PackageManager(  373):   Category: "android.intent.category.DEFAULT"
I/PackageManager(  373):   Scheme: "smsto"
I/PackageManager(  373): Adding preferred activity ComponentInfo{com.android.mms/com.android.mms.ui.ComposeMessageActivity} for user 0 :
D/dalvikvm(  695): GC_CONCURRENT freed 4K, 47% free 15052K/27996K, paused 3ms+44ms, total 144ms
I/PackageManager(  373):   Action: "android.intent.action.SENDTO"
I/PackageManager(  373):   Category: "android.intent.category.DEFAULT"
I/PackageManager(  373):   Scheme: "mms"
I/PackageManager(  373): Adding preferred activity ComponentInfo{com.android.mms/com.android.mms.ui.ComposeMessageActivity} for user 0 :
D/Documents( 1378): Used cached roots for com.android.providers.downloads.documents
D/Documents( 1378): Used cached roots for com.android.externalstorage.documents
D/Documents( 1378): Used cached roots for com.android.providers.media.documents
D/Documents( 1378): Update found 6 roots in 433ms
D/dalvikvm(  373): GC_EXPLICIT freed 1130K, 39% free 7767K/12584K, paused 53ms+8ms, total 494ms
D/dalvikvm(  373): WAIT_FOR_CONCURRENT_GC blocked 113ms
D/AndroidRuntime( 7255): Shutting down VM
D/dalvikvm( 7255): GC_CONCURRENT freed 95K, 16% free 560K/660K, paused 2ms+3ms, total 18ms
I/PackageManager(  373):   Action: "android.intent.action.SENDTO"
I/PackageManager(  373):   Category: "android.intent.category.DEFAULT"
I/PackageManager(  373):   Scheme: "mmsto"
I/PackageManager(  373): Adding preferred activity ComponentInfo{com.android.mms/com.android.mms.ui.ComposeMessageActivity} for user 0 :
D/dalvikvm(  590): GC_CONCURRENT freed 459K, 19% free 3827K/4704K, paused 3ms+2ms, total 49ms
D/dalvikvm(  590): WAIT_FOR_CONCURRENT_GC blocked 10ms
W/RecognitionManagerService(  373): no available voice recognition services found for user 0
D/AndroidRuntime( 7276): 
D/AndroidRuntime( 7276): >>>>>> AndroidRuntime START com.android.internal.os.RuntimeInit <<<<<<
D/AndroidRuntime( 7276): CheckJNI is ON
D/dalvikvm( 7276): Trying to load lib libjavacore.so 0x0
D/dalvikvm( 7276): Added shared lib libjavacore.so 0x0
D/dalvikvm( 7276): Trying to load lib libnativehelper.so 0x0
D/dalvikvm( 7276): Added shared lib libnativehelper.so 0x0
D/dalvikvm( 7276): No JNI_OnLoad found in libnativehelper.so 0x0, skipping init
D/dalvikvm( 7276): Note: class Landroid/app/ActivityManagerNative; has 179 unimplemented (abstract) methods
E/memtrack( 7276): Couldn't load memtrack module (No such file or directory)
E/android.os.Debug( 7276): failed to load memtrack module: -2
D/AndroidRuntime( 7276): Calling main entry com.android.commands.am.Am
I/ActivityManager(  373): Force stopping com.newsblur appid=10097 user=0: start instr
I/ActivityManager(  373): Start proc com.newsblur for added application com.newsblur: pid=7287 uid=10097 gids={50097, 3003, 1028, 1015}
D/dalvikvm( 7287): GC_CONCURRENT freed 295K, 15% free 3378K/3956K, paused 5ms+5ms, total 51ms
D/dalvikvm( 7287): WAIT_FOR_CONCURRENT_GC blocked 18ms
D/dalvikvm( 7287): GC_CONCURRENT freed 467K, 19% free 3348K/4100K, paused 3ms+3ms, total 24ms
D/dalvikvm( 7287): GC_CONCURRENT freed 486K, 19% free 3375K/4144K, paused 4ms+3ms, total 30ms
D/dalvikvm( 7287): WAIT_FOR_CONCURRENT_GC blocked 7ms
W/dalvikvm( 7287): Unable to resolve superclass of Lbutterknife/internal/ButterKnifeProcessor; (1151)
W/dalvikvm( 7287): Link of class 'Lbutterknife/internal/ButterKnifeProcessor;' failed
W/ClassPathPackageInfoSource( 7287): Cannot load class. Make sure it is in your apk. Class name: 'butterknife.internal.ButterKnifeProcessor'. Message: butterknife.internal.ButterKnifeProcessor
W/ClassPathPackageInfoSource( 7287): java.lang.ClassNotFoundException: butterknife.internal.ButterKnifeProcessor
W/ClassPathPackageInfoSource( 7287): 	at java.lang.Class.classForName(Native Method)
W/ClassPathPackageInfoSource( 7287): 	at java.lang.Class.forName(Class.java:251)
W/ClassPathPackageInfoSource( 7287): 	at android.test.ClassPathPackageInfoSource.createPackageInfo(ClassPathPackageInfoSource.java:88)
W/ClassPathPackageInfoSource( 7287): 	at android.test.ClassPathPackageInfoSource.access$000(ClassPathPackageInfoSource.java:39)
W/ClassPathPackageInfoSource( 7287): 	at android.test.ClassPathPackageInfoSource$1.load(ClassPathPackageInfoSource.java:50)
W/ClassPathPackageInfoSource( 7287): 	at android.test.ClassPathPackageInfoSource$1.load(ClassPathPackageInfoSource.java:47)
W/ClassPathPackageInfoSource( 7287): 	at android.test.SimpleCache.get(SimpleCache.java:31)
W/ClassPathPackageInfoSource( 7287): 	at android.test.ClassPathPackageInfoSource.getPackageInfo(ClassPathPackageInfoSource.java:72)
W/ClassPathPackageInfoSource( 7287): 	at android.test.ClassPathPackageInfo.getSubpackages(ClassPathPackageInfo.java:48)
W/ClassPathPackageInfoSource( 7287): 	at android.test.ClassPathPackageInfo.addTopLevelClassesTo(ClassPathPackageInfo.java:61)
W/ClassPathPackageInfoSource( 7287): 	at android.test.ClassPathPackageInfo.getTopLevelClassesRecursive(ClassPathPackageInfo.java:55)
W/ClassPathPackageInfoSource( 7287): 	at android.test.suitebuilder.TestGrouping.testCaseClassesInPackage(TestGrouping.java:156)
W/ClassPathPackageInfoSource( 7287): 	at android.test.suitebuilder.TestGrouping.addPackagesRecursive(TestGrouping.java:117)
W/ClassPathPackageInfoSource( 7287): 	at android.test.suitebuilder.TestSuiteBuilder.includePackages(TestSuiteBuilder.java:102)
W/ClassPathPackageInfoSource( 7287): 	at android.test.InstrumentationTestRunner.onCreate(InstrumentationTestRunner.java:366)
W/ClassPathPackageInfoSource( 7287): 	at android.app.ActivityThread.handleBindApplication(ActivityThread.java:4335)
W/ClassPathPackageInfoSource( 7287): 	at android.app.ActivityThread.access$1500(ActivityThread.java:135)
W/ClassPathPackageInfoSource( 7287): 	at android.app.ActivityThread$H.handleMessage(ActivityThread.java:1256)
W/ClassPathPackageInfoSource( 7287): 	at android.os.Handler.dispatchMessage(Handler.java:102)
W/ClassPathPackageInfoSource( 7287): 	at android.os.Looper.loop(Looper.java:136)
W/ClassPathPackageInfoSource( 7287): 	at android.app.ActivityThread.main(ActivityThread.java:5017)
W/ClassPathPackageInfoSource( 7287): 	at java.lang.reflect.Method.invokeNative(Native Method)
W/ClassPathPackageInfoSource( 7287): 	at java.lang.reflect.Method.invoke(Method.java:515)
W/ClassPathPackageInfoSource( 7287): 	at com.android.internal.os.ZygoteInit$MethodAndArgsCaller.run(ZygoteInit.java:779)
W/ClassPathPackageInfoSource( 7287): 	at com.android.internal.os.ZygoteInit.main(ZygoteInit.java:595)
W/ClassPathPackageInfoSource( 7287): 	at dalvik.system.NativeStart.main(Native Method)
W/ClassPathPackageInfoSource( 7287): Caused by: java.lang.NoClassDefFoundError: butterknife/internal/ButterKnifeProcessor
W/ClassPathPackageInfoSource( 7287): 	... 26 more
W/ClassPathPackageInfoSource( 7287): Caused by: java.lang.ClassNotFoundException: Didn't find class "butterknife.internal.ButterKnifeProcessor" on path: DexPathList[[zip file "/system/framework/android.test.runner.jar", zip file "/data/app/cz.romario.opensudoku.test-1.apk", zip file "/data/app/com.newsblur-1.apk"],nativeLibraryDirectories=[/data/app-lib/cz.romario.opensudoku.test-1, /data/app-lib/com.newsblur-1, /system/lib]]
W/ClassPathPackageInfoSource( 7287): 	at dalvik.system.BaseDexClassLoader.findClass(BaseDexClassLoader.java:56)
W/ClassPathPackageInfoSource( 7287): 	at java.lang.ClassLoader.loadClass(ClassLoader.java:497)
W/ClassPathPackageInfoSource( 7287): 	at java.lang.ClassLoader.loadClass(ClassLoader.java:457)
W/ClassPathPackageInfoSource( 7287): 	... 26 more
D/dalvikvm( 7287): GC_CONCURRENT freed 478K, 19% free 3366K/4144K, paused 5ms+4ms, total 29ms
D/dalvikvm( 7287): GC_CONCURRENT freed 487K, 19% free 3393K/4164K, paused 3ms+2ms, total 28ms
D/dalvikvm( 7287): WAIT_FOR_CONCURRENT_GC blocked 11ms
D/dalvikvm( 7287): GC_CONCURRENT freed 513K, 20% free 3390K/4188K, paused 12ms+2ms, total 28ms
D/dalvikvm( 7287): WAIT_FOR_CONCURRENT_GC blocked 16ms
D/dalvikvm( 7287): GC_CONCURRENT freed 506K, 21% free 3318K/4188K, paused 4ms+1ms, total 30ms
D/dalvikvm( 7287): GC_CONCURRENT freed 415K, 19% free 3400K/4188K, paused 3ms+3ms, total 25ms
D/dalvikvm( 7287): GC_CONCURRENT freed 496K, 22% free 3289K/4188K, paused 3ms+1ms, total 15ms
D/dalvikvm( 7287): GC_CONCURRENT freed 386K, 19% free 3415K/4188K, paused 3ms+2ms, total 26ms
D/dalvikvm( 7287): WAIT_FOR_CONCURRENT_GC blocked 9ms
D/dalvikvm( 7287): GC_CONCURRENT freed 500K, 21% free 3339K/4188K, paused 3ms+4ms, total 26ms
D/dalvikvm( 7287): GC_CONCURRENT freed 407K, 20% free 3379K/4188K, paused 4ms+3ms, total 28ms
D/dalvikvm( 7287): GC_CONCURRENT freed 348K, 18% free 3473K/4188K, paused 4ms+4ms, total 28ms
D/dalvikvm( 7287): GC_CONCURRENT freed 514K, 19% free 3469K/4268K, paused 3ms+2ms, total 31ms
D/dalvikvm( 7287): WAIT_FOR_CONCURRENT_GC blocked 11ms
D/dalvikvm( 7287): GC_CONCURRENT freed 510K, 19% free 3471K/4268K, paused 4ms+3ms, total 28ms
D/dalvikvm( 7287): WAIT_FOR_CONCURRENT_GC blocked 6ms
D/dalvikvm( 7287): GC_CONCURRENT freed 506K, 17% free 3560K/4268K, paused 4ms+2ms, total 38ms
D/dalvikvm( 7287): WAIT_FOR_CONCURRENT_GC blocked 3ms
D/dalvikvm( 7287): GC_CONCURRENT freed 573K, 20% free 3498K/4356K, paused 4ms+2ms, total 34ms
D/dalvikvm( 7287): WAIT_FOR_CONCURRENT_GC blocked 15ms
D/dalvikvm( 7287): GC_CONCURRENT freed 475K, 20% free 3498K/4356K, paused 3ms+6ms, total 30ms
D/dalvikvm( 7287): GC_CONCURRENT freed 478K, 19% free 3531K/4356K, paused 3ms+3ms, total 26ms
D/dalvikvm( 7287): WAIT_FOR_CONCURRENT_GC blocked 9ms
D/dalvikvm( 7287): GC_CONCURRENT freed 511K, 22% free 3429K/4356K, paused 3ms+1ms, total 24ms
D/dalvikvm( 7287): GC_CONCURRENT freed 422K, 20% free 3518K/4356K, paused 2ms+3ms, total 29ms
D/dalvikvm( 7287): WAIT_FOR_CONCURRENT_GC blocked 6ms
W/dalvikvm( 7287): Unable to resolve superclass of Lorg/jdom2/xpath/jaxen/JDOMCoreNavigator; (345)
W/dalvikvm( 7287): Link of class 'Lorg/jdom2/xpath/jaxen/JDOMCoreNavigator;' failed
W/dalvikvm( 7287): Unable to resolve superclass of Lorg/jdom2/xpath/jaxen/JDOM2Navigator; (543)
W/dalvikvm( 7287): Link of class 'Lorg/jdom2/xpath/jaxen/JDOM2Navigator;' failed
W/ClassPathPackageInfoSource( 7287): Cannot load class. Make sure it is in your apk. Class name: 'org.jdom2.xpath.jaxen.JDOM2Navigator'. Message: org.jdom2.xpath.jaxen.JDOM2Navigator
W/ClassPathPackageInfoSource( 7287): java.lang.ClassNotFoundException: org.jdom2.xpath.jaxen.JDOM2Navigator
W/ClassPathPackageInfoSource( 7287): 	at java.lang.Class.classForName(Native Method)
W/ClassPathPackageInfoSource( 7287): 	at java.lang.Class.forName(Class.java:251)
W/ClassPathPackageInfoSource( 7287): 	at android.test.ClassPathPackageInfoSource.createPackageInfo(ClassPathPackageInfoSource.java:88)
W/ClassPathPackageInfoSource( 7287): 	at android.test.ClassPathPackageInfoSource.access$000(ClassPathPackageInfoSource.java:39)
W/ClassPathPackageInfoSource( 7287): 	at android.test.ClassPathPackageInfoSource$1.load(ClassPathPackageInfoSource.java:50)
W/ClassPathPackageInfoSource( 7287): 	at android.test.ClassPathPackageInfoSource$1.load(ClassPathPackageInfoSource.java:47)
W/ClassPathPackageInfoSource( 7287): 	at android.test.SimpleCache.get(SimpleCache.java:31)
W/ClassPathPackageInfoSource( 7287): 	at android.test.ClassPathPackageInfoSource.getPackageInfo(ClassPathPackageInfoSource.java:72)
W/ClassPathPackageInfoSource( 7287): 	at android.test.ClassPathPackageInfo.getSubpackages(ClassPathPackageInfo.java:48)
W/ClassPathPackageInfoSource( 7287): 	at android.test.ClassPathPackageInfo.addTopLevelClassesTo(ClassPathPackageInfo.java:61)
W/ClassPathPackageInfoSource( 7287): 	at android.test.ClassPathPackageInfo.getTopLevelClassesRecursive(ClassPathPackageInfo.java:55)
W/ClassPathPackageInfoSource( 7287): 	at android.test.suitebuilder.TestGrouping.testCaseClassesInPackage(TestGrouping.java:156)
W/ClassPathPackageInfoSource( 7287): 	at android.test.suitebuilder.TestGrouping.addPackagesRecursive(TestGrouping.java:117)
W/ClassPathPackageInfoSource( 7287): 	at android.test.suitebuilder.TestSuiteBuilder.includePackages(TestSuiteBuilder.java:102)
W/ClassPathPackageInfoSource( 7287): 	at android.test.InstrumentationTestRunner.onCreate(InstrumentationTestRunner.java:366)
W/ClassPathPackageInfoSource( 7287): 	at android.app.ActivityThread.handleBindApplication(ActivityThread.java:4335)
W/ClassPathPackageInfoSource( 7287): 	at android.app.ActivityThread.access$1500(ActivityThread.java:135)
W/ClassPathPackageInfoSource( 7287): 	at android.app.ActivityThread$H.handleMessage(ActivityThread.java:1256)
W/ClassPathPackageInfoSource( 7287): 	at android.os.Handler.dispatchMessage(Handler.java:102)
W/ClassPathPackageInfoSource( 7287): 	at android.os.Looper.loop(Looper.java:136)
W/ClassPathPackageInfoSource( 7287): 	at android.app.ActivityThread.main(ActivityThread.java:5017)
W/ClassPathPackageInfoSource( 7287): 	at java.lang.reflect.Method.invokeNative(Native Method)
W/ClassPathPackageInfoSource( 7287): 	at java.lang.reflect.Method.invoke(Method.java:515)
W/ClassPathPackageInfoSource( 7287): 	at com.android.internal.os.ZygoteInit$MethodAndArgsCaller.run(ZygoteInit.java:779)
W/ClassPathPackageInfoSource( 7287): 	at com.android.internal.os.ZygoteInit.main(ZygoteInit.java:595)
W/ClassPathPackageInfoSource( 7287): 	at dalvik.system.NativeStart.main(Native Method)
W/ClassPathPackageInfoSource( 7287): Caused by: java.lang.NoClassDefFoundError: org/jdom2/xpath/jaxen/JDOM2Navigator
W/ClassPathPackageInfoSource( 7287): 	... 26 more
W/ClassPathPackageInfoSource( 7287): Caused by: java.lang.ClassNotFoundException: Didn't find class "org.jdom2.xpath.jaxen.JDOM2Navigator" on path: DexPathList[[zip file "/system/framework/android.test.runner.jar", zip file "/data/app/cz.romario.opensudoku.test-1.apk", zip file "/data/app/com.newsblur-1.apk"],nativeLibraryDirectories=[/data/app-lib/cz.romario.opensudoku.test-1, /data/app-lib/com.newsblur-1, /system/lib]]
W/ClassPathPackageInfoSource( 7287): 	at dalvik.system.BaseDexClassLoader.findClass(BaseDexClassLoader.java:56)
W/ClassPathPackageInfoSource( 7287): 	at java.lang.ClassLoader.loadClass(ClassLoader.java:497)
W/ClassPathPackageInfoSource( 7287): 	at java.lang.ClassLoader.loadClass(ClassLoader.java:457)
W/ClassPathPackageInfoSource( 7287): 	... 26 more
W/dalvikvm( 7287): Unable to resolve superclass of Lorg/jdom2/xpath/jaxen/JDOMCoreNavigator; (345)
W/dalvikvm( 7287): Link of class 'Lorg/jdom2/xpath/jaxen/JDOMCoreNavigator;' failed
W/ClassPathPackageInfoSource( 7287): Cannot load class. Make sure it is in your apk. Class name: 'org.jdom2.xpath.jaxen.JDOMCoreNavigator'. Message: org.jdom2.xpath.jaxen.JDOMCoreNavigator
W/ClassPathPackageInfoSource( 7287): java.lang.ClassNotFoundException: org.jdom2.xpath.jaxen.JDOMCoreNavigator
W/ClassPathPackageInfoSource( 7287): 	at java.lang.Class.classForName(Native Method)
W/ClassPathPackageInfoSource( 7287): 	at java.lang.Class.forName(Class.java:251)
W/ClassPathPackageInfoSource( 7287): 	at android.test.ClassPathPackageInfoSource.createPackageInfo(ClassPathPackageInfoSource.java:88)
W/ClassPathPackageInfoSource( 7287): 	at android.test.ClassPathPackageInfoSource.access$000(ClassPathPackageInfoSource.java:39)
W/ClassPathPackageInfoSource( 7287): 	at android.test.ClassPathPackageInfoSource$1.load(ClassPathPackageInfoSource.java:50)
W/ClassPathPackageInfoSource( 7287): 	at android.test.ClassPathPackageInfoSource$1.load(ClassPathPackageInfoSource.java:47)
W/ClassPathPackageInfoSource( 7287): 	at android.test.SimpleCache.get(SimpleCache.java:31)
W/ClassPathPackageInfoSource( 7287): 	at android.test.ClassPathPackageInfoSource.getPackageInfo(ClassPathPackageInfoSource.java:72)
W/ClassPathPackageInfoSource( 7287): 	at android.test.ClassPathPackageInfo.getSubpackages(ClassPathPackageInfo.java:48)
W/ClassPathPackageInfoSource( 7287): 	at android.test.ClassPathPackageInfo.addTopLevelClassesTo(ClassPathPackageInfo.java:61)
W/ClassPathPackageInfoSource( 7287): 	at android.test.ClassPathPackageInfo.getTopLevelClassesRecursive(ClassPathPackageInfo.java:55)
W/ClassPathPackageInfoSource( 7287): 	at android.test.suitebuilder.TestGrouping.testCaseClassesInPackage(TestGrouping.java:156)
W/ClassPathPackageInfoSource( 7287): 	at android.test.suitebuilder.TestGrouping.addPackagesRecursive(TestGrouping.java:117)
W/ClassPathPackageInfoSource( 7287): 	at android.test.suitebuilder.TestSuiteBuilder.includePackages(TestSuiteBuilder.java:102)
W/ClassPathPackageInfoSource( 7287): 	at android.test.InstrumentationTestRunner.onCreate(InstrumentationTestRunner.java:366)
W/ClassPathPackageInfoSource( 7287): 	at android.app.ActivityThread.handleBindApplication(ActivityThread.java:4335)
W/ClassPathPackageInfoSource( 7287): 	at android.app.ActivityThread.access$1500(ActivityThread.java:135)
W/ClassPathPackageInfoSource( 7287): 	at android.app.ActivityThread$H.handleMessage(ActivityThread.java:1256)
W/ClassPathPackageInfoSource( 7287): 	at android.os.Handler.dispatchMessage(Handler.java:102)
W/ClassPathPackageInfoSource( 7287): 	at android.os.Looper.loop(Looper.java:136)
W/ClassPathPackageInfoSource( 7287): 	at android.app.ActivityThread.main(ActivityThread.java:5017)
W/ClassPathPackageInfoSource( 7287): 	at java.lang.reflect.Method.invokeNative(Native Method)
W/ClassPathPackageInfoSource( 7287): 	at java.lang.reflect.Method.invoke(Method.java:515)
W/ClassPathPackageInfoSource( 7287): 	at com.android.internal.os.ZygoteInit$MethodAndArgsCaller.run(ZygoteInit.java:779)
W/ClassPathPackageInfoSource( 7287): 	at com.android.internal.os.ZygoteInit.main(ZygoteInit.java:595)
W/ClassPathPackageInfoSource( 7287): 	at dalvik.system.NativeStart.main(Native Method)
W/ClassPathPackageInfoSource( 7287): Caused by: java.lang.NoClassDefFoundError: org/jdom2/xpath/jaxen/JDOMCoreNavigator
W/ClassPathPackageInfoSource( 7287): 	... 26 more
W/ClassPathPackageInfoSource( 7287): Caused by: java.lang.ClassNotFoundException: Didn't find class "org.jdom2.xpath.jaxen.JDOMCoreNavigator" on path: DexPathList[[zip file "/system/framework/android.test.runner.jar", zip file "/data/app/cz.romario.opensudoku.test-1.apk", zip file "/data/app/com.newsblur-1.apk"],nativeLibraryDirectories=[/data/app-lib/cz.romario.opensudoku.test-1, /data/app-lib/com.newsblur-1, /system/lib]]
W/ClassPathPackageInfoSource( 7287): 	at dalvik.system.BaseDexClassLoader.findClass(BaseDexClassLoader.java:56)
W/ClassPathPackageInfoSource( 7287): 	at java.lang.ClassLoader.loadClass(ClassLoader.java:497)
W/ClassPathPackageInfoSource( 7287): 	at java.lang.ClassLoader.loadClass(ClassLoader.java:457)
W/ClassPathPackageInfoSource( 7287): 	... 26 more
W/dalvikvm( 7287): Unable to resolve superclass of Lorg/jdom2/xpath/jaxen/JDOMCoreNavigator; (345)
W/dalvikvm( 7287): Link of class 'Lorg/jdom2/xpath/jaxen/JDOMCoreNavigator;' failed
W/dalvikvm( 7287): Unable to resolve superclass of Lorg/jdom2/xpath/jaxen/JDOMNavigator; (543)
W/dalvikvm( 7287): Link of class 'Lorg/jdom2/xpath/jaxen/JDOMNavigator;' failed
W/ClassPathPackageInfoSource( 7287): Cannot load class. Make sure it is in your apk. Class name: 'org.jdom2.xpath.jaxen.JDOMNavigator'. Message: org.jdom2.xpath.jaxen.JDOMNavigator
W/ClassPathPackageInfoSource( 7287): java.lang.ClassNotFoundException: org.jdom2.xpath.jaxen.JDOMNavigator
W/ClassPathPackageInfoSource( 7287): 	at java.lang.Class.classForName(Native Method)
W/ClassPathPackageInfoSource( 7287): 	at java.lang.Class.forName(Class.java:251)
W/ClassPathPackageInfoSource( 7287): 	at android.test.ClassPathPackageInfoSource.createPackageInfo(ClassPathPackageInfoSource.java:88)
W/ClassPathPackageInfoSource( 7287): 	at android.test.ClassPathPackageInfoSource.access$000(ClassPathPackageInfoSource.java:39)
W/ClassPathPackageInfoSource( 7287): 	at android.test.ClassPathPackageInfoSource$1.load(ClassPathPackageInfoSource.java:50)
W/ClassPathPackageInfoSource( 7287): 	at android.test.ClassPathPackageInfoSource$1.load(ClassPathPackageInfoSource.java:47)
W/ClassPathPackageInfoSource( 7287): 	at android.test.SimpleCache.get(SimpleCache.java:31)
W/ClassPathPackageInfoSource( 7287): 	at android.test.ClassPathPackageInfoSource.getPackageInfo(ClassPathPackageInfoSource.java:72)
W/ClassPathPackageInfoSource( 7287): 	at android.test.ClassPathPackageInfo.getSubpackages(ClassPathPackageInfo.java:48)
W/ClassPathPackageInfoSource( 7287): 	at android.test.ClassPathPackageInfo.addTopLevelClassesTo(ClassPathPackageInfo.java:61)
W/ClassPathPackageInfoSource( 7287): 	at android.test.ClassPathPackageInfo.getTopLevelClassesRecursive(ClassPathPackageInfo.java:55)
W/ClassPathPackageInfoSource( 7287): 	at android.test.suitebuilder.TestGrouping.testCaseClassesInPackage(TestGrouping.java:156)
W/ClassPathPackageInfoSource( 7287): 	at android.test.suitebuilder.TestGrouping.addPackagesRecursive(TestGrouping.java:117)
W/ClassPathPackageInfoSource( 7287): 	at android.test.suitebuilder.TestSuiteBuilder.includePackages(TestSuiteBuilder.java:102)
W/ClassPathPackageInfoSource( 7287): 	at android.test.InstrumentationTestRunner.onCreate(InstrumentationTestRunner.java:366)
W/ClassPathPackageInfoSource( 7287): 	at android.app.ActivityThread.handleBindApplication(ActivityThread.java:4335)
W/ClassPathPackageInfoSource( 7287): 	at android.app.ActivityThread.access$1500(ActivityThread.java:135)
W/ClassPathPackageInfoSource( 7287): 	at android.app.ActivityThread$H.handleMessage(ActivityThread.java:1256)
W/ClassPathPackageInfoSource( 7287): 	at android.os.Handler.dispatchMessage(Handler.java:102)
W/ClassPathPackageInfoSource( 7287): 	at android.os.Looper.loop(Looper.java:136)
W/ClassPathPackageInfoSource( 7287): 	at android.app.ActivityThread.main(ActivityThread.java:5017)
W/ClassPathPackageInfoSource( 7287): 	at java.lang.reflect.Method.invokeNative(Native Method)
W/ClassPathPackageInfoSource( 7287): 	at java.lang.reflect.Method.invoke(Method.java:515)
W/ClassPathPackageInfoSource( 7287): 	at com.android.internal.os.ZygoteInit$MethodAndArgsCaller.run(ZygoteInit.java:779)
W/ClassPathPackageInfoSource( 7287): 	at com.android.internal.os.ZygoteInit.main(ZygoteInit.java:595)
W/ClassPathPackageInfoSource( 7287): 	at dalvik.system.NativeStart.main(Native Method)
W/ClassPathPackageInfoSource( 7287): Caused by: java.lang.NoClassDefFoundError: org/jdom2/xpath/jaxen/JDOMNavigator
W/ClassPathPackageInfoSource( 7287): 	... 26 more
W/ClassPathPackageInfoSource( 7287): Caused by: java.lang.ClassNotFoundException: Didn't find class "org.jdom2.xpath.jaxen.JDOMNavigator" on path: DexPathList[[zip file "/system/framework/android.test.runner.jar", zip file "/data/app/cz.romario.opensudoku.test-1.apk", zip file "/data/app/com.newsblur-1.apk"],nativeLibraryDirectories=[/data/app-lib/cz.romario.opensudoku.test-1, /data/app-lib/com.newsblur-1, /system/lib]]
W/ClassPathPackageInfoSource( 7287): 	at dalvik.system.BaseDexClassLoader.findClass(BaseDexClassLoader.java:56)
W/ClassPathPackageInfoSource( 7287): 	at java.lang.ClassLoader.loadClass(ClassLoader.java:497)
W/ClassPathPackageInfoSource( 7287): 	at java.lang.ClassLoader.loadClass(ClassLoader.java:457)
W/ClassPathPackageInfoSource( 7287): 	... 26 more
I/dalvikvm( 7287): Failed resolving Lorg/jdom2/xpath/jaxen/JaxenCompiled; interface 349 'Lorg/jaxen/NamespaceContext;'
W/dalvikvm( 7287): Link of class 'Lorg/jdom2/xpath/jaxen/JaxenCompiled;' failed
D/dalvikvm( 7287): GC_CONCURRENT freed 500K, 20% free 3510K/4356K, paused 4ms+1ms, total 27ms
W/ClassPathPackageInfoSource( 7287): Cannot load class. Make sure it is in your apk. Class name: 'org.jdom2.xpath.jaxen.JaxenCompiled'. Message: org.jdom2.xpath.jaxen.JaxenCompiled
W/ClassPathPackageInfoSource( 7287): java.lang.ClassNotFoundException: org.jdom2.xpath.jaxen.JaxenCompiled
W/ClassPathPackageInfoSource( 7287): 	at java.lang.Class.classForName(Native Method)
W/ClassPathPackageInfoSource( 7287): 	at java.lang.Class.forName(Class.java:251)
W/ClassPathPackageInfoSource( 7287): 	at android.test.ClassPathPackageInfoSource.createPackageInfo(ClassPathPackageInfoSource.java:88)
W/ClassPathPackageInfoSource( 7287): 	at android.test.ClassPathPackageInfoSource.access$000(ClassPathPackageInfoSource.java:39)
W/ClassPathPackageInfoSource( 7287): 	at android.test.ClassPathPackageInfoSource$1.load(ClassPathPackageInfoSource.java:50)
W/ClassPathPackageInfoSource( 7287): 	at android.test.ClassPathPackageInfoSource$1.load(ClassPathPackageInfoSource.java:47)
W/ClassPathPackageInfoSource( 7287): 	at android.test.SimpleCache.get(SimpleCache.java:31)
W/ClassPathPackageInfoSource( 7287): 	at android.test.ClassPathPackageInfoSource.getPackageInfo(ClassPathPackageInfoSource.java:72)
W/ClassPathPackageInfoSource( 7287): 	at android.test.ClassPathPackageInfo.getSubpackages(ClassPathPackageInfo.java:48)
W/ClassPathPackageInfoSource( 7287): 	at android.test.ClassPathPackageInfo.addTopLevelClassesTo(ClassPathPackageInfo.java:61)
W/ClassPathPackageInfoSource( 7287): 	at android.test.ClassPathPackageInfo.getTopLevelClassesRecursive(ClassPathPackageInfo.java:55)
W/ClassPathPackageInfoSource( 7287): 	at android.test.suitebuilder.TestGrouping.testCaseClassesInPackage(TestGrouping.java:156)
W/ClassPathPackageInfoSource( 7287): 	at android.test.suitebuilder.TestGrouping.addPackagesRecursive(TestGrouping.java:117)
W/ClassPathPackageInfoSource( 7287): 	at android.test.suitebuilder.TestSuiteBuilder.includePackages(TestSuiteBuilder.java:102)
W/ClassPathPackageInfoSource( 7287): 	at android.test.InstrumentationTestRunner.onCreate(InstrumentationTestRunner.java:366)
W/ClassPathPackageInfoSource( 7287): 	at android.app.ActivityThread.handleBindApplication(ActivityThread.java:4335)
W/ClassPathPackageInfoSource( 7287): 	at android.app.ActivityThread.access$1500(ActivityThread.java:135)
W/ClassPathPackageInfoSource( 7287): 	at android.app.ActivityThread$H.handleMessage(ActivityThread.java:1256)
W/ClassPathPackageInfoSource( 7287): 	at android.os.Handler.dispatchMessage(Handler.java:102)
W/ClassPathPackageInfoSource( 7287): 	at android.os.Looper.loop(Looper.java:136)
W/ClassPathPackageInfoSource( 7287): 	at android.app.ActivityThread.main(ActivityThread.java:5017)
W/ClassPathPackageInfoSource( 7287): 	at java.lang.reflect.Method.invokeNative(Native Method)
W/ClassPathPackageInfoSource( 7287): 	at java.lang.reflect.Method.invoke(Method.java:515)
W/ClassPathPackageInfoSource( 7287): 	at com.android.internal.os.ZygoteInit$MethodAndArgsCaller.run(ZygoteInit.java:779)
W/ClassPathPackageInfoSource( 7287): 	at com.android.internal.os.ZygoteInit.main(ZygoteInit.java:595)
W/ClassPathPackageInfoSource( 7287): 	at dalvik.system.NativeStart.main(Native Method)
W/ClassPathPackageInfoSource( 7287): Caused by: java.lang.NoClassDefFoundError: org/jdom2/xpath/jaxen/JaxenCompiled
W/ClassPathPackageInfoSource( 7287): 	... 26 more
W/ClassPathPackageInfoSource( 7287): Caused by: java.lang.ClassNotFoundException: Didn't find class "org.jdom2.xpath.jaxen.JaxenCompiled" on path: DexPathList[[zip file "/system/framework/android.test.runner.jar", zip file "/data/app/cz.romario.opensudoku.test-1.apk", zip file "/data/app/com.newsblur-1.apk"],nativeLibraryDirectories=[/data/app-lib/cz.romario.opensudoku.test-1, /data/app-lib/com.newsblur-1, /system/lib]]
W/ClassPathPackageInfoSource( 7287): 	at dalvik.system.BaseDexClassLoader.findClass(BaseDexClassLoader.java:56)
W/ClassPathPackageInfoSource( 7287): 	at java.lang.ClassLoader.loadClass(ClassLoader.java:497)
W/ClassPathPackageInfoSource( 7287): 	at java.lang.ClassLoader.loadClass(ClassLoader.java:457)
W/ClassPathPackageInfoSource( 7287): 	... 26 more
I/TestRunner( 7287): started: test2(cz.romario.opensudoku.test.test)
I/ActivityManager(  373): START u0 {act=android.intent.action.MAIN flg=0x10000000 cmp=com.newsblur/.activity.InitActivity} from pid 7287
D/dalvikvm(  373): GC_FOR_ALLOC freed 658K, 41% free 7465K/12584K, paused 87ms, total 89ms
I/dalvikvm-heap(  373): Grow heap (frag case) to 8.387MB for 856096-byte allocation
D/dalvikvm(  373): GC_FOR_ALLOC freed 5K, 39% free 8296K/13424K, paused 50ms, total 50ms
D/dalvikvm( 7287): GC_FOR_ALLOC freed 440K, 22% free 3422K/4356K, paused 85ms, total 86ms
I/dalvikvm-heap( 7287): Grow heap (frag case) to 5.593MB for 2073616-byte allocation
D/dalvikvm( 7287): GC_FOR_ALLOC freed <1K, 15% free 5446K/6384K, paused 28ms, total 28ms
D/dalvikvm( 7287): GC_CONCURRENT freed <1K, 15% free 5446K/6384K, paused 4ms+13ms, total 41ms
I/com.newsblur.activity.InitActivity( 7287): cold launching version 6.1.0
I/com.newsblur.util.PrefsUtils( 7287): detected new version of app:6.1.0
I/com.newsblur.database.BlurDatabaseHelper( 7287): dropping and recreating all tables . . .
I/com.newsblur.database.BlurDatabaseHelper( 7287): . . . tables recreated.
I/ActivityManager(  373): START u0 {cmp=com.newsblur/.activity.Login} from pid 7287
D/        ( 7287): HostConnection::get() New Host Connection established 0xb8758c18, tid 7287
D/OpenGLRenderer( 7287): Enabling debug mode 0
W/InputMethodManagerService(  373): Focus gain on non-focused client com.android.internal.view.IInputMethodClient$Stub$Proxy@b226c298 (uid=10097 pid=7287)
D/dalvikvm( 7287): GC_FOR_ALLOC freed 40K, 14% free 5513K/6384K, paused 20ms, total 21ms
I/dalvikvm-heap( 7287): Grow heap (frag case) to 6.276MB for 647836-byte allocation
D/dalvikvm( 7287): GC_FOR_ALLOC freed <1K, 13% free 6145K/7020K, paused 20ms, total 21ms
D/dalvikvm( 7287): GC_FOR_ALLOC freed 30K, 10% free 6636K/7340K, paused 16ms, total 17ms
D/dalvikvm( 7287): GC_FOR_ALLOC freed 3K, 10% free 6853K/7564K, paused 14ms, total 14ms
I/dalvikvm-heap( 7287): Grow heap (frag case) to 9.386MB for 2536936-byte allocation
D/dalvikvm( 7287): GC_FOR_ALLOC freed <1K, 8% free 9331K/10044K, paused 26ms, total 26ms
D/dalvikvm( 7287): GC_CONCURRENT freed 0K, 8% free 9331K/10044K, paused 4ms+2ms, total 29ms
I/ActivityManager(  373): Displayed com.newsblur/.activity.Login: +1s520ms (total +2s625ms)
