https://github.com/LawnchairLauncher/Lawnchair/issues/954<td class="d-block comment-body markdown-body  js-comment-body">

          <h2>Description</h2>
<p>Basically, I enabled the Backport Shortcut settings on the Lawnchair Launcher. I saw the following things happened.</p>
<h2>Expected Behavior</h2>
<p>When I long press (some of) the apps, just like normal app shortcut, I'd expect to show something like that:<br>
<a target="_blank" href="https://user-images.githubusercontent.com/19400887/33065589-3f3acd6c-cee4-11e7-8613-e2d8139cf0d9.jpg"><img src="https://user-images.githubusercontent.com/19400887/33065589-3f3acd6c-cee4-11e7-8613-e2d8139cf0d9.jpg" alt="maxresdefault" style="max-width:100%;"></a></p>
<h2>Actual Behavior</h2>
<p>Instead, it just showed the shortcuts fine, but some blanked shortcuts appeared as shown:<br>
<a target="_blank" href="https://user-images.githubusercontent.com/19400887/33065650-692e892e-cee4-11e7-9e84-5e2f3e1fb50e.png"><img src="https://user-images.githubusercontent.com/19400887/33065650-692e892e-cee4-11e7-9e84-5e2f3e1fb50e.png" alt="screenshot_20171121-174052" style="max-width:100%;"></a><br>
<a target="_blank" href="https://user-images.githubusercontent.com/19400887/33065651-699e3738-cee4-11e7-978c-2b2b40435fcb.png"><img src="https://user-images.githubusercontent.com/19400887/33065651-699e3738-cee4-11e7-978c-2b2b40435fcb.png" alt="screenshot_20171121-174035" style="max-width:100%;"></a><br>
Tbh, It is usable, but these are pretty weird.</p>
<p>Almost all the google apps I tried, had the same issue, such as G Drive, Document, etc.<br>
But, when I tried with other apps that support shortcuts (e.g. Precise Volume), turns out everything is fine, no blank shortcuts occurs.</p>
<h2>Steps to Reproduce</h2>
<h2>Environment</h2>
<p>Device: Samsung Galaxy C7 pro (SM-C7010) Hong Kong<br>
Android version: 6.0.1<br>
Launcher version: 1.1.0.1583<br>
Rom: Touchwiz Grace UX</p>
<h2>Logcat</h2>
<p>vvv These are what happened when I open app shortcut on YouTube in Lawnchair Lawnchair<br>
11-21 18:39:07.062  1494  2425 D RestrictionPolicy: userId: 0, isMicrophoneEnabledAsUser : true<br>
11-21 18:39:07.082  1494  2109 D RestrictionPolicy: userId: 0, isMicrophoneEnabledAsUser : true<br>
11-21 18:39:07.102  1494  1513 D RestrictionPolicy: userId: 0, isMicrophoneEnabledAsUser : true<br>
11-21 18:39:07.122  1494  2415 D RestrictionPolicy: userId: 0, isMicrophoneEnabledAsUser : true<br>
11-21 18:39:07.142  1494  2695 D RestrictionPolicy: userId: 0, isMicrophoneEnabledAsUser : true<br>
11-21 18:39:07.162  1494  2693 D RestrictionPolicy: userId: 0, isMicrophoneEnabledAsUser : true<br>
11-21 18:39:07.182  1494  2204 D RestrictionPolicy: userId: 0, isMicrophoneEnabledAsUser : true<br>
11-21 18:39:07.202 20574 20616 D com.facebook.appevents.AppEventsLogger: Got unexpected exception: java.io.WriteAbortedException: Read an exception; java.io.NotSerializableException: org.json.JSONObject<br>
11-21 18:39:07.202  1494  2694 D RestrictionPolicy: userId: 0, isMicrophoneEnabledAsUser : true<br>
11-21 18:39:07.222  1494  1773 D RestrictionPolicy: userId: 0, isMicrophoneEnabledAsUser : true<br>
11-21 18:39:07.242  1494  1876 D RestrictionPolicy: userId: 0, isMicrophoneEnabledAsUser : true<br>
11-21 18:39:07.262  1494  1512 D RestrictionPolicy: userId: 0, isMicrophoneEnabledAsUser : true<br>
11-21 18:39:07.282  1494  2708 D RestrictionPolicy: userId: 0, isMicrophoneEnabledAsUser : true<br>
11-21 18:39:07.302  1494  2710 D RestrictionPolicy: userId: 0, isMicrophoneEnabledAsUser : true<br>
11-21 18:39:07.322  1494  1913 D RestrictionPolicy: userId: 0, isMicrophoneEnabledAsUser : true<br>
11-21 18:39:07.342  1494  2203 D RestrictionPolicy: userId: 0, isMicrophoneEnabledAsUser : true<br>
11-21 18:39:07.362  1494  2106 D RestrictionPolicy: userId: 0, isMicrophoneEnabledAsUser : true<br>
11-21 18:39:07.382  1494  2425 D RestrictionPolicy: userId: 0, isMicrophoneEnabledAsUser : true<br>
11-21 18:39:07.402  1494  2109 D RestrictionPolicy: userId: 0, isMicrophoneEnabledAsUser : true<br>
11-21 18:39:07.422  1494  1513 D RestrictionPolicy: userId: 0, isMicrophoneEnabledAsUser : true<br>
11-21 18:39:07.442  1494  2415 D RestrictionPolicy: userId: 0, isMicrophoneEnabledAsUser : true<br>
11-21 18:39:07.462  1494  2695 D RestrictionPolicy: userId: 0, isMicrophoneEnabledAsUser : true<br>
11-21 18:39:07.482  1494  2693 D RestrictionPolicy: userId: 0, isMicrophoneEnabledAsUser : true<br>
11-21 18:39:07.502  1494  2204 D RestrictionPolicy: userId: 0, isMicrophoneEnabledAsUser : true<br>
11-21 18:39:07.522  1494  2694 D RestrictionPolicy: userId: 0, isMicrophoneEnabledAsUser : true<br>
11-21 18:39:07.542  1494  1773 D RestrictionPolicy: userId: 0, isMicrophoneEnabledAsUser : true<br>
11-21 18:39:07.562  1494  1876 D RestrictionPolicy: userId: 0, isMicrophoneEnabledAsUser : true<br>
11-21 18:39:07.582  1494  1512 D RestrictionPolicy: userId: 0, isMicrophoneEnabledAsUser : true<br>
11-21 18:39:07.602  1494  2708 D RestrictionPolicy: userId: 0, isMicrophoneEnabledAsUser : true<br>
11-21 18:39:07.622  1494  2710 D RestrictionPolicy: userId: 0, isMicrophoneEnabledAsUser : true<br>
11-21 18:39:07.642  1494  1913 D RestrictionPolicy: userId: 0, isMicrophoneEnabledAsUser : true<br>
11-21 18:39:07.662  1494  2203 D RestrictionPolicy: userId: 0, isMicrophoneEnabledAsUser : true<br>
11-21 18:39:07.672  3739  3739 D HeadsetPhoneState: Signal level : previous=4 curr=4<br>
11-21 18:39:07.672  1998  3706 D NetworkController.MobileSignalController(0/1): onSignalStrengthsChanged signalStrength=SignalStrength: 99 99 -120 -160 -120 -1 -1 18 -103 -12 110 -1 2147483647 0x4000 gsm|lte level=4<br>
11-21 18:39:07.672  1998  3706 D NetworkController.MobileSignalController(0/1): updateTelephonySignalStrength: hasService=true ss=SignalStrength: 99 99 -120 -160 -120 -1 -1 18 -103 -12 110 -1 2147483647 0x4000 gsm|lte<br>
11-21 18:39:07.682  1494  2425 D RestrictionPolicy: userId: 0, isMicrophoneEnabledAsUser : true<br>
11-21 18:39:07.702  1494  2109 D RestrictionPolicy: userId: 0, isMicrophoneEnabledAsUser : true<br>
11-21 18:39:07.722  1494  1513 D RestrictionPolicy: userId: 0, isMicrophoneEnabledAsUser : true<br>
11-21 18:39:07.742  1494  2415 D RestrictionPolicy: userId: 0, isMicrophoneEnabledAsUser : true<br>
11-21 18:39:07.762  1494  2695 D RestrictionPolicy: userId: 0, isMicrophoneEnabledAsUser : true<br>
11-21 18:39:07.782  1494  2693 D RestrictionPolicy: userId: 0, isMicrophoneEnabledAsUser : true<br>
11-21 18:39:07.802  1494  2204 D RestrictionPolicy: userId: 0, isMicrophoneEnabledAsUser : true<br>
11-21 18:39:07.822  1494  2694 D RestrictionPolicy: userId: 0, isMicrophoneEnabledAsUser : true<br>
11-21 18:39:07.842  1494  1773 D RestrictionPolicy: userId: 0, isMicrophoneEnabledAsUser : true<br>
11-21 18:39:07.862  1494  1736 D InputReader: Input event(4): value=1 when=9682606767000<br>
11-21 18:39:07.862  1494  1876 D RestrictionPolicy: userId: 0, isMicrophoneEnabledAsUser : true<br>
11-21 18:39:07.862  1494  1736 D InputReader: Input event(4): value=1 when=9682606767000<br>
11-21 18:39:07.862  1494  1736 I InputReader: Touch event's action is 0x0 (deviceType=0) [pCnt=1, s=0.1133 ] when=9682606767000<br>
11-21 18:39:07.862  1494  1736 D InputReader: lastThreadEndTime = 9675857981359, currentThreadStartTime = 9675857986255, diff = 0<br>
11-21 18:39:07.862  1494  1735 I InputDispatcher: Delivering touch to (1998): action: 0x4, toolType: 1<br>
11-21 18:39:07.862  1494  1735 I InputDispatcher: Delivering touch to (3541): action: 0x4, toolType: 1<br>
11-21 18:39:07.862  1494  1735 I InputDispatcher: Delivering touch to (7299): action: 0x0, toolType: 1<br>
11-21 18:39:07.862  1494  1735 I InputDispatcher: Delivering touch to (2565): action: 0x0, toolType: 1<br>
11-21 18:39:07.862  7299  7299 D ViewRootImpl: ViewPostImeInputStage processPointer 0<br>
11-21 18:39:07.882  1494  1512 D RestrictionPolicy: userId: 0, isMicrophoneEnabledAsUser : true<br>
11-21 18:39:07.902  1494  2708 D RestrictionPolicy: userId: 0, isMicrophoneEnabledAsUser : true<br>
11-21 18:39:07.922  1494  2710 D RestrictionPolicy: userId: 0, isMicrophoneEnabledAsUser : true<br>
11-21 18:39:07.942  1494  1913 D RestrictionPolicy: userId: 0, isMicrophoneEnabledAsUser : true<br>
11-21 18:39:07.962  1494  2203 D RestrictionPolicy: userId: 0, isMicrophoneEnabledAsUser : true<br>
11-21 18:39:07.982  1494  2106 D RestrictionPolicy: userId: 0, isMicrophoneEnabledAsUser : true<br>
11-21 18:39:08.002  1494  2425 D RestrictionPolicy: userId: 0, isMicrophoneEnabledAsUser : true<br>
11-21 18:39:08.022  1494  2109 D RestrictionPolicy: userId: 0, isMicrophoneEnabledAsUser : true<br>
11-21 18:39:08.042  1494  1513 D RestrictionPolicy: userId: 0, isMicrophoneEnabledAsUser : true<br>
11-21 18:39:08.062  1494  2415 D RestrictionPolicy: userId: 0, isMicrophoneEnabledAsUser : true<br>
11-21 18:39:08.082  1494  2695 D RestrictionPolicy: userId: 0, isMicrophoneEnabledAsUser : true<br>
11-21 18:39:08.102  1494  2693 D RestrictionPolicy: userId: 0, isMicrophoneEnabledAsUser : true<br>
11-21 18:39:08.122  1494  2204 D RestrictionPolicy: userId: 0, isMicrophoneEnabledAsUser : true<br>
11-21 18:39:08.142  1494  2694 D RestrictionPolicy: userId: 0, isMicrophoneEnabledAsUser : true<br>
11-21 18:39:08.162  1494  1773 D RestrictionPolicy: userId: 0, isMicrophoneEnabledAsUser : true<br>
11-21 18:39:08.182  1494  2710 D RestrictionPolicy: userId: 0, isMicrophoneEnabledAsUser : true<br>
11-21 18:39:08.192  1494  2425 D SamsungWindowManager: f.b. a = false psme = false hdpsm = false hd = false lpm = false eme = false ksno = false ps = false<br>
11-21 18:39:08.192  1494  2425 V Vibrator: Called vibrate(int, int, AudioAttributes, MagnitudeTypes) API - PUID: 1000, repeat: -1, PackageName: android, MagnitudeType: TouchMagnitude<br>
11-21 18:39:08.192  1494  2425 V VibratorService: vibratePatternMagnitude - package: android, repeat: -1, token: android.os.Binder@927fa67, mag: 8200, def: 10000<br>
11-21 18:39:08.192  1494  2425 V Vibrator: vibrate - PUID: 1000, PackageName: android, type: 50025, repeat: -1, token: android.os.Binder@927fa67, mag: 8200, AudioAttr : null<br>
11-21 18:39:08.192  1494  2425 D VibratorService: Turning vibrator off<br>
11-21 18:39:08.202  1494 20937 D VibratorService: vibratorOn() : 7ms, magnitude :8200, f : -1<br>
11-21 18:39:08.202  1494  1513 V VibratorService: ***** Current vibration info *****<br>
11-21 18:39:08.202  1494  1513 V VibratorService: Token : android.os.Binder@927fa67<br>
11-21 18:39:08.202  1494  1513 V VibratorService: Uid : 1000<br>
11-21 18:39:08.202  1494  1513 V VibratorService: PackageName : android<br>
11-21 18:39:08.202  1494  1513 V VibratorService: Timeout : 0<br>
11-21 18:39:08.202  1494  1513 V VibratorService: StartTime : 9682936<br>
11-21 18:39:08.202  1494  1513 V VibratorService: Repeat : -1<br>
11-21 18:39:08.202  1494  1513 V VibratorService: Pattern info :<br>
11-21 18:39:08.202  1494  1513 V VibratorService: pattern.length : 2<br>
11-21 18:39:08.202  1494  1513 V VibratorService: pattern[0] = 0<br>
11-21 18:39:08.202  1494  1513 V VibratorService: pattern[1] = 7<br>
11-21 18:39:08.202  1494  1513 D SamsungWindowManager: f.b. a = false psme = false hdpsm = false hd = false lpm = false eme = false ksno = false ps = false<br>
11-21 18:39:08.202  1494  1513 V Vibrator: Called vibrate(int, int, AudioAttributes, MagnitudeTypes) API - PUID: 1000, repeat: -1, PackageName: android, MagnitudeType: TouchMagnitude<br>
11-21 18:39:08.202  1494  1513 V Vibrator: vibrate - PUID: 1000, PackageName: android, type: 50025, repeat: -1, token: android.os.Binder@927fa67, mag: 8200, AudioAttr : null<br>
11-21 18:39:08.202  1494  1513 V VibratorService: vibratePatternMagnitude - package: android, repeat: -1, token: android.os.Binder@927fa67, mag: 8200, def: 10000<br>
11-21 18:39:08.202  1494  1513 D VibratorService: Turning vibrator off<br>
11-21 18:39:08.202  7299  7299 D TextView: isUniversalSwitchEnabled() is false<br>
11-21 18:39:08.202  1494 20938 D VibratorService: vibratorOn() : 7ms, magnitude :8200, f : -1<br>
11-21 18:39:08.202  1494  2693 D RestrictionPolicy: userId: 0, isMicrophoneEnabledAsUser : true<br>
11-21 18:39:08.222  1494  2106 D RestrictionPolicy: userId: 0, isMicrophoneEnabledAsUser : true<br>
11-21 18:39:08.242  1494  1513 D RestrictionPolicy: userId: 0, isMicrophoneEnabledAsUser : true<br>
11-21 18:39:08.262  1494  1876 D RestrictionPolicy: userId: 0, isMicrophoneEnabledAsUser : true<br>
11-21 18:39:08.262  1494  1512 W System.err: java.lang.SecurityException: get application info: Neither user 10362 nor current process has android.permission.INTERACT_ACROSS_USERS.<br>
11-21 18:39:08.262  1494  1512 W System.err:    at android.app.ContextImpl.enforce(ContextImpl.java:1668)<br>
11-21 18:39:08.262  1494  1512 W System.err:    at android.app.ContextImpl.enforceCallingOrSelfPermission(ContextImpl.java:1700)<br>
11-21 18:39:08.262  1494  1512 W System.err:    at com.android.server.pm.PackageManagerService.enforceCrossUserPermission(PackageManagerService.java:5354)<br>
11-21 18:39:08.262  1494  1512 W System.err:    at com.android.server.pm.PackageManagerService.getApplicationInfo(PackageManagerService.java:4881)<br>
11-21 18:39:08.262  1494  1512 W System.err:    at com.android.server.appwidget.AppWidgetServiceImpl$SecurityPolicy.isProviderWhiteListed(AppWidgetServiceImpl.java:3890)<br>
11-21 18:39:08.262  1494  1512 W System.err:    at com.android.server.appwidget.AppWidgetServiceImpl$SecurityPolicy.isProviderInCallerOrInProfileAndWhitelListed(AppWidgetServiceImpl.java:3877)<br>
11-21 18:39:08.262  1494  1512 W System.err:    at com.android.server.appwidget.AppWidgetServiceImpl.getInstalledProvidersForProfile(AppWidgetServiceImpl.java:1551)<br>
11-21 18:39:08.262  1494  1512 W System.err:    at com.android.internal.appwidget.IAppWidgetService$Stub.onTransact(IAppWidgetService.java:278)<br>
11-21 18:39:08.262  1494  1512 W System.err:    at android.os.Binder.execTransact(Binder.java:453)<br>
11-21 18:39:08.262  1494  1512 W System.err: java.lang.SecurityException: get application info: Neither user 10362 nor current process has android.permission.INTERACT_ACROSS_USERS.<br>
11-21 18:39:08.262  1494  1512 W System.err:    at android.app.ContextImpl.enforce(ContextImpl.java:1668)<br>
11-21 18:39:08.262  1494  1512 W System.err:    at android.app.ContextImpl.enforceCallingOrSelfPermission(ContextImpl.java:1700)<br>
11-21 18:39:08.262  1494  1512 W System.err:    at com.android.server.pm.PackageManagerService.enforceCrossUserPermission(PackageManagerService.java:5354)<br>
11-21 18:39:08.262  1494  1512 W System.err:    at com.android.server.pm.PackageManagerService.getApplicationInfo(PackageManagerService.java:4881)<br>
11-21 18:39:08.262  1494  1512 W System.err:    at com.android.server.appwidget.AppWidgetServiceImpl$SecurityPolicy.isProviderWhiteListed(AppWidgetServiceImpl.java:3890)<br>
11-21 18:39:08.262  1494  1512 W System.err:    at com.android.server.appwidget.AppWidgetServiceImpl$SecurityPolicy.isProviderInCallerOrInProfileAndWhitelListed(AppWidgetServiceImpl.java:3877)<br>
11-21 18:39:08.262  1494  1512 W System.err:    at com.android.server.appwidget.AppWidgetServiceImpl.getInstalledProvidersForProfile(AppWidgetServiceImpl.java:1551)<br>
11-21 18:39:08.262  1494  1512 W System.err:    at com.android.internal.appwidget.IAppWidgetService$Stub.onTransact(IAppWidgetService.java:278)<br>
11-21 18:39:08.262  1494  1512 W System.err:    at android.os.Binder.execTransact(Binder.java:453)<br>
11-21 18:39:08.262  1494  1512 W System.err: java.lang.SecurityException: get application info: Neither user 10362 nor current process has android.permission.INTERACT_ACROSS_USERS.<br>
11-21 18:39:08.262  1494  1512 W System.err:    at android.app.ContextImpl.enforce(ContextImpl.java:1668)<br>
11-21 18:39:08.262  1494  1512 W System.err:    at android.app.ContextImpl.enforceCallingOrSelfPermission(ContextImpl.java:1700)<br>
11-21 18:39:08.262  1494  1512 W System.err:    at com.android.server.pm.PackageManagerService.enforceCrossUserPermission(PackageManagerService.java:5354)<br>
11-21 18:39:08.262  1494  1512 W System.err:    at com.android.server.pm.PackageManagerService.getApplicationInfo(PackageManagerService.java:4881)<br>
11-21 18:39:08.262  1494  1512 W System.err:    at com.android.server.appwidget.AppWidgetServiceImpl$SecurityPolicy.isProviderWhiteListed(AppWidgetServiceImpl.java:3890)<br>
11-21 18:39:08.262  1494  1512 W System.err:    at com.android.server.appwidget.AppWidgetServiceImpl$SecurityPolicy.isProviderInCallerOrInProfileAndWhitelListed(AppWidgetServiceImpl.java:3877)<br>
11-21 18:39:08.262  1494  1512 W System.err:    at com.android.server.appwidget.AppWidgetServiceImpl.getInstalledProvidersForProfile(AppWidgetServiceImpl.java:1551)<br>
11-21 18:39:08.262  1494  1512 W System.err:    at com.android.internal.appwidget.IAppWidgetService$Stub.onTransact(IAppWidgetService.java:278)<br>
11-21 18:39:08.262  1494  1512 W System.err:    at android.os.Binder.execTransact(Binder.java:453)<br>
11-21 18:39:08.262  1494  1512 W System.err: java.lang.SecurityException: get application info: Neither user 10362 nor current process has android.permission.INTERACT_ACROSS_USERS.<br>
11-21 18:39:08.262  1494  1512 W System.err:    at android.app.ContextImpl.enforce(ContextImpl.java:1668)<br>
11-21 18:39:08.262  1494  1512 W System.err:    at android.app.ContextImpl.enforceCallingOrSelfPermission(ContextImpl.java:1700)<br>
11-21 18:39:08.262  1494  1512 W System.err:    at com.android.server.pm.PackageManagerService.enforceCrossUserPermission(PackageManagerService.java:5354)<br>
11-21 18:39:08.262  1494  1512 W System.err:    at com.android.server.pm.PackageManagerService.getApplicationInfo(PackageManagerService.java:4881)<br>
11-21 18:39:08.262  1494  1512 W System.err:    at com.android.server.appwidget.AppWidgetServiceImpl$SecurityPolicy.isProviderWhiteListed(AppWidgetServiceImpl.java:3890)<br>
11-21 18:39:08.262  1494  1512 W System.err:    at com.android.server.appwidget.AppWidgetServiceImpl$SecurityPolicy.isProviderInCallerOrInProfileAndWhitelListed(AppWidgetServiceImpl.java:3877)<br>
11-21 18:39:08.262  1494  1512 W System.err:    at com.android.server.appwidget.AppWidgetServiceImpl.getInstalledProvidersForProfile(AppWidgetServiceImpl.java:1551)<br>
11-21 18:39:08.262  1494  1512 W System.err:    at com.android.internal.appwidget.IAppWidgetService$Stub.onTransact(IAppWidgetService.java:278)<br>
11-21 18:39:08.262  1494  1512 W System.err:    at android.os.Binder.execTransact(Binder.java:453)<br>
11-21 18:39:08.262  1494  1512 W System.err: java.lang.SecurityException: get application info: Neither user 10362 nor current process has android.permission.INTERACT_ACROSS_USERS.<br>
11-21 18:39:08.262  1494  1512 W System.err:    at android.app.ContextImpl.enforce(ContextImpl.java:1668)<br>
11-21 18:39:08.262  1494  1512 W System.err:    at android.app.ContextImpl.enforceCallingOrSelfPermission(ContextImpl.java:1700)<br>
11-21 18:39:08.262  1494  1512 W System.err:    at com.android.server.pm.PackageManagerService.enforceCrossUserPermission(PackageManagerService.java:5354)<br>
11-21 18:39:08.262  1494  1512 W System.err:    at com.android.server.pm.PackageManagerService.getApplicationInfo(PackageManagerService.java:4881)<br>
11-21 18:39:08.262  1494  1512 W System.err:    at com.android.server.appwidget.AppWidgetServiceImpl$SecurityPolicy.isProviderWhiteListed(AppWidgetServiceImpl.java:3890)<br>
11-21 18:39:08.262  1494  1512 W System.err:    at com.android.server.appwidget.AppWidgetServiceImpl$SecurityPolicy.isProviderInCallerOrInProfileAndWhitelListed(AppWidgetServiceImpl.java:3877)<br>
11-21 18:39:08.262  1494  1512 W System.err:    at com.android.server.appwidget.AppWidgetServiceImpl.getInstalledProvidersForProfile(AppWidgetServiceImpl.java:1551)<br>
11-21 18:39:08.262  1494  1512 W System.err:    at com.android.internal.appwidget.IAppWidgetService$Stub.onTransact(IAppWidgetService.java:278)<br>
11-21 18:39:08.262  1494  1512 W System.err:    at android.os.Binder.execTransact(Binder.java:453)<br>
11-21 18:39:08.262  1494  1512 W System.err: java.lang.SecurityException: get application info: Neither user 10362 nor current process has android.permission.INTERACT_ACROSS_USERS.<br>
11-21 18:39:08.262  1494  1512 W System.err:    at android.app.ContextImpl.enforce(ContextImpl.java:1668)<br>
11-21 18:39:08.262  1494  1512 W System.err:    at android.app.ContextImpl.enforceCallingOrSelfPermission(ContextImpl.java:1700)<br>
11-21 18:39:08.262  1494  1512 W System.err:    at com.android.server.pm.PackageManagerService.enforceCrossUserPermission(PackageManagerService.java:5354)<br>
11-21 18:39:08.262  1494  1512 W System.err:    at com.android.server.pm.PackageManagerService.getApplicationInfo(PackageManagerService.java:4881)<br>
11-21 18:39:08.262  1494  1512 W System.err:    at com.android.server.appwidget.AppWidgetServiceImpl$SecurityPolicy.isProviderWhiteListed(AppWidgetServiceImpl.java:3890)<br>
11-21 18:39:08.262  1494  1512 W System.err:    at com.android.server.appwidget.AppWidgetServiceImpl$SecurityPolicy.isProviderInCallerOrInProfileAndWhitelListed(AppWidgetServiceImpl.java:3877)<br>
11-21 18:39:08.262  1494  1512 W System.err:    at com.android.server.appwidget.AppWidgetServiceImpl.getInstalledProvidersForProfile(AppWidgetServiceImpl.java:1551)<br>
11-21 18:39:08.262  1494  1512 W System.err:    at com.android.internal.appwidget.IAppWidgetService$Stub.onTransact(IAppWidgetService.java:278)<br>
11-21 18:39:08.262  1494  1512 W System.err:    at android.os.Binder.execTransact(Binder.java:453)<br>
11-21 18:39:08.262  1494  1512 W System.err: java.lang.SecurityException: get application info: Neither user 10362 nor current process has android.permission.INTERACT_ACROSS_USERS.<br>
11-21 18:39:08.262  1494  1512 W System.err:    at android.app.ContextImpl.enforce(ContextImpl.java:1668)<br>
11-21 18:39:08.262  1494  1512 W System.err:    at android.app.ContextImpl.enforceCallingOrSelfPermission(ContextImpl.java:1700)<br>
11-21 18:39:08.262  1494  1512 W System.err:    at com.android.server.pm.PackageManagerService.enforceCrossUserPermission(PackageManagerService.java:5354)<br>
11-21 18:39:08.262  1494  1512 W System.err:    at com.android.server.pm.PackageManagerService.getApplicationInfo(PackageManagerService.java:4881)<br>
11-21 18:39:08.262  1494  1512 W System.err:    at com.android.server.appwidget.AppWidgetServiceImpl$SecurityPolicy.isProviderWhiteListed(AppWidgetServiceImpl.java:3890)<br>
11-21 18:39:08.262  1494  1512 W System.err:    at com.android.server.appwidget.AppWidgetServiceImpl$SecurityPolicy.isProviderInCallerOrInProfileAndWhitelListed(AppWidgetServiceImpl.java:3877)<br>
11-21 18:39:08.262  1494  1512 W System.err:    at com.android.server.appwidget.AppWidgetServiceImpl.getInstalledProvidersForProfile(AppWidgetServiceImpl.java:1551)<br>
11-21 18:39:08.262  1494  1512 W System.err:    at com.android.internal.appwidget.IAppWidgetService$Stub.onTransact(IAppWidgetService.java:278)<br>
11-21 18:39:08.262  1494  1512 W System.err:    at android.os.Binder.execTransact(Binder.java:453)<br>
11-21 18:39:08.272  1494  1512 W System.err: java.lang.SecurityException: get application info: Neither user 10362 nor current process has android.permission.INTERACT_ACROSS_USERS.<br>
11-21 18:39:08.272  1494  1512 W System.err:    at android.app.ContextImpl.enforce(ContextImpl.java:1668)<br>
11-21 18:39:08.272  1494  1512 W System.err:    at android.app.ContextImpl.enforceCallingOrSelfPermission(ContextImpl.java:1700)<br>
11-21 18:39:08.272  1494  1512 W System.err:    at com.android.server.pm.PackageManagerService.enforceCrossUserPermission(PackageManagerService.java:5354)<br>
11-21 18:39:08.272  1494  1512 W System.err:    at com.android.server.pm.PackageManagerService.getApplicationInfo(PackageManagerService.java:4881)<br>
11-21 18:39:08.272  1494  1512 W System.err:    at com.android.server.appwidget.AppWidgetServiceImpl$SecurityPolicy.isProviderWhiteListed(AppWidgetServiceImpl.java:3890)<br>
11-21 18:39:08.272  1494  1512 W System.err:    at com.android.server.appwidget.AppWidgetServiceImpl$SecurityPolicy.isProviderInCallerOrInProfileAndWhitelListed(AppWidgetServiceImpl.java:3877)<br>
11-21 18:39:08.272  1494  1512 W System.err:    at com.android.server.appwidget.AppWidgetServiceImpl.getInstalledProvidersForProfile(AppWidgetServiceImpl.java:1551)<br>
11-21 18:39:08.272  1494  1512 W System.err:    at com.android.internal.appwidget.IAppWidgetService$Stub.onTransact(IAppWidgetService.java:278)<br>
11-21 18:39:08.272  1494  1512 W System.err:    at android.os.Binder.execTransact(Binder.java:453)<br>
11-21 18:39:08.272  1494  1512 W System.err: java.lang.SecurityException: get application info: Neither user 10362 nor current process has android.permission.INTERACT_ACROSS_USERS.<br>
11-21 18:39:08.272  1494  1512 W System.err:    at android.app.ContextImpl.enforce(ContextImpl.java:1668)<br>
11-21 18:39:08.272  1494  1512 W System.err:    at android.app.ContextImpl.enforceCallingOrSelfPermission(ContextImpl.java:1700)<br>
11-21 18:39:08.272  1494  1512 W System.err:    at com.android.server.pm.PackageManagerService.enforceCrossUserPermission(PackageManagerService.java:5354)<br>
11-21 18:39:08.272  1494  1512 W System.err:    at com.android.server.pm.PackageManagerService.getApplicationInfo(PackageManagerService.java:4881)<br>
11-21 18:39:08.272  1494  1512 W System.err:    at com.android.server.appwidget.AppWidgetServiceImpl$SecurityPolicy.isProviderWhiteListed(AppWidgetServiceImpl.java:3890)<br>
11-21 18:39:08.272  1494  1512 W System.err:    at com.android.server.appwidget.AppWidgetServiceImpl$SecurityPolicy.isProviderInCallerOrInProfileAndWhitelListed(AppWidgetServiceImpl.java:3877)<br>
11-21 18:39:08.272  1494  1512 W System.err:    at com.android.server.appwidget.AppWidgetServiceImpl.getInstalledProvidersForProfile(AppWidgetServiceImpl.java:1551)<br>
11-21 18:39:08.272  1494  1512 W System.err:    at com.android.internal.appwidget.IAppWidgetService$Stub.onTransact(IAppWidgetService.java:278)<br>
11-21 18:39:08.272  1494  1512 W System.err:    at android.os.Binder.execTransact(Binder.java:453)<br>
11-21 18:39:08.272  1494  1512 W System.err: java.lang.SecurityException: get application info: Neither user 10362 nor current process has android.permission.INTERACT_ACROSS_USERS.<br>
11-21 18:39:08.272  1494  1512 W System.err:    at android.app.ContextImpl.enforce(ContextImpl.java:1668)<br>
11-21 18:39:08.272  1494  1512 W System.err:    at android.app.ContextImpl.enforceCallingOrSelfPermission(ContextImpl.java:1700)<br>
11-21 18:39:08.272  1494  1512 W System.err:    at com.android.server.pm.PackageManagerService.enforceCrossUserPermission(PackageManagerService.java:5354)<br>
11-21 18:39:08.272  1494  1512 W System.err:    at com.android.server.pm.PackageManagerService.getApplicationInfo(PackageManagerService.java:4881)<br>
11-21 18:39:08.272  1494  1512 W System.err:    at com.android.server.appwidget.AppWidgetServiceImpl$SecurityPolicy.isProviderWhiteListed(AppWidgetServiceImpl.java:3890)<br>
11-21 18:39:08.272  1494  1512 W System.err:    at com.android.server.appwidget.AppWidgetServiceImpl$SecurityPolicy.isProviderInCallerOrInProfileAndWhitelListed(AppWidgetServiceImpl.java:3877)<br>
11-21 18:39:08.272  1494  1512 W System.err:    at com.android.server.appwidget.AppWidgetServiceImpl.getInstalledProvidersForProfile(AppWidgetServiceImpl.java:1551)<br>
11-21 18:39:08.272  1494  1512 W System.err:    at com.android.internal.appwidget.IAppWidgetService$Stub.onTransact(IAppWidgetService.java:278)<br>
11-21 18:39:08.272  1494  1512 W System.err:    at android.os.Binder.execTransact(Binder.java:453)<br>
11-21 18:39:08.272  7299  7315 W ResourcesManager: Resource getTopLevelResources for package com.sec.android.app.clockpackageoverlayDirs =[/data/overlays/style/com.cambunch.Pixelize/com.cambunch.Pixelize.common.apk, /data/overlays/style/com.cambunch.Pixelize/com.cambunch.Pixelize.clockpackage.apk, /data/overlays/style/com.cambunch.Pixelize/com.cambunch.Pixelize.touchwiz.apk]<br>
11-21 18:39:08.282  7299  7315 W ResourcesManager: Resource getTopLevelResources for package com.sec.android.widgetapp.samsungappsoverlayDirs =Null<br>
11-21 18:39:08.282  1494  2710 D RestrictionPolicy: userId: 0, isMicrophoneEnabledAsUser : true<br>
11-21 18:39:08.292  7299  7315 W ResourcesManager: Resource getTopLevelResources for package com.sec.android.gallery3doverlayDirs =[/data/overlays/style/com.cambunch.Pixelize/com.cambunch.Pixelize.gallery3d.apk, /data/overlays/style/com.cambunch.Pixelize/com.cambunch.Pixelize.common.apk, /data/overlays/style/com.cambunch.Pixelize/com.cambunch.Pixelize.touchwiz.apk]<br>
11-21 18:39:08.292  7299  7315 W ResourcesManager: Resource getTopLevelResources for package com.samsung.android.smoverlayDirs =[/data/overlays/style/com.cambunch.Pixelize/com.cambunch.Pixelize.sm.apk, /data/overlays/style/com.cambunch.Pixelize/com.cambunch.Pixelize.common.apk, /data/overlays/style/com.cambunch.Pixelize/com.cambunch.Pixelize.touchwiz.apk]<br>
11-21 18:39:08.302  7299  7315 W ResourcesManager: Resource getTopLevelResources for package com.samsung.android.app.notesoverlayDirs =Null<br>
11-21 18:39:08.302  1494  2708 D RestrictionPolicy: userId: 0, isMicrophoneEnabledAsUser : true<br>
11-21 18:39:08.312  7299  7315 W ResourcesManager: Resource getTopLevelResources for package com.samsung.android.calendaroverlayDirs =[/data/overlays/style/com.cambunch.Pixelize/com.cambunch.Pixelize.calendar.apk, /data/overlays/style/com.cambunch.Pixelize/com.cambunch.Pixelize.common.apk, /data/overlays/style/com.cambunch.Pixelize/com.cambunch.Pixelize.touchwiz.apk]<br>
11-21 18:39:08.312  7299  7315 W ResourcesManager: Resource getTopLevelResources for package com.sec.android.daemonappoverlayDirs =[/data/overlays/style/com.cambunch.Pixelize/com.cambunch.Pixelize.daemonapp.apk, /data/overlays/style/com.cambunch.Pixelize/com.cambunch.Pixelize.common.apk, /data/overlays/style/com.cambunch.Pixelize/com.cambunch.Pixelize.touchwiz.apk]<br>
11-21 18:39:08.322  7299  7315 W ResourcesManager: Resource getTopLevelResources for package com.android.chromeoverlayDirs =Null<br>
11-21 18:39:08.322  1494  1513 D RestrictionPolicy: userId: 0, isMicrophoneEnabledAsUser : true<br>
11-21 18:39:08.332  7299  7315 W ResourcesManager: Resource getTopLevelResources for package com.google.android.googlequicksearchboxoverlayDirs =Null<br>
11-21 18:39:08.342  7299  7315 W ResourcesManager: Resource getTopLevelResources for package com.sec.android.app.sbrowseroverlayDirs =Null<br>
11-21 18:39:08.342  7299  7315 W ResourcesManager: Resource getTopLevelResources for package com.microsoft.office.onenoteoverlayDirs =Null<br>
11-21 18:39:08.342  1494  1913 D RestrictionPolicy: userId: 0, isMicrophoneEnabledAsUser : true<br>
11-21 18:39:08.352  7299  7315 W ResourcesManager: Resource getTopLevelResources for package com.sec.android.app.shealthoverlayDirs =Null<br>
11-21 18:39:08.362  1494  2425 D RestrictionPolicy: userId: 0, isMicrophoneEnabledAsUser : true<br>
11-21 18:39:08.362  7299  7315 W ResourcesManager: Resource getTopLevelResources for package com.google.android.musicoverlayDirs =Null<br>
11-21 18:39:08.372  7299  7315 W ResourcesManager: Resource getTopLevelResources for package hko.MyObservatory_v1_0overlayDirs =Null<br>
11-21 18:39:08.382  7299  7315 W ResourcesManager: Resource getTopLevelResources for package org.wikipediaoverlayDirs =Null<br>
11-21 18:39:08.382  1494  1513 D RestrictionPolicy: userId: 0, isMicrophoneEnabledAsUser : true<br>
11-21 18:39:08.392  7299  7315 W ResourcesManager: Resource getTopLevelResources for package com.google.android.apps.plusoverlayDirs =Null<br>
11-21 18:39:08.402  1494  2109 D RestrictionPolicy: userId: 0, isMicrophoneEnabledAsUser : true<br>
11-21 18:39:08.412  7299  7315 W ResourcesManager: Resource getTopLevelResources for package com.sirma.mobile.bible.androidoverlayDirs =Null<br>
11-21 18:39:08.422  7299  7315 W ResourcesManager: Resource getTopLevelResources for package com.google.android.apps.messagingoverlayDirs =Null<br>
11-21 18:39:08.422  1494  2109 D RestrictionPolicy: userId: 0, isMicrophoneEnabledAsUser : true<br>
11-21 18:39:08.432  7299  7315 W ResourcesManager: Resource getTopLevelResources for package com.snapchat.androidoverlayDirs =Null<br>
11-21 18:39:08.442  7299  7315 W ResourcesManager: Resource getTopLevelResources for package com.google.android.apps.booksoverlayDirs =Null<br>
11-21 18:39:08.452  1494  2425 D RestrictionPolicy: userId: 0, isMicrophoneEnabledAsUser : true<br>
11-21 18:39:08.462  1494  2204 D RestrictionPolicy: userId: 0, isMicrophoneEnabledAsUser : true<br>
11-21 18:39:08.482  1494  1876 D RestrictionPolicy: userId: 0, isMicrophoneEnabledAsUser : true<br>
11-21 18:39:08.502  1494  2695 D RestrictionPolicy: userId: 0, isMicrophoneEnabledAsUser : true<br>
11-21 18:39:08.522  1494  1773 D RestrictionPolicy: userId: 0, isMicrophoneEnabledAsUser : true<br>
11-21 18:39:08.542  1494  2694 D RestrictionPolicy: userId: 0, isMicrophoneEnabledAsUser : true<br>
11-21 18:39:08.562  1494  2109 D RestrictionPolicy: userId: 0, isMicrophoneEnabledAsUser : true<br>
11-21 18:39:08.582  1494  1513 D RestrictionPolicy: userId: 0, isMicrophoneEnabledAsUser : true<br>
11-21 18:39:08.602  1494  1512 D RestrictionPolicy: userId: 0, isMicrophoneEnabledAsUser : true<br>
11-21 18:39:08.622  1494  2710 D RestrictionPolicy: userId: 0, isMicrophoneEnabledAsUser : true<br>
11-21 18:39:08.642  1494  2693 D RestrictionPolicy: userId: 0, isMicrophoneEnabledAsUser : true<br>
11-21 18:39:08.662  1494  1913 D RestrictionPolicy: userId: 0, isMicrophoneEnabledAsUser : true<br>
11-21 18:39:08.672  1494  1736 D InputReader: Input event(4): value=0 when=9683414644000<br>
11-21 18:39:08.672  1494  1736 D InputReader: Input event(4): value=0 when=9683414644000<br>
11-21 18:39:08.672  1494  1736 I InputReader: Touch event's action is 0x1 (deviceType=0) [pCnt=1, s=] when=9683414644000<br>
11-21 18:39:08.672  1494  1735 I InputDispatcher: Delivering touch to (7299): action: 0x1, toolType: 1<br>
11-21 18:39:08.672  1494  1735 I InputDispatcher: Delivering touch to (2565): action: 0x1, toolType: 1<br>
11-21 18:39:08.672  7299  7299 D ViewRootImpl: ViewPostImeInputStage processPointer 1<br>
11-21 18:39:08.682  1494  2106 D RestrictionPolicy: userId: 0, isMicrophoneEnabledAsUser : true<br>
11-21 18:39:08.702  1494  2415 D RestrictionPolicy: userId: 0, isMicrophoneEnabledAsUser : true<br>
11-21 18:39:08.722  1494  2708 D RestrictionPolicy: userId: 0, isMicrophoneEnabledAsUser : true<br>
11-21 18:39:08.742  1494  1773 D RestrictionPolicy: userId: 0, isMicrophoneEnabledAsUser : true<br>
11-21 18:39:08.762  1494  2694 D RestrictionPolicy: userId: 0, isMicrophoneEnabledAsUser : true<br>
11-21 18:39:08.782  1494  2109 D RestrictionPolicy: userId: 0, isMicrophoneEnabledAsUser : true<br>
11-21 18:39:08.802  1494  1513 D RestrictionPolicy: userId: 0, isMicrophoneEnabledAsUser : true<br>
11-21 18:39:08.822  1494  1512 D RestrictionPolicy: userId: 0, isMicrophoneEnabledAsUser : true<br>
11-21 18:39:08.842  1494  2710 D RestrictionPolicy: userId: 0, isMicrophoneEnabledAsUser : true<br>
11-21 18:39:08.862  1494  2693 D RestrictionPolicy: userId: 0, isMicrophoneEnabledAsUser : true<br>
11-21 18:39:08.882  1494  1913 D RestrictionPolicy: userId: 0, isMicrophoneEnabledAsUser : true<br>
11-21 18:39:08.902  1494  2203 D RestrictionPolicy: userId: 0, isMicrophoneEnabledAsUser : true<br>
11-21 18:39:08.922  1494  2425 D RestrictionPolicy: userId: 0, isMicrophoneEnabledAsUser : true<br>
11-21 18:39:08.942  1494  2106 D RestrictionPolicy: userId: 0, isMicrophoneEnabledAsUser : true<br>
11-21 18:39:08.962  1494  2415 D RestrictionPolicy: userId: 0, isMicrophoneEnabledAsUser : true<br>
11-21 18:39:08.982  1494  2204 D RestrictionPolicy: userId: 0, isMicrophoneEnabledAsUser : true<br>
11-21 18:39:08.992  1494  1736 D InputReader: Input event(4): value=1 when=9683730909000<br>
11-21 18:39:08.992  1494  1736 D InputReader: Input event(4): value=1 when=9683730909000<br>
11-21 18:39:08.992  1494  1736 I InputReader: Touch event's action is 0x0 (deviceType=0) [pCnt=1, s=0.1134 ] when=9683730909000<br>
11-21 18:39:08.992  1494  1736 D InputReader: lastThreadEndTime = 9683414862867, currentThreadStartTime = 9683414865887, diff = 0<br>
11-21 18:39:08.992  1494  1735 I InputDispatcher: Delivering touch to (1998): action: 0x4, toolType: 1<br>
11-21 18:39:08.992  1494  1735 I InputDispatcher: Delivering touch to (3541): action: 0x4, toolType: 1<br>
11-21 18:39:08.992  1494  1735 I InputDispatcher: Delivering touch to (7299): action: 0x0, toolType: 1<br>
11-21 18:39:08.992  1494  1735 I InputDispatcher: Delivering touch to (2565): action: 0x0, toolType: 1<br>
11-21 18:39:08.992  7299  7299 D ViewRootImpl: ViewPostImeInputStage processPointer 0<br>
11-21 18:39:09.002  1494  2695 D RestrictionPolicy: userId: 0, isMicrophoneEnabledAsUser : true<br>
11-21 18:39:09.022   745   745 I MSM-irqbalance: Decided to move IRQ5 from CPU0 [P:0] to CPU6 [P:1] (banned)<br>
11-21 18:39:09.022   745   745 I MSM-irqbalance: Decided to move IRQ3 from CPU0 [P:0] to CPU4 [P:1] (banned)<br>
11-21 18:39:09.022   745   745 I MSM-irqbalance: Decided to move IRQ3 from CPU2 [P:0] to CPU7 [P:1] (banned)<br>
11-21 18:39:09.022   745   745 I MSM-irqbalance: Decided to move IRQ5 from CPU2 [P:0] to CPU5 [P:1] (banned)<br>
11-21 18:39:09.022   745   745 I MSM-irqbalance: Decided to move IRQ5 from CPU1 [P:0] to CPU6 [P:1] (banned)<br>
11-21 18:39:09.022   745   745 I MSM-irqbalance: Decided to move IRQ3 from CPU1 [P:0] to CPU4 [P:1] (banned)<br>
11-21 18:39:09.022   745   745 I MSM-irqbalance: Decided to move IRQ5 from CPU3 [P:0] to CPU7 [P:1] (banned)<br>
11-21 18:39:09.022   745   745 I MSM-irqbalance: Decided to move IRQ3 from CPU3 [P:0] to CPU5 [P:1] (banned)<br>
11-21 18:39:09.022  1494  2694 D RestrictionPolicy: userId: 0, isMicrophoneEnabledAsUser : true<br>
11-21 18:39:09.042  1494  2109 D RestrictionPolicy: userId: 0, isMicrophoneEnabledAsUser : true<br>
11-21 18:39:09.062  1494  1513 D RestrictionPolicy: userId: 0, isMicrophoneEnabledAsUser : true<br>
11-21 18:39:09.072  1494  1736 D InputReader: Input event(4): value=0 when=9683813150000<br>
11-21 18:39:09.072  1494  1736 D InputReader: Input event(4): value=0 when=9683813150000<br>
11-21 18:39:09.072  1494  1736 I InputReader: Touch event's action is 0x1 (deviceType=0) [pCnt=1, s=] when=9683813150000<br>
11-21 18:39:09.072  1494  1735 I InputDispatcher: Delivering touch to (7299): action: 0x1, toolType: 1<br>
11-21 18:39:09.072  1494  1735 I InputDispatcher: Delivering touch to (2565): action: 0x1, toolType: 1<br>
11-21 18:39:09.072  7299  7299 D ViewRootImpl: ViewPostImeInputStage processPointer 1<br>
11-21 18:39:09.082  1494  1512 D RestrictionPolicy: userId: 0, isMicrophoneEnabledAsUser : true<br>
11-21 18:39:09.102  1494  2693 D RestrictionPolicy: userId: 0, isMicrophoneEnabledAsUser : true<br>
11-21 18:39:09.122  1494  2204 D RestrictionPolicy: userId: 0, isMicrophoneEnabledAsUser : true<br>
11-21 18:39:09.142  1494  1876 D RestrictionPolicy: userId: 0, isMicrophoneEnabledAsUser : true<br>
11-21 18:39:09.162  1494  2708 D RestrictionPolicy: userId: 0, isMicrophoneEnabledAsUser : true<br>
11-21 18:39:09.182  1494  2695 D RestrictionPolicy: userId: 0, isMicrophoneEnabledAsUser : true<br>
11-21 18:39:09.202  1494  2694 D RestrictionPolicy: userId: 0, isMicrophoneEnabledAsUser : true<br>
11-21 18:39:09.222  1494  2109 D RestrictionPolicy: userId: 0, isMicrophoneEnabledAsUser : true<br>
11-21 18:39:09.242  1494  1513 D RestrictionPolicy: userId: 0, isMicrophoneEnabledAsUser : true<br>
11-21 18:39:09.262  1494  1512 D RestrictionPolicy: userId: 0, isMicrophoneEnabledAsUser : true<br>
11-21 18:39:09.282  1494  2710 D RestrictionPolicy: userId: 0, isMicrophoneEnabledAsUser : true<br>
11-21 18:39:09.302  1494  2693 D RestrictionPolicy: userId: 0, isMicrophoneEnabledAsUser : true<br>
11-21 18:39:09.322  1494  1913 D RestrictionPolicy: userId: 0, isMicrophoneEnabledAsUser : true<br>
11-21 18:39:09.342  1494  2203 D RestrictionPolicy: userId: 0, isMicrophoneEnabledAsUser : true<br>
11-21 18:39:09.362  1494  2425 D RestrictionPolicy: userId: 0, isMicrophoneEnabledAsUser : true<br>
11-21 18:39:09.382  1494  2106 D RestrictionPolicy: userId: 0, isMicrophoneEnabledAsUser : true<br>
11-21 18:39:09.402  1494  2415 D RestrictionPolicy: userId: 0, isMicrophoneEnabledAsUser : true<br>
11-21 18:39:09.422  1494  2204 D RestrictionPolicy: userId: 0, isMicrophoneEnabledAsUser : true<br>
11-21 18:39:09.442  1494  1876 D RestrictionPolicy: userId: 0, isMicrophoneEnabledAsUser : true<br>
11-21 18:39:09.462  1494  2708 D RestrictionPolicy: userId: 0, isMicrophoneEnabledAsUser : true<br>
11-21 18:39:09.482  1494  2695 D RestrictionPolicy: userId: 0, isMicrophoneEnabledAsUser : true<br>
11-21 18:39:09.502  1494  1773 D RestrictionPolicy: userId: 0, isMicrophoneEnabledAsUser : true<br>
11-21 18:39:09.522  1494  2694 D RestrictionPolicy: userId: 0, isMicrophoneEnabledAsUser : true<br>
11-21 18:39:09.542  1494  2109 D RestrictionPolicy: userId: 0, isMicrophoneEnabledAsUser : true<br>
11-21 18:39:09.562  1494  1513 D RestrictionPolicy: userId: 0, isMicrophoneEnabledAsUser : true<br>
11-21 18:39:09.582  1494  1512 D RestrictionPolicy: userId: 0, isMicrophoneEnabledAsUser : true<br>
11-21 18:39:09.592 14119 14402 D com.facebook.appevents.AppEventsLogger: Got unexpected exception: java.io.WriteAbortedException: Read an exception; java.io.NotSerializableException: org.json.JSONObject</p>
      </td>