https://github.com/microg/android_packages_apps_GmsCore/issues/450<td class="d-block comment-body markdown-body  js-comment-body">

          <p>Here's the relevant part of <code>adb logcat</code> output:</p>
<pre><code>I/ActivityManager( 1825): START {act=android.intent.action.MAIN cat=[android.intent.category.LAUNCHER] flg=0x10200000 cmp=ir.alobargroup.app.customer/.Splash bnds=[240,408][240,408]} from pid 10831
D/SurfaceFlinger( 1439): screenshot: sw=180, sh=320, minZ=0, maxZ=21010
I/libblt_hw( 1439): Library opened (handle = 1, fd = 30)
D/OpenGLRenderer(10831): Flushing caches (mode 1)
D/OpenGLRenderer(10831): Flushing caches (mode 0)
W/ActivityManager( 1825): Unable to start service Intent { act=com.google.android.gms.measurement.START pkg=com.google.android.gms }: not found
E/GmsClient(11117): unable to connect to service: com.google.android.gms.measurement.START on com.google.android.gms
W/ActivityManager( 1825): Unbind failed: could not find connection for android.os.BinderProxy@41dba018
I/libblt_hw( 1439): Library opened (handle = 3, fd = 27)
I/libblt_hw( 1439): Library closed (handle = 5, fd = 34)
W/FA      (11117): Service connection failed: ConnectionResult{statusCode=API_UNAVAILABLE, resolution=null, message=null}
W/InputManagerService( 1825): Starting input on non-focused client com.android.internal.view.IInputMethodClient$Stub$Proxy@41538328 (uid=10188 pid=10831)
I/ActivityManager( 1825): Displayed ir.alobargroup.app.customer/.Splash: +246ms
I/libblt_hw( 1439): Library closed (handle = 1, fd = 30)
I/libblt_hw( 1439): Library opened (handle = 1, fd = 30)
W/System.err(10404): java.net.UnknownHostException: Unable to resolve host "gw.ivona.com": No address associated with hostname
W/System.err(10404): 	at java.net.InetAddress.lookupHostByName(InetAddress.java:426)
W/System.err(10404): 	at java.net.InetAddress.getAllByNameImpl(InetAddress.java:242)
W/System.err(10404): 	at java.net.InetAddress.getAllByName(InetAddress.java:220)
W/System.err(10404): 	at org.apache.http.impl.conn.DefaultClientConnectionOperator.openConnection(DefaultClientConnectionOperator.java:143)
W/System.err(10404): 	at org.apache.http.impl.conn.AbstractPoolEntry.open(AbstractPoolEntry.java:164)
W/System.err(10404): 	at org.apache.http.impl.conn.AbstractPooledConnAdapter.open(AbstractPooledConnAdapter.java:119)
W/System.err(10404): 	at org.apache.http.impl.client.DefaultRequestDirector.execute(DefaultRequestDirector.java:360)
W/System.err(10404): 	at org.apache.http.impl.client.AbstractHttpClient.execute(AbstractHttpClient.java:580)
W/System.err(10404): 	at org.apache.http.impl.client.AbstractHttpClient.execute(AbstractHttpClient.java:512)
W/System.err(10404): 	at org.apache.http.impl.client.AbstractHttpClient.execute(AbstractHttpClient.java:490)
W/System.err(10404): 	at com.ivona.ttslib.e.b(IvonaBackendThread.java:155)
W/System.err(10404): 	at com.ivona.ttslib.e.run(IvonaBackendThread.java:194)
W/System.err(10404): Caused by: libcore.io.GaiException: getaddrinfo failed: EAI_NODATA (No address associated with hostname)
W/System.err(10404): 	at libcore.io.Posix.getaddrinfo(Native Method)
W/System.err(10404): 	at libcore.io.ForwardingOs.getaddrinfo(ForwardingOs.java:55)
W/System.err(10404): 	at java.net.InetAddress.lookupHostByName(InetAddress.java:411)
W/System.err(10404): 	... 11 more
W/ActivityManager( 1825): Launch timeout has expired, giving up wake lock!
W/ActivityManager( 1825): Activity idle timeout for ActivityRecord{41e14318 ir.alobargroup.app.customer/.Splash}
D/OpenGLRenderer(10831): Flushing caches (mode 1)
D/dalvikvm(10870): GC_EXPLICIT freed 2K, 10% free 9150K/10079K, paused 8ms+4ms
D/SurfaceFlinger( 1439): screenshot: sw=180, sh=320, minZ=0, maxZ=21020
W/ActivityManager( 1825): Unable to start service Intent { act=com.google.android.gms.measurement.START pkg=com.google.android.gms }: not found
E/GmsClient(11117): unable to connect to service: com.google.android.gms.measurement.START on com.google.android.gms
W/ActivityManager( 1825): Unbind failed: could not find connection for android.os.BinderProxy@415810f0
W/FA      (11117): Service connection failed: ConnectionResult{statusCode=API_UNAVAILABLE, resolution=null, message=null}
I/libblt_hw( 1439): Library opened (handle = 5, fd = 35)
W/ActivityManager( 1825): Unable to start service Intent { act=com.google.android.gms.measurement.START pkg=com.google.android.gms }: not found
E/GmsClient(11117): unable to connect to service: com.google.android.gms.measurement.START on com.google.android.gms
W/ActivityManager( 1825): Unbind failed: could not find connection for android.os.BinderProxy@41efd418
W/FA      (11117): Service connection failed: ConnectionResult{statusCode=API_UNAVAILABLE, resolution=null, message=null}
D/OpenGLRenderer(11117): Flushing caches (mode 1)
I/libblt_hw( 1439): Library closed (handle = 3, fd = 27)
I/libblt_hw( 1439): Library closed (handle = 1, fd = 30)
</code></pre>
      </td>